******************************************************************************
                  TI ARM Linker PC v18.1.4                     
******************************************************************************
>> Linked Tue Jun 11 19:32:33 2019

OUTPUT FILE NAME:   <mainController.out>
ENTRY POINT SYMBOL: "_c_int00_noargs"  address: 000038c5


MEMORY CONFIGURATION

         name            origin    length      used     unused   attr    fill
----------------------  --------  ---------  --------  --------  ----  --------
  FLASH                 00000000   00040000  00004116  0003beea  R  X
  SRAM                  20000000   00008000  00006370  00001c90  RW X


SEGMENT ALLOCATION MAP

run origin  load origin   length   init length attrs members
----------  ----------- ---------- ----------- ----- -------
00000000    00000000    00004118   00004118    r-x
  00000000    00000000    0000026c   0000026c    r-- .intvecs
  0000026c    0000026c    00003a2a   00003a2a    r-x .text
  00003c98    00003c98    00000438   00000438    r-- .const
  000040d0    000040d0    00000048   00000048    r-- .cinit
20000000    20000000    00006370   00000000    rw-
  20000000    20000000    0000026c   00000000    rw- .vtable
  2000026c    2000026c    00005edc   00000000    rw- .bss
  20006148    20006148    00000200   00000000    rw- .stack
  20006348    20006348    00000028   00000000    rw- .data


SECTION ALLOCATION MAP

 output                                  attributes/
section   page    origin      length       input sections
--------  ----  ----------  ----------   ----------------
.intvecs   0    00000000    0000026c     
                  00000000    0000026c     tm4c1231h6pm_startup_ccs.obj (.intvecs)

.text      0    0000026c    00003a2a     
                  0000026c    00000af0     rtsv7M4_T_le_v4SPD16_eabi.lib : _scanfi.c.obj (.text:__TI_scanfi)
                  00000d5c    000009b8     main.obj (.text)
                  00001714    0000049c     uartstdio.obj (.text)
                  00001bb0    00000460     rtsv7M4_T_le_v4SPD16_eabi.lib : strtod.c.obj (.text:strtod)
                  00002010    000001dc                                   : strtoll.c.obj (.text:strtoll)
                  000021ec    000001b6                                   : fd_add_t2.asm.obj (.text)
                  000023a2    00000002                                   : div0.asm.obj (.text)
                  000023a4    0000015c                                   : strtoull.c.obj (.text:strtoull)
                  00002500    00000136     driverlib.lib : can.obj (.text:CANMessageSet)
                  00002636    00000136     rtsv7M4_T_le_v4SPD16_eabi.lib : fd_div_t2.asm.obj (.text)
                  0000276c    00000132     driverlib.lib : gpio.obj (.text:GPIOPadConfigSet)
                  0000289e    00000002     --HOLE-- [fill = 0]
                  000028a0    00000130     rtsv7M4_T_le_v4SPD16_eabi.lib : strtol.c.obj (.text:strtol)
                  000029d0    00000110     driverlib.lib : sysctl.obj (.text:SysCtlClockGet)
                  00002ae0    00000110     rtsv7M4_T_le_v4SPD16_eabi.lib : s_scalbn.c.obj (.text:scalbn)
                  00002bf0    00000110                                   : strtoul.c.obj (.text:strtoul)
                  00002d00    0000010e     driverlib.lib : can.obj (.text:CANMessageGet)
                  00002e0e    000000fc     rtsv7M4_T_le_v4SPD16_eabi.lib : fd_mul_t2.asm.obj (.text)
                  00002f0a    00000002     --HOLE-- [fill = 0]
                  00002f0c    000000f4     driverlib.lib : sysctl.obj (.text:SysCtlClockSet)
                  00003000    000000c8     TBCUART.obj (.text)
                  000030c8    0000009c     rtsv7M4_T_le_v4SPD16_eabi.lib : memcpy_t2.asm.obj (.text)
                  00003164    00000096                                   : ull_div_t2.asm.obj (.text)
                  000031fa    00000086                                   : fd_cmp_t2.asm.obj (.text:__aeabi_cdcmple)
                  00003280    0000007a                                   : memset_t2.asm.obj (.text)
                  000032fa    0000006e                                   : fd_tos_t2.asm.obj (.text)
                  00003368    0000006c     driverlib.lib : can.obj (.text:CANBitRateSet)
                  000033d4    00000068                   : interrupt.obj (.text:IntEnable)
                  0000343c    00000068     rtsv7M4_T_le_v4SPD16_eabi.lib : sscanf.c.obj (.text:_chkmbc)
                  000034a4    00000068                                   : copy_decompress_lzss.c.obj (.text:decompress:lzss:__TI_decompress_lzss)
                  0000350c    00000064     TBCMainController.obj (.text)
                  00003570    00000060     driverlib.lib : timer.obj (.text:TimerConfigure)
                  000035d0    0000005c                   : can.obj (.text:_CANIntNumberGet)
                  0000362c    0000004c                   : timer.obj (.text:_TimerIntNumberGet)
                  00003678    0000004c     rtsv7M4_T_le_v4SPD16_eabi.lib : atoi.c.obj (.text:atoi)
                  000036c4    00000048     driverlib.lib : gpio.obj (.text:GPIOPinConfigure)
                  0000370c    00000046                   : uart.obj (.text:UARTConfigSetExpClk)
                  00003752    00000002     --HOLE-- [fill = 0]
                  00003754    00000044     rtsv7M4_T_le_v4SPD16_eabi.lib : autoinit.c.obj (.text:__TI_auto_init_nobinit_nopinit:__TI_auto_init_nobinit_nopinit)
                  00003798    00000040     driverlib.lib : can.obj (.text:CANStatusGet)
                  000037d8    00000040     rtsv7M4_T_le_v4SPD16_eabi.lib : u_divt2.asm.obj (.text)
                  00003818    0000003a     driverlib.lib : can.obj (.text:CANInit)
                  00003852    00000002     --HOLE-- [fill = 0]
                  00003854    00000038                   : sysctl.obj (.text:SysCtlPeripheralPresent)
                  0000388c    00000038                   : sysctl.obj (.text:SysCtlPeripheralReady)
                  000038c4    00000038     rtsv7M4_T_le_v4SPD16_eabi.lib : boot_cortex_m.c.obj (.text:_c_int00_noargs:_c_int00_noargs)
                  000038fc    00000038                                   : sscanf.c.obj (.text:sscanf)
                  00003934    00000034     driverlib.lib : interrupt.obj (.text:IntRegister)
                  00003968    00000034                   : sysctl.obj (.text:SysCtlPeripheralEnable)
                  0000399c    0000002a                   : gpio.obj (.text:GPIODirModeSet)
                  000039c6    0000002a                   : can.obj (.text:_CANDataRegRead)
                  000039f0    00000024                   : can.obj (.text:_CANDataRegWrite)
                  00003a14    00000022                   : can.obj (.text:CANIntClear)
                  00003a36    00000020                   : can.obj (.text:CANIntStatus)
                  00003a56    00000002     --HOLE-- [fill = 0]
                  00003a58    00000020                   : uart.obj (.text:UARTDisable)
                  00003a78    00000018                   : can.obj (.text:CANIntRegister)
                  00003a90    00000018                   : gpio.obj (.text:GPIOPinTypeGPIOOutput)
                  00003aa8    00000018                   : timer.obj (.text:TimerIntRegister)
                  00003ac0    00000018     rtsv7M4_T_le_v4SPD16_eabi.lib : ll_mul_t2.asm.obj (.text)
                  00003ad8    00000018                                   : strrchr.c.obj (.text:strrchr)
                  00003af0    00000016                                   : strchr.c.obj (.text:strchr)
                  00003b06    00000014     driverlib.lib : uart.obj (.text:UARTEnable)
                  00003b1a    00000014     rtsv7M4_T_le_v4SPD16_eabi.lib : s_copysign.c.obj (.text:copysign)
                  00003b2e    00000014                                   : strcpy.c.obj (.text:strcpy)
                  00003b42    00000014                                   : strlen.c.obj (.text:strlen)
                  00003b56    00000012     driverlib.lib : gpio.obj (.text:GPIOPinTypeCAN)
                  00003b68    00000012                   : gpio.obj (.text:GPIOPinTypeUART)
                  00003b7a    00000012                   : timer.obj (.text:TimerLoadSet)
                  00003b8c    00000012                   : timer.obj (.text:TimerPrescaleSet)
                  00003b9e    00000012     rtsv7M4_T_le_v4SPD16_eabi.lib : sscanf.c.obj (.text:_inpchar)
                  00003bb0    00000010     driverlib.lib : interrupt.obj (.text:IntMasterDisable)
                  00003bc0    00000010                   : interrupt.obj (.text:IntMasterEnable)
                  00003bd0    0000000e                   : timer.obj (.text:TimerEnable)
                  00003bde    0000000e                   : uart.obj (.text:UARTCharGetNonBlocking)
                  00003bec    0000000e                   : uart.obj (.text:UARTCharsAvail)
                  00003bfa    0000000e     rtsv7M4_T_le_v4SPD16_eabi.lib : copy_decompress_none.c.obj (.text:decompress:none:__TI_decompress_none)
                  00003c08    0000000c     driverlib.lib : cpu.obj (.text:CPUcpsid)
                  00003c14    0000000c                   : cpu.obj (.text:CPUcpsie)
                  00003c20    0000000c     rtsv7M4_T_le_v4SPD16_eabi.lib : copy_zero_init.c.obj (.text:decompress:ZI:__TI_zero_init)
                  00003c2c    0000000c     tm4c1231h6pm_startup_ccs.obj (.text)
                  00003c38    0000000a     driverlib.lib : can.obj (.text:CANEnable)
                  00003c42    0000000a                   : uart.obj (.text:UARTCharGet)
                  00003c4c    0000000a                   : uart.obj (.text:UARTCharPut)
                  00003c56    00000008                   : can.obj (.text:CANIntEnable)
                  00003c5e    00000008                   : timer.obj (.text:TimerIntEnable)
                  00003c66    00000002     --HOLE-- [fill = 0]
                  00003c68    00000008     rtsv7M4_T_le_v4SPD16_eabi.lib : errno.c.obj (.text:__aeabi_errno_addr)
                  00003c70    00000008                                   : sscanf.c.obj (.text:_uninpchar)
                  00003c78    00000006     driverlib.lib : gpio.obj (.text:GPIOPinWrite)
                  00003c7e    00000006                   : sysctl.obj (.text:SysCtlDelay)
                  00003c84    00000006                   : uart.obj (.text:UARTClockSourceSet)
                  00003c8a    00000004                   : timer.obj (.text:TimerIntClear)
                  00003c8e    00000004     rtsv7M4_T_le_v4SPD16_eabi.lib : pre_init.c.obj (.text:_system_pre_init)
                  00003c92    00000004                                   : exit.c.obj (.text:abort:abort)

.const     0    00003c98    00000438     
                  00003c98    00000101     rtsv7M4_T_le_v4SPD16_eabi.lib : ctype.c.obj (.const:.string:_ctypes_)
                  00003d99    00000003     --HOLE-- [fill = 0]
                  00003d9c    00000004     uartstdio.obj (.const)
                  00003da0    000000c8     rtsv7M4_T_le_v4SPD16_eabi.lib : strtod.c.obj (.const:$O1$$)
                  00003e68    00000090     driverlib.lib : gpio.obj (.const:g_pui32GPIOBaseAddrs)
                  00003ef8    00000070                   : interrupt.obj (.const)
                  00003f68    0000006c                   : sysctl.obj (.const:g_pui32Xtals)
                  00003fd4    00000060                   : timer.obj (.const:g_ppui32TimerIntMap)
                  00004034    00000040                   : timer.obj (.const:g_ppui32TimerIntMapSnowflake)
                  00004074    00000020                   : can.obj (.const)
                  00004094    00000012     uartstdio.obj (.const:.string)
                  000040a6    00000002     --HOLE-- [fill = 0]
                  000040a8    00000010     rtsv7M4_T_le_v4SPD16_eabi.lib : _scanfi.c.obj (.const:$O1$$)
                  000040b8    0000000c     uartstdio.obj (.const:g_ui32UARTBase)
                  000040c4    0000000c     uartstdio.obj (.const:g_ui32UARTPeriph)

.cinit     0    000040d0    00000048     
                  000040d0    0000000e     (.cinit..data.load) [load image, compression = lzss]
                  000040de    00000002     --HOLE-- [fill = 0]
                  000040e0    0000000c     (__TI_handler_table)
                  000040ec    00000004     --HOLE-- [fill = 0]
                  000040f0    00000008     (.cinit..bss.load) [load image, compression = zero_init]
                  000040f8    00000008     (.cinit..vtable.load) [load image, compression = zero_init]
                  00004100    00000018     (__TI_cinit_table)

.init_array 
*          0    00000000    00000000     UNINITIALIZED

.vtable    0    20000000    0000026c     UNINITIALIZED
                  20000000    0000026c     driverlib.lib : interrupt.obj (.vtable)

.bss       0    2000026c    00005edc     UNINITIALIZED
                  2000026c    00005dc0     (.common:pos_vel_data)
                  2000602c    000000c8     (.common:buffer)
                  200060f4    00000014     (.common:sCANMessage1)
                  20006108    00000014     (.common:sCANMessage2)
                  2000611c    00000014     (.common:sCANMessage3)
                  20006130    00000008     (.common:pui8Msg2Data)
                  20006138    00000004     (.common:pui8Msg1Data)
                  2000613c    00000004     (.common:pui8Msg3Data)
                  20006140    00000004     (.common:ui32Msg1Data)
                  20006144    00000004     (.common:ui32Msg3Data)

.data      0    20006348    00000028     UNINITIALIZED
                  20006348    0000001c     main.obj (.data)
                  20006364    00000005     uartstdio.obj (.data)
                  20006369    00000003     --HOLE--
                  2000636c    00000004     rtsv7M4_T_le_v4SPD16_eabi.lib : errno.c.obj (.data)

.stack     0    20006148    00000200     UNINITIALIZED
                  20006148    00000004     rtsv7M4_T_le_v4SPD16_eabi.lib : boot_cortex_m.c.obj (.stack)
                  2000614c    000001fc     --HOLE--

MODULE SUMMARY

       Module                         code    ro data   rw data
       ------                         ----    -------   -------
    .\
       main.obj                       2488    0         24312  
       uartstdio.obj                  1180    46        5      
       tm4c1231h6pm_startup_ccs.obj   12      620       0      
       TBCUART.obj                    200     0         0      
       TBCMainController.obj          100     0         0      
    +--+------------------------------+-------+---------+---------+
       Total:                         3980    666       24317  
                                                               
    C:/ti/tivaware_c_series_2_1_4_178/driverlib/ccs/Debug/driverlib.lib
       can.obj                        1088    32        0      
       interrupt.obj                  188     112       620    
       sysctl.obj                     686     108       0      
       gpio.obj                       486     144       0      
       timer.obj                      258     160       0      
       uart.obj                       176     0         0      
       cpu.obj                        24      0         0      
    +--+------------------------------+-------+---------+---------+
       Total:                         2906    556       620    
                                                               
    C:\ti\ccsv8\tools\compiler\ti-cgt-arm_18.1.4.LTS\lib\rtsv7M4_T_le_v4SPD16_eabi.lib
       _scanfi.c.obj                  2800    16        0      
       strtod.c.obj                   1120    200       0      
       strtoll.c.obj                  476     0         0      
       fd_add_t2.asm.obj              438     0         0      
       strtoull.c.obj                 348     0         0      
       fd_div_t2.asm.obj              310     0         0      
       strtol.c.obj                   304     0         0      
       s_scalbn.c.obj                 272     0         0      
       strtoul.c.obj                  272     0         0      
       ctype.c.obj                    0       257       0      
       fd_mul_t2.asm.obj              252     0         0      
       sscanf.c.obj                   186     0         0      
       memcpy_t2.asm.obj              156     0         0      
       ull_div_t2.asm.obj             150     0         0      
       fd_cmp_t2.asm.obj              134     0         0      
       memset_t2.asm.obj              122     0         0      
       fd_tos_t2.asm.obj              110     0         0      
       copy_decompress_lzss.c.obj     104     0         0      
       atoi.c.obj                     76      0         0      
       autoinit.c.obj                 68      0         0      
       u_divt2.asm.obj                64      0         0      
       boot_cortex_m.c.obj            56      0         0      
       ll_mul_t2.asm.obj              24      0         0      
       strrchr.c.obj                  24      0         0      
       strchr.c.obj                   22      0         0      
       s_copysign.c.obj               20      0         0      
       strcpy.c.obj                   20      0         0      
       strlen.c.obj                   20      0         0      
       copy_decompress_none.c.obj     14      0         0      
       copy_zero_init.c.obj           12      0         0      
       errno.c.obj                    8       0         4      
       exit.c.obj                     4       0         0      
       pre_init.c.obj                 4       0         0      
       div0.asm.obj                   2       0         0      
    +--+------------------------------+-------+---------+---------+
       Total:                         7992    473       4      
                                                               
       Stack:                         0       0         512    
       Linker Generated:              0       66        0      
    +--+------------------------------+-------+---------+---------+
       Grand Total:                   14878   1761      25453  


LINKER GENERATED COPY TABLES

__TI_cinit_table @ 00004100 records: 3, size/record: 8, table size: 24
	.data: load addr=000040d0, load size=0000000e bytes, run addr=20006348, run size=00000028 bytes, compression=lzss
	.bss: load addr=000040f0, load size=00000008 bytes, run addr=2000026c, run size=00005edc bytes, compression=zero_init
	.vtable: load addr=000040f8, load size=00000008 bytes, run addr=20000000, run size=0000026c bytes, compression=zero_init


LINKER GENERATED HANDLER TABLE

__TI_handler_table @ 000040e0 records: 3, size/record: 4, table size: 12
	index: 0, handler: __TI_zero_init
	index: 1, handler: __TI_decompress_lzss
	index: 2, handler: __TI_decompress_none


GLOBAL SYMBOLS: SORTED ALPHABETICALLY BY Name 

address   name                          
-------   ----                          
00003c93  C$$EXIT                       
00003369  CANBitRateSet                 
00003c39  CANEnable                     
00003819  CANInit                       
00003a15  CANIntClear                   
00003c57  CANIntEnable                  
00000d5d  CANIntHandler                 
00003a79  CANIntRegister                
00003a37  CANIntStatus                  
00002d01  CANMessageGet                 
00002501  CANMessageSet                 
00003799  CANStatusGet                  
00003c09  CPUcpsid                      
00003c15  CPUcpsie                      
0000399d  GPIODirModeSet                
0000276d  GPIOPadConfigSet              
000036c5  GPIOPinConfigure              
00003b57  GPIOPinTypeCAN                
00003a91  GPIOPinTypeGPIOOutput         
00003b69  GPIOPinTypeUART               
00003c79  GPIOPinWrite                  
000033d5  IntEnable                     
00003bb1  IntMasterDisable              
00003bc1  IntMasterEnable               
00003935  IntRegister                   
20006348  M_RXFlag                      
00001631  MotorUpdateHandler            
0000168d  ReadFTData                    
00003c2d  ResetISR                      
000029d1  SysCtlClockGet                
00002f0d  SysCtlClockSet                
00003c7f  SysCtlDelay                   
00003969  SysCtlPeripheralEnable        
00003855  SysCtlPeripheralPresent       
0000388d  SysCtlPeripheralReady         
00003543  TBC_LimitSwitchIntHandler     
00003039  TBC_ReadUART                  
00003519  TBC_initDebug                 
00003541  TBC_initLimitSwitch           
0000350d  TBC_initMainBoard             
0000353f  TBC_initSPI                   
00001039  TBC_initTimers                
00003001  TBC_initUART1                 
00003545  TBC_setDebug                  
00003571  TimerConfigure                
00003bd1  TimerEnable                   
00003c8b  TimerIntClear                 
00003c5f  TimerIntEnable                
00003aa9  TimerIntRegister              
00003b7b  TimerLoadSet                  
00003b8d  TimerPrescaleSet              
00003c43  UARTCharGet                   
00003bdf  UARTCharGetNonBlocking        
00003c4d  UARTCharPut                   
00003bed  UARTCharsAvail                
00003c85  UARTClockSourceSet            
0000370d  UARTConfigSetExpClk           
00003a59  UARTDisable                   
00003b07  UARTEnable                    
00001715  UARTStdioConfig               
0000185b  UARTgetc                      
000017a1  UARTgets                      
00001b7b  UARTprintf                    
00001881  UARTvprintf                   
0000175b  UARTwrite                     
20006348  __STACK_END                   
00000200  __STACK_SIZE                  
20006348  __STACK_TOP                   
00004100  __TI_CINIT_Base               
00004118  __TI_CINIT_Limit              
000040e0  __TI_Handler_Table_Base       
000040ec  __TI_Handler_Table_Limit      
00003755  __TI_auto_init_nobinit_nopinit
000034a5  __TI_decompress_lzss          
00003bfb  __TI_decompress_none          
ffffffff  __TI_pprof_out_hndl           
ffffffff  __TI_prof_data_size           
ffffffff  __TI_prof_data_start          
0000026d  __TI_scanfi                   
00000000  __TI_static_base__            
00003c21  __TI_zero_init                
000031fb  __aeabi_cdcmpeq               
000031fb  __aeabi_cdcmple               
000032fb  __aeabi_d2f                   
000021f7  __aeabi_dadd                  
00002637  __aeabi_ddiv                  
00002e0f  __aeabi_dmul                  
000021ed  __aeabi_dsub                  
00003c69  __aeabi_errno_addr            
000023a3  __aeabi_idiv0                 
000023a3  __aeabi_ldiv0                 
00003ac1  __aeabi_lmul                  
00003281  __aeabi_memclr                
00003281  __aeabi_memclr4               
00003281  __aeabi_memclr8               
000030c9  __aeabi_memcpy                
000030c9  __aeabi_memcpy4               
000030c9  __aeabi_memcpy8               
00003283  __aeabi_memset                
00003283  __aeabi_memset4               
00003283  __aeabi_memset8               
000037d9  __aeabi_uidiv                 
000037d9  __aeabi_uidivmod              
00003165  __aeabi_uldivmod              
ffffffff  __binit__                     
ffffffff  __c_args__                    
UNDEFED   __mpu_init                    
20006148  __stack                       
000038c5  _c_int00_noargs               
00003c98  _ctypes_                      
UNDEFED   _system_post_cinit            
00003c8f  _system_pre_init              
00003c93  abort                         
00003679  atoi                          
ffffffff  binit                         
2000602c  buffer                        
00003b1b  copysign                      
00003b1b  copysignl                     
2000636c  errno                         
20006349  g_bErrFlag                    
20000000  g_pfnRAMVectors               
00000000  g_pfnVectors                  
00000fc5  initCAN                       
00002ae1  ldexp                         
00002ae1  ldexpl                        
20006358  line_count                    
20006350  lines                         
0000111d  loadMoveData                  
00000dcd  main                          
000030c9  memcpy                        
00003289  memset                        
2000635d  move                          
2000026c  pos_vel_data                  
20006138  pui8Msg1Data                  
20006130  pui8Msg2Data                  
2000613c  pui8Msg3Data                  
20006354  rep_count                     
2000634c  reps                          
200060f4  sCANMessage1                  
20006108  sCANMessage2                  
2000611c  sCANMessage3                  
00002ae1  scalbn                        
00002ae1  scalbnl                       
0000144d  sendAllMotorsCommand          
00001261  sendAllMotorsPos              
000038fd  sscanf                        
2000635c  stop_send                     
00003af1  strchr                        
00003b2f  strcpy                        
00003b43  strlen                        
00003ad9  strrchr                       
00001bb1  strtod                        
000028a1  strtol                        
00001bb1  strtold                       
00002011  strtoll                       
00002bf1  strtoul                       
000023a5  strtoull                      
20006140  ui32Msg1Data                  
20006144  ui32Msg3Data                  


GLOBAL SYMBOLS: SORTED BY Symbol Address 

address   name                          
-------   ----                          
00000000  __TI_static_base__            
00000000  g_pfnVectors                  
00000200  __STACK_SIZE                  
0000026d  __TI_scanfi                   
00000d5d  CANIntHandler                 
00000dcd  main                          
00000fc5  initCAN                       
00001039  TBC_initTimers                
0000111d  loadMoveData                  
00001261  sendAllMotorsPos              
0000144d  sendAllMotorsCommand          
00001631  MotorUpdateHandler            
0000168d  ReadFTData                    
00001715  UARTStdioConfig               
0000175b  UARTwrite                     
000017a1  UARTgets                      
0000185b  UARTgetc                      
00001881  UARTvprintf                   
00001b7b  UARTprintf                    
00001bb1  strtod                        
00001bb1  strtold                       
00002011  strtoll                       
000021ed  __aeabi_dsub                  
000021f7  __aeabi_dadd                  
000023a3  __aeabi_idiv0                 
000023a3  __aeabi_ldiv0                 
000023a5  strtoull                      
00002501  CANMessageSet                 
00002637  __aeabi_ddiv                  
0000276d  GPIOPadConfigSet              
000028a1  strtol                        
000029d1  SysCtlClockGet                
00002ae1  ldexp                         
00002ae1  ldexpl                        
00002ae1  scalbn                        
00002ae1  scalbnl                       
00002bf1  strtoul                       
00002d01  CANMessageGet                 
00002e0f  __aeabi_dmul                  
00002f0d  SysCtlClockSet                
00003001  TBC_initUART1                 
00003039  TBC_ReadUART                  
000030c9  __aeabi_memcpy                
000030c9  __aeabi_memcpy4               
000030c9  __aeabi_memcpy8               
000030c9  memcpy                        
00003165  __aeabi_uldivmod              
000031fb  __aeabi_cdcmpeq               
000031fb  __aeabi_cdcmple               
00003281  __aeabi_memclr                
00003281  __aeabi_memclr4               
00003281  __aeabi_memclr8               
00003283  __aeabi_memset                
00003283  __aeabi_memset4               
00003283  __aeabi_memset8               
00003289  memset                        
000032fb  __aeabi_d2f                   
00003369  CANBitRateSet                 
000033d5  IntEnable                     
000034a5  __TI_decompress_lzss          
0000350d  TBC_initMainBoard             
00003519  TBC_initDebug                 
0000353f  TBC_initSPI                   
00003541  TBC_initLimitSwitch           
00003543  TBC_LimitSwitchIntHandler     
00003545  TBC_setDebug                  
00003571  TimerConfigure                
00003679  atoi                          
000036c5  GPIOPinConfigure              
0000370d  UARTConfigSetExpClk           
00003755  __TI_auto_init_nobinit_nopinit
00003799  CANStatusGet                  
000037d9  __aeabi_uidiv                 
000037d9  __aeabi_uidivmod              
00003819  CANInit                       
00003855  SysCtlPeripheralPresent       
0000388d  SysCtlPeripheralReady         
000038c5  _c_int00_noargs               
000038fd  sscanf                        
00003935  IntRegister                   
00003969  SysCtlPeripheralEnable        
0000399d  GPIODirModeSet                
00003a15  CANIntClear                   
00003a37  CANIntStatus                  
00003a59  UARTDisable                   
00003a79  CANIntRegister                
00003a91  GPIOPinTypeGPIOOutput         
00003aa9  TimerIntRegister              
00003ac1  __aeabi_lmul                  
00003ad9  strrchr                       
00003af1  strchr                        
00003b07  UARTEnable                    
00003b1b  copysign                      
00003b1b  copysignl                     
00003b2f  strcpy                        
00003b43  strlen                        
00003b57  GPIOPinTypeCAN                
00003b69  GPIOPinTypeUART               
00003b7b  TimerLoadSet                  
00003b8d  TimerPrescaleSet              
00003bb1  IntMasterDisable              
00003bc1  IntMasterEnable               
00003bd1  TimerEnable                   
00003bdf  UARTCharGetNonBlocking        
00003bed  UARTCharsAvail                
00003bfb  __TI_decompress_none          
00003c09  CPUcpsid                      
00003c15  CPUcpsie                      
00003c21  __TI_zero_init                
00003c2d  ResetISR                      
00003c39  CANEnable                     
00003c43  UARTCharGet                   
00003c4d  UARTCharPut                   
00003c57  CANIntEnable                  
00003c5f  TimerIntEnable                
00003c69  __aeabi_errno_addr            
00003c79  GPIOPinWrite                  
00003c7f  SysCtlDelay                   
00003c85  UARTClockSourceSet            
00003c8b  TimerIntClear                 
00003c8f  _system_pre_init              
00003c93  C$$EXIT                       
00003c93  abort                         
00003c98  _ctypes_                      
000040e0  __TI_Handler_Table_Base       
000040ec  __TI_Handler_Table_Limit      
00004100  __TI_CINIT_Base               
00004118  __TI_CINIT_Limit              
20000000  g_pfnRAMVectors               
2000026c  pos_vel_data                  
2000602c  buffer                        
200060f4  sCANMessage1                  
20006108  sCANMessage2                  
2000611c  sCANMessage3                  
20006130  pui8Msg2Data                  
20006138  pui8Msg1Data                  
2000613c  pui8Msg3Data                  
20006140  ui32Msg1Data                  
20006144  ui32Msg3Data                  
20006148  __stack                       
20006348  M_RXFlag                      
20006348  __STACK_END                   
20006348  __STACK_TOP                   
20006349  g_bErrFlag                    
2000634c  reps                          
20006350  lines                         
20006354  rep_count                     
20006358  line_count                    
2000635c  stop_send                     
2000635d  move                          
2000636c  errno                         
ffffffff  __TI_pprof_out_hndl           
ffffffff  __TI_prof_data_size           
ffffffff  __TI_prof_data_start          
ffffffff  __binit__                     
ffffffff  __c_args__                    
ffffffff  binit                         
UNDEFED   __mpu_init                    
UNDEFED   _system_post_cinit            

[159 symbols]
