<?xml version="1.0" encoding="ISO-8859-1" ?>
<link_info>
   <banner>TI ARM Linker PC v18.1.4.LTS</banner>
   <copyright>Copyright (c) 1996-2018 Texas Instruments Incorporated</copyright>
   <link_time>0x5cf72ed2</link_time>
   <link_errors>0x0</link_errors>
   <output_file>mainControllerTest2.out</output_file>
   <entry_point>
      <name>_c_int00_noargs</name>
      <address>0x364d</address>
   </entry_point>
   <input_file_list>
      <input_file id="fl-2">
         <path>.\</path>
         <kind>object</kind>
         <file>TBCMainController.obj</file>
         <name>TBCMainController.obj</name>
      </input_file>
      <input_file id="fl-3">
         <path>.\</path>
         <kind>object</kind>
         <file>TBCUART.obj</file>
         <name>TBCUART.obj</name>
      </input_file>
      <input_file id="fl-4">
         <path>.\</path>
         <kind>object</kind>
         <file>main.obj</file>
         <name>main.obj</name>
      </input_file>
      <input_file id="fl-5">
         <path>.\</path>
         <kind>object</kind>
         <file>tm4c1231h6pm_startup_ccs.obj</file>
         <name>tm4c1231h6pm_startup_ccs.obj</name>
      </input_file>
      <input_file id="fl-6">
         <path>.\</path>
         <kind>object</kind>
         <file>uartstdio.obj</file>
         <name>uartstdio.obj</name>
      </input_file>
      <input_file id="fl-b">
         <kind>object</kind>
         <file>&lt;internal&gt;</file>
         <name>&lt;internal&gt;</name>
      </input_file>
      <input_file id="fl-c1">
         <path>C:\ti\ccsv8\tools\compiler\ti-cgt-arm_18.1.4.LTS\lib\</path>
         <kind>archive</kind>
         <file>rtsv7M4_T_le_v4SPD16_eabi.lib</file>
         <name>u_divt2.asm.obj</name>
      </input_file>
      <input_file id="fl-c2">
         <path>C:\ti\ccsv8\tools\compiler\ti-cgt-arm_18.1.4.LTS\lib\</path>
         <kind>archive</kind>
         <file>rtsv7M4_T_le_v4SPD16_eabi.lib</file>
         <name>copy_zero_init.c.obj</name>
      </input_file>
      <input_file id="fl-c3">
         <path>C:\ti\ccsv8\tools\compiler\ti-cgt-arm_18.1.4.LTS\lib\</path>
         <kind>archive</kind>
         <file>rtsv7M4_T_le_v4SPD16_eabi.lib</file>
         <name>copy_decompress_none.c.obj</name>
      </input_file>
      <input_file id="fl-c4">
         <path>C:\ti\ccsv8\tools\compiler\ti-cgt-arm_18.1.4.LTS\lib\</path>
         <kind>archive</kind>
         <file>rtsv7M4_T_le_v4SPD16_eabi.lib</file>
         <name>copy_decompress_lzss.c.obj</name>
      </input_file>
      <input_file id="fl-c5">
         <path>C:\ti\ccsv8\tools\compiler\ti-cgt-arm_18.1.4.LTS\lib\</path>
         <kind>archive</kind>
         <file>rtsv7M4_T_le_v4SPD16_eabi.lib</file>
         <name>boot_cortex_m.c.obj</name>
      </input_file>
      <input_file id="fl-c6">
         <path>C:\ti\ccsv8\tools\compiler\ti-cgt-arm_18.1.4.LTS\lib\</path>
         <kind>archive</kind>
         <file>rtsv7M4_T_le_v4SPD16_eabi.lib</file>
         <name>exit.c.obj</name>
      </input_file>
      <input_file id="fl-c7">
         <path>C:\ti\ccsv8\tools\compiler\ti-cgt-arm_18.1.4.LTS\lib\</path>
         <kind>archive</kind>
         <file>rtsv7M4_T_le_v4SPD16_eabi.lib</file>
         <name>_lock.c.obj</name>
      </input_file>
      <input_file id="fl-c8">
         <path>C:\ti\ccsv8\tools\compiler\ti-cgt-arm_18.1.4.LTS\lib\</path>
         <kind>archive</kind>
         <file>rtsv7M4_T_le_v4SPD16_eabi.lib</file>
         <name>args_main.c.obj</name>
      </input_file>
      <input_file id="fl-c9">
         <path>C:\ti\ccsv8\tools\compiler\ti-cgt-arm_18.1.4.LTS\lib\</path>
         <kind>archive</kind>
         <file>rtsv7M4_T_le_v4SPD16_eabi.lib</file>
         <name>sscanf.c.obj</name>
      </input_file>
      <input_file id="fl-ca">
         <path>C:\ti\ccsv8\tools\compiler\ti-cgt-arm_18.1.4.LTS\lib\</path>
         <kind>archive</kind>
         <file>rtsv7M4_T_le_v4SPD16_eabi.lib</file>
         <name>div0.asm.obj</name>
      </input_file>
      <input_file id="fl-cb">
         <path>C:\ti\ccsv8\tools\compiler\ti-cgt-arm_18.1.4.LTS\lib\</path>
         <kind>archive</kind>
         <file>rtsv7M4_T_le_v4SPD16_eabi.lib</file>
         <name>memcpy_t2.asm.obj</name>
      </input_file>
      <input_file id="fl-cc">
         <path>C:\ti\ccsv8\tools\compiler\ti-cgt-arm_18.1.4.LTS\lib\</path>
         <kind>archive</kind>
         <file>rtsv7M4_T_le_v4SPD16_eabi.lib</file>
         <name>memset_t2.asm.obj</name>
      </input_file>
      <input_file id="fl-cd">
         <path>C:\ti\ccsv8\tools\compiler\ti-cgt-arm_18.1.4.LTS\lib\</path>
         <kind>archive</kind>
         <file>rtsv7M4_T_le_v4SPD16_eabi.lib</file>
         <name>autoinit.c.obj</name>
      </input_file>
      <input_file id="fl-ce">
         <path>C:\ti\ccsv8\tools\compiler\ti-cgt-arm_18.1.4.LTS\lib\</path>
         <kind>archive</kind>
         <file>rtsv7M4_T_le_v4SPD16_eabi.lib</file>
         <name>pre_init.c.obj</name>
      </input_file>
      <input_file id="fl-cf">
         <path>C:\ti\ccsv8\tools\compiler\ti-cgt-arm_18.1.4.LTS\lib\</path>
         <kind>archive</kind>
         <file>rtsv7M4_T_le_v4SPD16_eabi.lib</file>
         <name>cpy_tbl.c.obj</name>
      </input_file>
      <input_file id="fl-d0">
         <path>C:\ti\ccsv8\tools\compiler\ti-cgt-arm_18.1.4.LTS\lib\</path>
         <kind>archive</kind>
         <file>rtsv7M4_T_le_v4SPD16_eabi.lib</file>
         <name>_scanfi.c.obj</name>
      </input_file>
      <input_file id="fl-d1">
         <path>C:\ti\ccsv8\tools\compiler\ti-cgt-arm_18.1.4.LTS\lib\</path>
         <kind>archive</kind>
         <file>rtsv7M4_T_le_v4SPD16_eabi.lib</file>
         <name>atoi.c.obj</name>
      </input_file>
      <input_file id="fl-d2">
         <path>C:\ti\ccsv8\tools\compiler\ti-cgt-arm_18.1.4.LTS\lib\</path>
         <kind>archive</kind>
         <file>rtsv7M4_T_le_v4SPD16_eabi.lib</file>
         <name>ctype.c.obj</name>
      </input_file>
      <input_file id="fl-d3">
         <path>C:\ti\ccsv8\tools\compiler\ti-cgt-arm_18.1.4.LTS\lib\</path>
         <kind>archive</kind>
         <file>rtsv7M4_T_le_v4SPD16_eabi.lib</file>
         <name>strchr.c.obj</name>
      </input_file>
      <input_file id="fl-d4">
         <path>C:\ti\ccsv8\tools\compiler\ti-cgt-arm_18.1.4.LTS\lib\</path>
         <kind>archive</kind>
         <file>rtsv7M4_T_le_v4SPD16_eabi.lib</file>
         <name>strcpy.c.obj</name>
      </input_file>
      <input_file id="fl-d5">
         <path>C:\ti\ccsv8\tools\compiler\ti-cgt-arm_18.1.4.LTS\lib\</path>
         <kind>archive</kind>
         <file>rtsv7M4_T_le_v4SPD16_eabi.lib</file>
         <name>strlen.c.obj</name>
      </input_file>
      <input_file id="fl-d6">
         <path>C:\ti\ccsv8\tools\compiler\ti-cgt-arm_18.1.4.LTS\lib\</path>
         <kind>archive</kind>
         <file>rtsv7M4_T_le_v4SPD16_eabi.lib</file>
         <name>strrchr.c.obj</name>
      </input_file>
      <input_file id="fl-d7">
         <path>C:\ti\ccsv8\tools\compiler\ti-cgt-arm_18.1.4.LTS\lib\</path>
         <kind>archive</kind>
         <file>rtsv7M4_T_le_v4SPD16_eabi.lib</file>
         <name>strtod.c.obj</name>
      </input_file>
      <input_file id="fl-d8">
         <path>C:\ti\ccsv8\tools\compiler\ti-cgt-arm_18.1.4.LTS\lib\</path>
         <kind>archive</kind>
         <file>rtsv7M4_T_le_v4SPD16_eabi.lib</file>
         <name>strtol.c.obj</name>
      </input_file>
      <input_file id="fl-d9">
         <path>C:\ti\ccsv8\tools\compiler\ti-cgt-arm_18.1.4.LTS\lib\</path>
         <kind>archive</kind>
         <file>rtsv7M4_T_le_v4SPD16_eabi.lib</file>
         <name>strtoll.c.obj</name>
      </input_file>
      <input_file id="fl-da">
         <path>C:\ti\ccsv8\tools\compiler\ti-cgt-arm_18.1.4.LTS\lib\</path>
         <kind>archive</kind>
         <file>rtsv7M4_T_le_v4SPD16_eabi.lib</file>
         <name>strtoul.c.obj</name>
      </input_file>
      <input_file id="fl-db">
         <path>C:\ti\ccsv8\tools\compiler\ti-cgt-arm_18.1.4.LTS\lib\</path>
         <kind>archive</kind>
         <file>rtsv7M4_T_le_v4SPD16_eabi.lib</file>
         <name>strtoull.c.obj</name>
      </input_file>
      <input_file id="fl-dc">
         <path>C:\ti\ccsv8\tools\compiler\ti-cgt-arm_18.1.4.LTS\lib\</path>
         <kind>archive</kind>
         <file>rtsv7M4_T_le_v4SPD16_eabi.lib</file>
         <name>s_scalbn.c.obj</name>
      </input_file>
      <input_file id="fl-dd">
         <path>C:\ti\ccsv8\tools\compiler\ti-cgt-arm_18.1.4.LTS\lib\</path>
         <kind>archive</kind>
         <file>rtsv7M4_T_le_v4SPD16_eabi.lib</file>
         <name>fd_add_t2.asm.obj</name>
      </input_file>
      <input_file id="fl-de">
         <path>C:\ti\ccsv8\tools\compiler\ti-cgt-arm_18.1.4.LTS\lib\</path>
         <kind>archive</kind>
         <file>rtsv7M4_T_le_v4SPD16_eabi.lib</file>
         <name>fd_cmp_t2.asm.obj</name>
      </input_file>
      <input_file id="fl-df">
         <path>C:\ti\ccsv8\tools\compiler\ti-cgt-arm_18.1.4.LTS\lib\</path>
         <kind>archive</kind>
         <file>rtsv7M4_T_le_v4SPD16_eabi.lib</file>
         <name>fd_div_t2.asm.obj</name>
      </input_file>
      <input_file id="fl-e0">
         <path>C:\ti\ccsv8\tools\compiler\ti-cgt-arm_18.1.4.LTS\lib\</path>
         <kind>archive</kind>
         <file>rtsv7M4_T_le_v4SPD16_eabi.lib</file>
         <name>fd_mul_t2.asm.obj</name>
      </input_file>
      <input_file id="fl-e1">
         <path>C:\ti\ccsv8\tools\compiler\ti-cgt-arm_18.1.4.LTS\lib\</path>
         <kind>archive</kind>
         <file>rtsv7M4_T_le_v4SPD16_eabi.lib</file>
         <name>fd_tos_t2.asm.obj</name>
      </input_file>
      <input_file id="fl-e2">
         <path>C:\ti\ccsv8\tools\compiler\ti-cgt-arm_18.1.4.LTS\lib\</path>
         <kind>archive</kind>
         <file>rtsv7M4_T_le_v4SPD16_eabi.lib</file>
         <name>ll_mul_t2.asm.obj</name>
      </input_file>
      <input_file id="fl-e3">
         <path>C:\ti\ccsv8\tools\compiler\ti-cgt-arm_18.1.4.LTS\lib\</path>
         <kind>archive</kind>
         <file>rtsv7M4_T_le_v4SPD16_eabi.lib</file>
         <name>ull_div_t2.asm.obj</name>
      </input_file>
      <input_file id="fl-e4">
         <path>C:\ti\ccsv8\tools\compiler\ti-cgt-arm_18.1.4.LTS\lib\</path>
         <kind>archive</kind>
         <file>rtsv7M4_T_le_v4SPD16_eabi.lib</file>
         <name>errno.c.obj</name>
      </input_file>
      <input_file id="fl-e5">
         <path>C:\ti\ccsv8\tools\compiler\ti-cgt-arm_18.1.4.LTS\lib\</path>
         <kind>archive</kind>
         <file>rtsv7M4_T_le_v4SPD16_eabi.lib</file>
         <name>s_copysign.c.obj</name>
      </input_file>
      <input_file id="fl-e6">
         <path>C:\ti\tivaware_c_series_2_1_4_178\driverlib\ccs\Debug\</path>
         <kind>archive</kind>
         <file>driverlib.lib</file>
         <name>can.obj</name>
      </input_file>
      <input_file id="fl-e7">
         <path>C:\ti\tivaware_c_series_2_1_4_178\driverlib\ccs\Debug\</path>
         <kind>archive</kind>
         <file>driverlib.lib</file>
         <name>gpio.obj</name>
      </input_file>
      <input_file id="fl-e8">
         <path>C:\ti\tivaware_c_series_2_1_4_178\driverlib\ccs\Debug\</path>
         <kind>archive</kind>
         <file>driverlib.lib</file>
         <name>interrupt.obj</name>
      </input_file>
      <input_file id="fl-e9">
         <path>C:\ti\tivaware_c_series_2_1_4_178\driverlib\ccs\Debug\</path>
         <kind>archive</kind>
         <file>driverlib.lib</file>
         <name>sysctl.obj</name>
      </input_file>
      <input_file id="fl-ea">
         <path>C:\ti\tivaware_c_series_2_1_4_178\driverlib\ccs\Debug\</path>
         <kind>archive</kind>
         <file>driverlib.lib</file>
         <name>uart.obj</name>
      </input_file>
      <input_file id="fl-eb">
         <path>C:\ti\tivaware_c_series_2_1_4_178\driverlib\ccs\Debug\</path>
         <kind>archive</kind>
         <file>driverlib.lib</file>
         <name>cpu.obj</name>
      </input_file>
   </input_file_list>
   <object_component_list>
      <object_component id="oc-f">
         <name>.intvecs</name>
         <load_address>0x0</load_address>
         <run_address>0x0</run_address>
         <size>0x26c</size>
         <input_file_ref idref="fl-5"/>
      </object_component>
      <object_component id="oc-1e9">
         <name>.text:__TI_scanfi</name>
         <load_address>0x26c</load_address>
         <run_address>0x26c</run_address>
         <size>0xaf0</size>
         <input_file_ref idref="fl-d0"/>
      </object_component>
      <object_component id="oc-98">
         <name>.text</name>
         <load_address>0xd5c</load_address>
         <run_address>0xd5c</run_address>
         <size>0x810</size>
         <input_file_ref idref="fl-4"/>
      </object_component>
      <object_component id="oc-14e">
         <name>.text</name>
         <load_address>0x156c</load_address>
         <run_address>0x156c</run_address>
         <size>0x49c</size>
         <input_file_ref idref="fl-6"/>
      </object_component>
      <object_component id="oc-2c1">
         <name>.text:strtod</name>
         <load_address>0x1a08</load_address>
         <run_address>0x1a08</run_address>
         <size>0x460</size>
         <input_file_ref idref="fl-d7"/>
      </object_component>
      <object_component id="oc-2d2">
         <name>.text:strtoll</name>
         <load_address>0x1e68</load_address>
         <run_address>0x1e68</run_address>
         <size>0x1dc</size>
         <input_file_ref idref="fl-d9"/>
      </object_component>
      <object_component id="oc-36f">
         <name>.text</name>
         <load_address>0x2044</load_address>
         <run_address>0x2044</run_address>
         <size>0x1b6</size>
         <input_file_ref idref="fl-dd"/>
      </object_component>
      <object_component id="oc-325">
         <name>.text</name>
         <load_address>0x21fa</load_address>
         <run_address>0x21fa</run_address>
         <size>0x2</size>
         <input_file_ref idref="fl-ca"/>
      </object_component>
      <object_component id="oc-2b5">
         <name>.text:strtoull</name>
         <load_address>0x21fc</load_address>
         <run_address>0x21fc</run_address>
         <size>0x15c</size>
         <input_file_ref idref="fl-db"/>
      </object_component>
      <object_component id="oc-ef">
         <name>.text:CANMessageSet</name>
         <load_address>0x2358</load_address>
         <run_address>0x2358</run_address>
         <size>0x136</size>
         <input_file_ref idref="fl-e6"/>
      </object_component>
      <object_component id="oc-379">
         <name>.text</name>
         <load_address>0x248e</load_address>
         <run_address>0x248e</run_address>
         <size>0x136</size>
         <input_file_ref idref="fl-df"/>
      </object_component>
      <object_component id="oc-215">
         <name>.text:GPIOPadConfigSet</name>
         <load_address>0x25c4</load_address>
         <run_address>0x25c4</run_address>
         <size>0x132</size>
         <input_file_ref idref="fl-e7"/>
      </object_component>
      <object_component id="oc-2cc">
         <name>.text:strtol</name>
         <load_address>0x26f8</load_address>
         <run_address>0x26f8</run_address>
         <size>0x130</size>
         <input_file_ref idref="fl-d8"/>
      </object_component>
      <object_component id="oc-11f">
         <name>.text:SysCtlClockGet</name>
         <load_address>0x2828</load_address>
         <run_address>0x2828</run_address>
         <size>0x110</size>
         <input_file_ref idref="fl-e9"/>
      </object_component>
      <object_component id="oc-37e">
         <name>.text:scalbn</name>
         <load_address>0x2938</load_address>
         <run_address>0x2938</run_address>
         <size>0x110</size>
         <input_file_ref idref="fl-dc"/>
      </object_component>
      <object_component id="oc-2bb">
         <name>.text:strtoul</name>
         <load_address>0x2a48</load_address>
         <run_address>0x2a48</run_address>
         <size>0x110</size>
         <input_file_ref idref="fl-da"/>
      </object_component>
      <object_component id="oc-154">
         <name>.text:CANMessageGet</name>
         <load_address>0x2b58</load_address>
         <run_address>0x2b58</run_address>
         <size>0x10e</size>
         <input_file_ref idref="fl-e6"/>
      </object_component>
      <object_component id="oc-36a">
         <name>.text</name>
         <load_address>0x2c66</load_address>
         <run_address>0x2c66</run_address>
         <size>0xfc</size>
         <input_file_ref idref="fl-e0"/>
      </object_component>
      <object_component id="oc-d7">
         <name>.text:SysCtlClockSet</name>
         <load_address>0x2d64</load_address>
         <run_address>0x2d64</run_address>
         <size>0xf4</size>
         <input_file_ref idref="fl-e9"/>
      </object_component>
      <object_component id="oc-f5">
         <name>.text</name>
         <load_address>0x2e58</load_address>
         <run_address>0x2e58</run_address>
         <size>0xc8</size>
         <input_file_ref idref="fl-3"/>
      </object_component>
      <object_component id="oc-38">
         <name>.text</name>
         <load_address>0x2f20</load_address>
         <run_address>0x2f20</run_address>
         <size>0x9c</size>
         <input_file_ref idref="fl-cb"/>
      </object_component>
      <object_component id="oc-35b">
         <name>.text</name>
         <load_address>0x2fbc</load_address>
         <run_address>0x2fbc</run_address>
         <size>0x96</size>
         <input_file_ref idref="fl-e3"/>
      </object_component>
      <object_component id="oc-374">
         <name>.text:__aeabi_cdcmple</name>
         <load_address>0x3052</load_address>
         <run_address>0x3052</run_address>
         <size>0x86</size>
         <input_file_ref idref="fl-de"/>
      </object_component>
      <object_component id="oc-8c">
         <name>.text</name>
         <load_address>0x30d8</load_address>
         <run_address>0x30d8</run_address>
         <size>0x7a</size>
         <input_file_ref idref="fl-cc"/>
      </object_component>
      <object_component id="oc-2c7">
         <name>.text</name>
         <load_address>0x3152</load_address>
         <run_address>0x3152</run_address>
         <size>0x6e</size>
         <input_file_ref idref="fl-e1"/>
      </object_component>
      <object_component id="oc-125">
         <name>.text:CANBitRateSet</name>
         <load_address>0x31c0</load_address>
         <run_address>0x31c0</run_address>
         <size>0x6c</size>
         <input_file_ref idref="fl-e6"/>
      </object_component>
      <object_component id="oc-137">
         <name>.text:IntEnable</name>
         <load_address>0x322c</load_address>
         <run_address>0x322c</run_address>
         <size>0x68</size>
         <input_file_ref idref="fl-e8"/>
      </object_component>
      <object_component id="oc-1fb">
         <name>.text:_chkmbc</name>
         <load_address>0x3294</load_address>
         <run_address>0x3294</run_address>
         <size>0x68</size>
         <input_file_ref idref="fl-c9"/>
      </object_component>
      <object_component id="oc-12">
         <name>.text:decompress:lzss:__TI_decompress_lzss</name>
         <load_address>0x32fc</load_address>
         <run_address>0x32fc</run_address>
         <size>0x68</size>
         <input_file_ref idref="fl-c4"/>
      </object_component>
      <object_component id="oc-225">
         <name>.text:_CANIntNumberGet</name>
         <load_address>0x3364</load_address>
         <run_address>0x3364</run_address>
         <size>0x5c</size>
         <input_file_ref idref="fl-e6"/>
      </object_component>
      <object_component id="oc-2e1">
         <name>.text:atoi</name>
         <load_address>0x33c0</load_address>
         <run_address>0x33c0</run_address>
         <size>0x4c</size>
         <input_file_ref idref="fl-d1"/>
      </object_component>
      <object_component id="oc-10d">
         <name>.text:GPIOPinConfigure</name>
         <load_address>0x340c</load_address>
         <run_address>0x340c</run_address>
         <size>0x48</size>
         <input_file_ref idref="fl-e7"/>
      </object_component>
      <object_component id="oc-248">
         <name>.text:UARTConfigSetExpClk</name>
         <load_address>0x3454</load_address>
         <run_address>0x3454</run_address>
         <size>0x46</size>
         <input_file_ref idref="fl-ea"/>
      </object_component>
      <object_component id="oc-168">
         <name>.text:__TI_auto_init_nobinit_nopinit:__TI_auto_init_nobinit_nopinit</name>
         <load_address>0x349c</load_address>
         <run_address>0x349c</run_address>
         <size>0x44</size>
         <input_file_ref idref="fl-cd"/>
      </object_component>
      <object_component id="oc-cb">
         <name>.text:CANStatusGet</name>
         <load_address>0x34e0</load_address>
         <run_address>0x34e0</run_address>
         <size>0x40</size>
         <input_file_ref idref="fl-e6"/>
      </object_component>
      <object_component id="oc-e3">
         <name>.text</name>
         <load_address>0x3520</load_address>
         <run_address>0x3520</run_address>
         <size>0x40</size>
         <input_file_ref idref="fl-2"/>
      </object_component>
      <object_component id="oc-269">
         <name>.text</name>
         <load_address>0x3560</load_address>
         <run_address>0x3560</run_address>
         <size>0x40</size>
         <input_file_ref idref="fl-c1"/>
      </object_component>
      <object_component id="oc-119">
         <name>.text:CANInit</name>
         <load_address>0x35a0</load_address>
         <run_address>0x35a0</run_address>
         <size>0x3a</size>
         <input_file_ref idref="fl-e6"/>
      </object_component>
      <object_component id="oc-242">
         <name>.text:SysCtlPeripheralPresent</name>
         <load_address>0x35dc</load_address>
         <run_address>0x35dc</run_address>
         <size>0x38</size>
         <input_file_ref idref="fl-e9"/>
      </object_component>
      <object_component id="oc-107">
         <name>.text:SysCtlPeripheralReady</name>
         <load_address>0x3614</load_address>
         <run_address>0x3614</run_address>
         <size>0x38</size>
         <input_file_ref idref="fl-e9"/>
      </object_component>
      <object_component id="oc-56">
         <name>.text:_c_int00_noargs:_c_int00_noargs</name>
         <load_address>0x364c</load_address>
         <run_address>0x364c</run_address>
         <size>0x38</size>
         <input_file_ref idref="fl-c5"/>
      </object_component>
      <object_component id="oc-fb">
         <name>.text:sscanf</name>
         <load_address>0x3684</load_address>
         <run_address>0x3684</run_address>
         <size>0x38</size>
         <input_file_ref idref="fl-c9"/>
      </object_component>
      <object_component id="oc-22b">
         <name>.text:IntRegister</name>
         <load_address>0x36bc</load_address>
         <run_address>0x36bc</run_address>
         <size>0x34</size>
         <input_file_ref idref="fl-e8"/>
      </object_component>
      <object_component id="oc-101">
         <name>.text:SysCtlPeripheralEnable</name>
         <load_address>0x36f0</load_address>
         <run_address>0x36f0</run_address>
         <size>0x34</size>
         <input_file_ref idref="fl-e9"/>
      </object_component>
      <object_component id="oc-20f">
         <name>.text:GPIODirModeSet</name>
         <load_address>0x3724</load_address>
         <run_address>0x3724</run_address>
         <size>0x2a</size>
         <input_file_ref idref="fl-e7"/>
      </object_component>
      <object_component id="oc-273">
         <name>.text:_CANDataRegRead</name>
         <load_address>0x374e</load_address>
         <run_address>0x374e</run_address>
         <size>0x2a</size>
         <input_file_ref idref="fl-e6"/>
      </object_component>
      <object_component id="oc-1c8">
         <name>.text:_CANDataRegWrite</name>
         <load_address>0x3778</load_address>
         <run_address>0x3778</run_address>
         <size>0x24</size>
         <input_file_ref idref="fl-e6"/>
      </object_component>
      <object_component id="oc-d1">
         <name>.text:CANIntClear</name>
         <load_address>0x379c</load_address>
         <run_address>0x379c</run_address>
         <size>0x22</size>
         <input_file_ref idref="fl-e6"/>
      </object_component>
      <object_component id="oc-c5">
         <name>.text:CANIntStatus</name>
         <load_address>0x37be</load_address>
         <run_address>0x37be</run_address>
         <size>0x20</size>
         <input_file_ref idref="fl-e6"/>
      </object_component>
      <object_component id="oc-315">
         <name>.text:UARTDisable</name>
         <load_address>0x37e0</load_address>
         <run_address>0x37e0</run_address>
         <size>0x20</size>
         <input_file_ref idref="fl-ea"/>
      </object_component>
      <object_component id="oc-12b">
         <name>.text:CANIntRegister</name>
         <load_address>0x3800</load_address>
         <run_address>0x3800</run_address>
         <size>0x18</size>
         <input_file_ref idref="fl-e6"/>
      </object_component>
      <object_component id="oc-1b4">
         <name>.text:GPIOPinTypeGPIOOutput</name>
         <load_address>0x3818</load_address>
         <run_address>0x3818</run_address>
         <size>0x18</size>
         <input_file_ref idref="fl-e7"/>
      </object_component>
      <object_component id="oc-356">
         <name>.text</name>
         <load_address>0x3830</load_address>
         <run_address>0x3830</run_address>
         <size>0x18</size>
         <input_file_ref idref="fl-e2"/>
      </object_component>
      <object_component id="oc-2e7">
         <name>.text:strrchr</name>
         <load_address>0x3848</load_address>
         <run_address>0x3848</run_address>
         <size>0x18</size>
         <input_file_ref idref="fl-d6"/>
      </object_component>
      <object_component id="oc-2ed">
         <name>.text:strchr</name>
         <load_address>0x3860</load_address>
         <run_address>0x3860</run_address>
         <size>0x16</size>
         <input_file_ref idref="fl-d3"/>
      </object_component>
      <object_component id="oc-24e">
         <name>.text:UARTEnable</name>
         <load_address>0x3876</load_address>
         <run_address>0x3876</run_address>
         <size>0x14</size>
         <input_file_ref idref="fl-ea"/>
      </object_component>
      <object_component id="oc-3ca">
         <name>.text:copysign</name>
         <load_address>0x388a</load_address>
         <run_address>0x388a</run_address>
         <size>0x14</size>
         <input_file_ref idref="fl-e5"/>
      </object_component>
      <object_component id="oc-2af">
         <name>.text:strcpy</name>
         <load_address>0x389e</load_address>
         <run_address>0x389e</run_address>
         <size>0x14</size>
         <input_file_ref idref="fl-d4"/>
      </object_component>
      <object_component id="oc-2db">
         <name>.text:strlen</name>
         <load_address>0x38b2</load_address>
         <run_address>0x38b2</run_address>
         <size>0x14</size>
         <input_file_ref idref="fl-d5"/>
      </object_component>
      <object_component id="oc-113">
         <name>.text:GPIOPinTypeCAN</name>
         <load_address>0x38c6</load_address>
         <run_address>0x38c6</run_address>
         <size>0x12</size>
         <input_file_ref idref="fl-e7"/>
      </object_component>
      <object_component id="oc-1d5">
         <name>.text:GPIOPinTypeUART</name>
         <load_address>0x38d8</load_address>
         <run_address>0x38d8</run_address>
         <size>0x12</size>
         <input_file_ref idref="fl-e7"/>
      </object_component>
      <object_component id="oc-1ef">
         <name>.text:_inpchar</name>
         <load_address>0x38ea</load_address>
         <run_address>0x38ea</run_address>
         <size>0x12</size>
         <input_file_ref idref="fl-c9"/>
      </object_component>
      <object_component id="oc-dd">
         <name>.text:IntMasterDisable</name>
         <load_address>0x38fc</load_address>
         <run_address>0x38fc</run_address>
         <size>0x10</size>
         <input_file_ref idref="fl-e8"/>
      </object_component>
      <object_component id="oc-e9">
         <name>.text:IntMasterEnable</name>
         <load_address>0x390c</load_address>
         <run_address>0x390c</run_address>
         <size>0x10</size>
         <input_file_ref idref="fl-e8"/>
      </object_component>
      <object_component id="oc-1e1">
         <name>.text:UARTCharGetNonBlocking</name>
         <load_address>0x391c</load_address>
         <run_address>0x391c</run_address>
         <size>0xe</size>
         <input_file_ref idref="fl-ea"/>
      </object_component>
      <object_component id="oc-1db">
         <name>.text:UARTCharsAvail</name>
         <load_address>0x392a</load_address>
         <run_address>0x392a</run_address>
         <size>0xe</size>
         <input_file_ref idref="fl-ea"/>
      </object_component>
      <object_component id="oc-18">
         <name>.text:decompress:none:__TI_decompress_none</name>
         <load_address>0x3938</load_address>
         <run_address>0x3938</run_address>
         <size>0xe</size>
         <input_file_ref idref="fl-c3"/>
      </object_component>
      <object_component id="oc-1ad">
         <name>.text:CPUcpsid</name>
         <load_address>0x3946</load_address>
         <run_address>0x3946</run_address>
         <size>0xc</size>
         <input_file_ref idref="fl-eb"/>
      </object_component>
      <object_component id="oc-1c1">
         <name>.text:CPUcpsie</name>
         <load_address>0x3952</load_address>
         <run_address>0x3952</run_address>
         <size>0xc</size>
         <input_file_ref idref="fl-eb"/>
      </object_component>
      <object_component id="oc-4a">
         <name>.text:decompress:ZI:__TI_zero_init</name>
         <load_address>0x395e</load_address>
         <run_address>0x395e</run_address>
         <size>0xc</size>
         <input_file_ref idref="fl-c2"/>
      </object_component>
      <object_component id="oc-24">
         <name>.text</name>
         <load_address>0x396a</load_address>
         <run_address>0x396a</run_address>
         <size>0xc</size>
         <input_file_ref idref="fl-5"/>
      </object_component>
      <object_component id="oc-13d">
         <name>.text:CANEnable</name>
         <load_address>0x3976</load_address>
         <run_address>0x3976</run_address>
         <size>0xa</size>
         <input_file_ref idref="fl-e6"/>
      </object_component>
      <object_component id="oc-25a">
         <name>.text:UARTCharGet</name>
         <load_address>0x3980</load_address>
         <run_address>0x3980</run_address>
         <size>0xa</size>
         <input_file_ref idref="fl-ea"/>
      </object_component>
      <object_component id="oc-254">
         <name>.text:UARTCharPut</name>
         <load_address>0x398a</load_address>
         <run_address>0x398a</run_address>
         <size>0xa</size>
         <input_file_ref idref="fl-ea"/>
      </object_component>
      <object_component id="oc-131">
         <name>.text:CANIntEnable</name>
         <load_address>0x3994</load_address>
         <run_address>0x3994</run_address>
         <size>0x8</size>
         <input_file_ref idref="fl-e6"/>
      </object_component>
      <object_component id="oc-360">
         <name>.text:__aeabi_errno_addr</name>
         <load_address>0x399c</load_address>
         <run_address>0x399c</run_address>
         <size>0x8</size>
         <input_file_ref idref="fl-e4"/>
      </object_component>
      <object_component id="oc-1f5">
         <name>.text:_uninpchar</name>
         <load_address>0x39a4</load_address>
         <run_address>0x39a4</run_address>
         <size>0x8</size>
         <input_file_ref idref="fl-c9"/>
      </object_component>
      <object_component id="oc-1ba">
         <name>.text:GPIOPinWrite</name>
         <load_address>0x39ac</load_address>
         <run_address>0x39ac</run_address>
         <size>0x6</size>
         <input_file_ref idref="fl-e7"/>
      </object_component>
      <object_component id="oc-1aa">
         <name>.text:SysCtlDelay</name>
         <load_address>0x39b2</load_address>
         <run_address>0x39b2</run_address>
         <size>0x6</size>
         <input_file_ref idref="fl-e9"/>
      </object_component>
      <object_component id="oc-1cf">
         <name>.text:UARTClockSourceSet</name>
         <load_address>0x39b8</load_address>
         <run_address>0x39b8</run_address>
         <size>0x6</size>
         <input_file_ref idref="fl-ea"/>
      </object_component>
      <object_component id="oc-92">
         <name>.text:_system_pre_init</name>
         <load_address>0x39be</load_address>
         <run_address>0x39be</run_address>
         <size>0x4</size>
         <input_file_ref idref="fl-ce"/>
      </object_component>
      <object_component id="oc-15c">
         <name>.text:abort:abort</name>
         <load_address>0x39c2</load_address>
         <run_address>0x39c2</run_address>
         <size>0x4</size>
         <input_file_ref idref="fl-c6"/>
      </object_component>
      <object_component id="oc-2d8">
         <name>.const:.string:_ctypes_</name>
         <load_address>0x39c8</load_address>
         <run_address>0x39c8</run_address>
         <size>0x101</size>
         <input_file_ref idref="fl-d2"/>
      </object_component>
      <object_component id="oc-26e">
         <name>.const</name>
         <load_address>0x3acc</load_address>
         <run_address>0x3acc</run_address>
         <size>0x4</size>
         <input_file_ref idref="fl-6"/>
      </object_component>
      <object_component id="oc-384">
         <name>.const:$O1$$</name>
         <load_address>0x3ad0</load_address>
         <run_address>0x3ad0</run_address>
         <size>0xc8</size>
         <input_file_ref idref="fl-d7"/>
      </object_component>
      <object_component id="oc-20a">
         <name>.const:g_pui32GPIOBaseAddrs</name>
         <load_address>0x3b98</load_address>
         <run_address>0x3b98</run_address>
         <size>0x90</size>
         <input_file_ref idref="fl-e7"/>
      </object_component>
      <object_component id="oc-233">
         <name>.const</name>
         <load_address>0x3c28</load_address>
         <run_address>0x3c28</run_address>
         <size>0x70</size>
         <input_file_ref idref="fl-e8"/>
      </object_component>
      <object_component id="oc-21d">
         <name>.const:g_pui32Xtals</name>
         <load_address>0x3c98</load_address>
         <run_address>0x3c98</run_address>
         <size>0x6c</size>
         <input_file_ref idref="fl-e9"/>
      </object_component>
      <object_component id="oc-221">
         <name>.const</name>
         <load_address>0x3d04</load_address>
         <run_address>0x3d04</run_address>
         <size>0x20</size>
         <input_file_ref idref="fl-e6"/>
      </object_component>
      <object_component id="oc-32b">
         <name>.const:.string</name>
         <load_address>0x3d24</load_address>
         <run_address>0x3d24</run_address>
         <size>0x12</size>
         <input_file_ref idref="fl-6"/>
      </object_component>
      <object_component id="oc-2f3">
         <name>.const:$O1$$</name>
         <load_address>0x3d38</load_address>
         <run_address>0x3d38</run_address>
         <size>0x10</size>
         <input_file_ref idref="fl-d0"/>
      </object_component>
      <object_component id="oc-266">
         <name>.const:g_ui32UARTBase</name>
         <load_address>0x3d48</load_address>
         <run_address>0x3d48</run_address>
         <size>0xc</size>
         <input_file_ref idref="fl-6"/>
      </object_component>
      <object_component id="oc-260">
         <name>.const:g_ui32UARTPeriph</name>
         <load_address>0x3d54</load_address>
         <run_address>0x3d54</run_address>
         <size>0xc</size>
         <input_file_ref idref="fl-6"/>
      </object_component>
      <object_component id="oc-41c">
         <name>__TI_handler_table</name>
         <load_address>0x3d60</load_address>
         <run_address>0x3d60</run_address>
         <size>0xc</size>
      </object_component>
      <object_component id="oc-420">
         <name>.cinit..bss.load</name>
         <load_address>0x3d70</load_address>
         <run_address>0x3d70</run_address>
         <size>0x8</size>
      </object_component>
      <object_component id="oc-41e">
         <name>.cinit..vtable.load</name>
         <load_address>0x3d78</load_address>
         <run_address>0x3d78</run_address>
         <size>0x8</size>
      </object_component>
      <object_component id="oc-41f">
         <name>.cinit..data.load</name>
         <load_address>0x3d80</load_address>
         <run_address>0x3d80</run_address>
         <size>0x7</size>
      </object_component>
      <object_component id="oc-41d">
         <name>__TI_cinit_table</name>
         <load_address>0x3d88</load_address>
         <run_address>0x3d88</run_address>
         <size>0x18</size>
      </object_component>
      <object_component id="oc-30c">
         <name>.vtable</name>
         <uninitialized>true</uninitialized>
         <run_address>0x20000000</run_address>
         <size>0x26c</size>
         <input_file_ref idref="fl-e8"/>
      </object_component>
      <object_component id="oc-143">
         <name>.data</name>
         <load_address>0x20006335</load_address>
         <run_address>0x20006335</run_address>
         <size>0x2</size>
         <input_file_ref idref="fl-4"/>
      </object_component>
      <object_component id="oc-263">
         <name>.data</name>
         <load_address>0x20006330</load_address>
         <run_address>0x20006330</run_address>
         <size>0x5</size>
         <input_file_ref idref="fl-6"/>
      </object_component>
      <object_component id="oc-3bd">
         <name>.data</name>
         <load_address>0x20006338</load_address>
         <run_address>0x20006338</run_address>
         <size>0x4</size>
         <input_file_ref idref="fl-e4"/>
      </object_component>
      <object_component id="oc-14c">
         <name>.common:buffer</name>
         <uninitialized>true</uninitialized>
         <run_address>0x2000602c</run_address>
         <size>0xc8</size>
      </object_component>
      <object_component id="oc-14d">
         <name>.common:pos_vel_data</name>
         <uninitialized>true</uninitialized>
         <run_address>0x2000026c</run_address>
         <size>0x5dc0</size>
      </object_component>
      <object_component id="oc-14a">
         <name>.common:sCANMessage1</name>
         <uninitialized>true</uninitialized>
         <run_address>0x200060f4</run_address>
         <size>0x14</size>
      </object_component>
      <object_component id="oc-149">
         <name>.common:ui32Msg1Data</name>
         <uninitialized>true</uninitialized>
         <run_address>0x20006128</run_address>
         <size>0x4</size>
      </object_component>
      <object_component id="oc-146">
         <name>.common:pui8Msg1Data</name>
         <uninitialized>true</uninitialized>
         <run_address>0x20006124</run_address>
         <size>0x4</size>
      </object_component>
      <object_component id="oc-14b">
         <name>.common:sCANMessage2</name>
         <uninitialized>true</uninitialized>
         <run_address>0x20006108</run_address>
         <size>0x14</size>
      </object_component>
      <object_component id="oc-15a">
         <name>.common:pui8Msg2Data</name>
         <uninitialized>true</uninitialized>
         <run_address>0x2000611c</run_address>
         <size>0x8</size>
      </object_component>
      <object_component id="oc-21">
         <name>.stack</name>
         <uninitialized>true</uninitialized>
         <run_address>0x20006130</run_address>
         <size>0x4</size>
         <input_file_ref idref="fl-c5"/>
      </object_component>
      <object_component id="oc-421">
         <name>.stack</name>
         <uninitialized>true</uninitialized>
         <run_address>0x20006130</run_address>
         <size>0x0</size>
      </object_component>
      <object_component id="oc-b4">
         <name>.debug_info</name>
         <load_address>0x0</load_address>
         <run_address>0x0</run_address>
         <size>0x3ae</size>
         <input_file_ref idref="fl-2"/>
      </object_component>
      <object_component id="oc-e4">
         <name>.debug_info</name>
         <load_address>0x3ae</load_address>
         <run_address>0x3ae</run_address>
         <size>0x3a8</size>
         <input_file_ref idref="fl-2"/>
      </object_component>
      <object_component id="oc-23d">
         <name>.debug_info</name>
         <load_address>0x756</load_address>
         <run_address>0x756</run_address>
         <size>0x1b3</size>
         <input_file_ref idref="fl-2"/>
      </object_component>
      <object_component id="oc-6d">
         <name>.debug_info</name>
         <load_address>0x909</load_address>
         <run_address>0x909</run_address>
         <size>0x26b</size>
         <input_file_ref idref="fl-2"/>
      </object_component>
      <object_component id="oc-af">
         <name>.debug_info</name>
         <load_address>0xb74</load_address>
         <run_address>0xb74</run_address>
         <size>0x8b</size>
         <input_file_ref idref="fl-2"/>
      </object_component>
      <object_component id="oc-aa">
         <name>.debug_info</name>
         <load_address>0xbff</load_address>
         <run_address>0xbff</run_address>
         <size>0x297</size>
         <input_file_ref idref="fl-2"/>
      </object_component>
      <object_component id="oc-72">
         <name>.debug_info</name>
         <load_address>0xe96</load_address>
         <run_address>0xe96</run_address>
         <size>0xbb</size>
         <input_file_ref idref="fl-2"/>
      </object_component>
      <object_component id="oc-203">
         <name>.debug_info</name>
         <load_address>0xf51</load_address>
         <run_address>0xf51</run_address>
         <size>0x2c</size>
         <input_file_ref idref="fl-2"/>
      </object_component>
      <object_component id="oc-1e8">
         <name>.debug_info</name>
         <load_address>0xf7d</load_address>
         <run_address>0xf7d</run_address>
         <size>0x41c</size>
         <input_file_ref idref="fl-3"/>
      </object_component>
      <object_component id="oc-f6">
         <name>.debug_info</name>
         <load_address>0x1399</load_address>
         <run_address>0x1399</run_address>
         <size>0x314</size>
         <input_file_ref idref="fl-3"/>
      </object_component>
      <object_component id="oc-147">
         <name>.debug_info</name>
         <load_address>0x16ad</load_address>
         <run_address>0x16ad</run_address>
         <size>0x88f</size>
         <input_file_ref idref="fl-4"/>
      </object_component>
      <object_component id="oc-144">
         <name>.debug_info</name>
         <load_address>0x1f3c</load_address>
         <run_address>0x1f3c</run_address>
         <size>0x11e</size>
         <input_file_ref idref="fl-4"/>
      </object_component>
      <object_component id="oc-9a">
         <name>.debug_info</name>
         <load_address>0x205a</load_address>
         <run_address>0x205a</run_address>
         <size>0x918</size>
         <input_file_ref idref="fl-4"/>
      </object_component>
      <object_component id="oc-2c">
         <name>.debug_info</name>
         <load_address>0x2972</load_address>
         <run_address>0x2972</run_address>
         <size>0x2d6</size>
         <input_file_ref idref="fl-5"/>
      </object_component>
      <object_component id="oc-10">
         <name>.debug_info</name>
         <load_address>0x2c48</load_address>
         <run_address>0x2c48</run_address>
         <size>0x115</size>
         <input_file_ref idref="fl-5"/>
      </object_component>
      <object_component id="oc-25">
         <name>.debug_info</name>
         <load_address>0x2d5d</load_address>
         <run_address>0x2d5d</run_address>
         <size>0x291</size>
         <input_file_ref idref="fl-5"/>
      </object_component>
      <object_component id="oc-33">
         <name>.debug_info</name>
         <load_address>0x2fee</load_address>
         <run_address>0x2fee</run_address>
         <size>0x84</size>
         <input_file_ref idref="fl-5"/>
      </object_component>
      <object_component id="oc-272">
         <name>.debug_info</name>
         <load_address>0x3072</load_address>
         <run_address>0x3072</run_address>
         <size>0x40a</size>
         <input_file_ref idref="fl-6"/>
      </object_component>
      <object_component id="oc-264">
         <name>.debug_info</name>
         <load_address>0x347c</load_address>
         <run_address>0x347c</run_address>
         <size>0x101</size>
         <input_file_ref idref="fl-6"/>
      </object_component>
      <object_component id="oc-26f">
         <name>.debug_info</name>
         <load_address>0x357d</load_address>
         <run_address>0x357d</run_address>
         <size>0xfb</size>
         <input_file_ref idref="fl-6"/>
      </object_component>
      <object_component id="oc-267">
         <name>.debug_info</name>
         <load_address>0x3678</load_address>
         <run_address>0x3678</run_address>
         <size>0x109</size>
         <input_file_ref idref="fl-6"/>
      </object_component>
      <object_component id="oc-261">
         <name>.debug_info</name>
         <load_address>0x3781</load_address>
         <run_address>0x3781</run_address>
         <size>0x10d</size>
         <input_file_ref idref="fl-6"/>
      </object_component>
      <object_component id="oc-14f">
         <name>.debug_info</name>
         <load_address>0x388e</load_address>
         <run_address>0x388e</run_address>
         <size>0x7aa</size>
         <input_file_ref idref="fl-6"/>
      </object_component>
      <object_component id="oc-26a">
         <name>.debug_info</name>
         <load_address>0x4038</load_address>
         <run_address>0x4038</run_address>
         <size>0x145</size>
         <input_file_ref idref="fl-c1"/>
      </object_component>
      <object_component id="oc-8b">
         <name>.debug_info</name>
         <load_address>0x417d</load_address>
         <run_address>0x417d</run_address>
         <size>0x31e</size>
         <input_file_ref idref="fl-c2"/>
      </object_component>
      <object_component id="oc-4c">
         <name>.debug_info</name>
         <load_address>0x449b</load_address>
         <run_address>0x449b</run_address>
         <size>0x1b5</size>
         <input_file_ref idref="fl-c2"/>
      </object_component>
      <object_component id="oc-86">
         <name>.debug_info</name>
         <load_address>0x4650</load_address>
         <run_address>0x4650</run_address>
         <size>0x46</size>
         <input_file_ref idref="fl-c2"/>
      </object_component>
      <object_component id="oc-bc">
         <name>.debug_info</name>
         <load_address>0x4696</load_address>
         <run_address>0x4696</run_address>
         <size>0x2c</size>
         <input_file_ref idref="fl-c2"/>
      </object_component>
      <object_component id="oc-43">
         <name>.debug_info</name>
         <load_address>0x46c2</load_address>
         <run_address>0x46c2</run_address>
         <size>0x2a8</size>
         <input_file_ref idref="fl-c3"/>
      </object_component>
      <object_component id="oc-1b">
         <name>.debug_info</name>
         <load_address>0x496a</load_address>
         <run_address>0x496a</run_address>
         <size>0x1ea</size>
         <input_file_ref idref="fl-c3"/>
      </object_component>
      <object_component id="oc-3e">
         <name>.debug_info</name>
         <load_address>0x4b54</load_address>
         <run_address>0x4b54</run_address>
         <size>0x46</size>
         <input_file_ref idref="fl-c3"/>
      </object_component>
      <object_component id="oc-7e">
         <name>.debug_info</name>
         <load_address>0x4b9a</load_address>
         <run_address>0x4b9a</run_address>
         <size>0x2c</size>
         <input_file_ref idref="fl-c3"/>
      </object_component>
      <object_component id="oc-7c">
         <name>.debug_info</name>
         <load_address>0x4bc6</load_address>
         <run_address>0x4bc6</run_address>
         <size>0x29e</size>
         <input_file_ref idref="fl-c4"/>
      </object_component>
      <object_component id="oc-16">
         <name>.debug_info</name>
         <load_address>0x4e64</load_address>
         <run_address>0x4e64</run_address>
         <size>0x250</size>
         <input_file_ref idref="fl-c4"/>
      </object_component>
      <object_component id="oc-2e">
         <name>.debug_info</name>
         <load_address>0x50b4</load_address>
         <run_address>0x50b4</run_address>
         <size>0x60</size>
         <input_file_ref idref="fl-c4"/>
      </object_component>
      <object_component id="oc-b5">
         <name>.debug_info</name>
         <load_address>0x5114</load_address>
         <run_address>0x5114</run_address>
         <size>0x46</size>
         <input_file_ref idref="fl-c4"/>
      </object_component>
      <object_component id="oc-77">
         <name>.debug_info</name>
         <load_address>0x515a</load_address>
         <run_address>0x515a</run_address>
         <size>0x39</size>
         <input_file_ref idref="fl-c4"/>
      </object_component>
      <object_component id="oc-22">
         <name>.debug_info</name>
         <load_address>0x5193</load_address>
         <run_address>0x5193</run_address>
         <size>0x10b</size>
         <input_file_ref idref="fl-c5"/>
      </object_component>
      <object_component id="oc-57">
         <name>.debug_info</name>
         <load_address>0x529e</load_address>
         <run_address>0x529e</run_address>
         <size>0x1af</size>
         <input_file_ref idref="fl-c5"/>
      </object_component>
      <object_component id="oc-15d">
         <name>.debug_info</name>
         <load_address>0x544d</load_address>
         <run_address>0x544d</run_address>
         <size>0x122</size>
         <input_file_ref idref="fl-c6"/>
      </object_component>
      <object_component id="oc-202">
         <name>.debug_info</name>
         <load_address>0x556f</load_address>
         <run_address>0x556f</run_address>
         <size>0x39e</size>
         <input_file_ref idref="fl-c9"/>
      </object_component>
      <object_component id="oc-fd">
         <name>.debug_info</name>
         <load_address>0x590d</load_address>
         <run_address>0x590d</run_address>
         <size>0x17e</size>
         <input_file_ref idref="fl-c9"/>
      </object_component>
      <object_component id="oc-1f7">
         <name>.debug_info</name>
         <load_address>0x5a8b</load_address>
         <run_address>0x5a8b</run_address>
         <size>0x171</size>
         <input_file_ref idref="fl-c9"/>
      </object_component>
      <object_component id="oc-1f1">
         <name>.debug_info</name>
         <load_address>0x5bfc</load_address>
         <run_address>0x5bfc</run_address>
         <size>0x17e</size>
         <input_file_ref idref="fl-c9"/>
      </object_component>
      <object_component id="oc-1fe">
         <name>.debug_info</name>
         <load_address>0x5d7a</load_address>
         <run_address>0x5d7a</run_address>
         <size>0x1de</size>
         <input_file_ref idref="fl-c9"/>
      </object_component>
      <object_component id="oc-326">
         <name>.debug_info</name>
         <load_address>0x5f58</load_address>
         <run_address>0x5f58</run_address>
         <size>0x118</size>
         <input_file_ref idref="fl-ca"/>
      </object_component>
      <object_component id="oc-3b">
         <name>.debug_info</name>
         <load_address>0x6070</load_address>
         <run_address>0x6070</run_address>
         <size>0x11c</size>
         <input_file_ref idref="fl-cb"/>
      </object_component>
      <object_component id="oc-8d">
         <name>.debug_info</name>
         <load_address>0x618c</load_address>
         <run_address>0x618c</run_address>
         <size>0x14a</size>
         <input_file_ref idref="fl-cc"/>
      </object_component>
      <object_component id="oc-285">
         <name>.debug_info</name>
         <load_address>0x62d6</load_address>
         <run_address>0x62d6</run_address>
         <size>0x552</size>
         <input_file_ref idref="fl-cd"/>
      </object_component>
      <object_component id="oc-16b">
         <name>.debug_info</name>
         <load_address>0x6828</load_address>
         <run_address>0x6828</run_address>
         <size>0x1a6</size>
         <input_file_ref idref="fl-cd"/>
      </object_component>
      <object_component id="oc-341">
         <name>.debug_info</name>
         <load_address>0x69ce</load_address>
         <run_address>0x69ce</run_address>
         <size>0x39</size>
         <input_file_ref idref="fl-cd"/>
      </object_component>
      <object_component id="oc-3ad">
         <name>.debug_info</name>
         <load_address>0x6a07</load_address>
         <run_address>0x6a07</run_address>
         <size>0x39</size>
         <input_file_ref idref="fl-cd"/>
      </object_component>
      <object_component id="oc-346">
         <name>.debug_info</name>
         <load_address>0x6a40</load_address>
         <run_address>0x6a40</run_address>
         <size>0x39</size>
         <input_file_ref idref="fl-cd"/>
      </object_component>
      <object_component id="oc-34b">
         <name>.debug_info</name>
         <load_address>0x6a79</load_address>
         <run_address>0x6a79</run_address>
         <size>0xcd</size>
         <input_file_ref idref="fl-cd"/>
      </object_component>
      <object_component id="oc-93">
         <name>.debug_info</name>
         <load_address>0x6b46</load_address>
         <run_address>0x6b46</run_address>
         <size>0x153</size>
         <input_file_ref idref="fl-ce"/>
      </object_component>
      <object_component id="oc-2f5">
         <name>.debug_info</name>
         <load_address>0x6c99</load_address>
         <run_address>0x6c99</run_address>
         <size>0x86d</size>
         <input_file_ref idref="fl-d0"/>
      </object_component>
      <object_component id="oc-1ea">
         <name>.debug_info</name>
         <load_address>0x7506</load_address>
         <run_address>0x7506</run_address>
         <size>0x983</size>
         <input_file_ref idref="fl-d0"/>
      </object_component>
      <object_component id="oc-2f7">
         <name>.debug_info</name>
         <load_address>0x7e89</load_address>
         <run_address>0x7e89</run_address>
         <size>0x9a</size>
         <input_file_ref idref="fl-d0"/>
      </object_component>
      <object_component id="oc-3a1">
         <name>.debug_info</name>
         <load_address>0x7f23</load_address>
         <run_address>0x7f23</run_address>
         <size>0x39</size>
         <input_file_ref idref="fl-d0"/>
      </object_component>
      <object_component id="oc-39c">
         <name>.debug_info</name>
         <load_address>0x7f5c</load_address>
         <run_address>0x7f5c</run_address>
         <size>0x2c</size>
         <input_file_ref idref="fl-d0"/>
      </object_component>
      <object_component id="oc-395">
         <name>.debug_info</name>
         <load_address>0x7f88</load_address>
         <run_address>0x7f88</run_address>
         <size>0x2b9</size>
         <input_file_ref idref="fl-d1"/>
      </object_component>
      <object_component id="oc-2e5">
         <name>.debug_info</name>
         <load_address>0x8241</load_address>
         <run_address>0x8241</run_address>
         <size>0x17c</size>
         <input_file_ref idref="fl-d1"/>
      </object_component>
      <object_component id="oc-391">
         <name>.debug_info</name>
         <load_address>0x83bd</load_address>
         <run_address>0x83bd</run_address>
         <size>0xf9</size>
         <input_file_ref idref="fl-d2"/>
      </object_component>
      <object_component id="oc-2d9">
         <name>.debug_info</name>
         <load_address>0x84b6</load_address>
         <run_address>0x84b6</run_address>
         <size>0x105</size>
         <input_file_ref idref="fl-d2"/>
      </object_component>
      <object_component id="oc-399">
         <name>.debug_info</name>
         <load_address>0x85bb</load_address>
         <run_address>0x85bb</run_address>
         <size>0x29a</size>
         <input_file_ref idref="fl-d3"/>
      </object_component>
      <object_component id="oc-2f0">
         <name>.debug_info</name>
         <load_address>0x8855</load_address>
         <run_address>0x8855</run_address>
         <size>0x268</size>
         <input_file_ref idref="fl-d3"/>
      </object_component>
      <object_component id="oc-355">
         <name>.debug_info</name>
         <load_address>0x8abd</load_address>
         <run_address>0x8abd</run_address>
         <size>0x2a4</size>
         <input_file_ref idref="fl-d4"/>
      </object_component>
      <object_component id="oc-2b0">
         <name>.debug_info</name>
         <load_address>0x8d61</load_address>
         <run_address>0x8d61</run_address>
         <size>0x252</size>
         <input_file_ref idref="fl-d4"/>
      </object_component>
      <object_component id="oc-393">
         <name>.debug_info</name>
         <load_address>0x8fb3</load_address>
         <run_address>0x8fb3</run_address>
         <size>0x28f</size>
         <input_file_ref idref="fl-d5"/>
      </object_component>
      <object_component id="oc-2dc">
         <name>.debug_info</name>
         <load_address>0x9242</load_address>
         <run_address>0x9242</run_address>
         <size>0x24b</size>
         <input_file_ref idref="fl-d5"/>
      </object_component>
      <object_component id="oc-397">
         <name>.debug_info</name>
         <load_address>0x948d</load_address>
         <run_address>0x948d</run_address>
         <size>0x296</size>
         <input_file_ref idref="fl-d6"/>
      </object_component>
      <object_component id="oc-2e8">
         <name>.debug_info</name>
         <load_address>0x9723</load_address>
         <run_address>0x9723</run_address>
         <size>0x26b</size>
         <input_file_ref idref="fl-d6"/>
      </object_component>
      <object_component id="oc-388">
         <name>.debug_info</name>
         <load_address>0x998e</load_address>
         <run_address>0x998e</run_address>
         <size>0x3da</size>
         <input_file_ref idref="fl-d7"/>
      </object_component>
      <object_component id="oc-385">
         <name>.debug_info</name>
         <load_address>0x9d68</load_address>
         <run_address>0x9d68</run_address>
         <size>0x123</size>
         <input_file_ref idref="fl-d7"/>
      </object_component>
      <object_component id="oc-2c4">
         <name>.debug_info</name>
         <load_address>0x9e8b</load_address>
         <run_address>0x9e8b</run_address>
         <size>0x4e0</size>
         <input_file_ref idref="fl-d7"/>
      </object_component>
      <object_component id="oc-38c">
         <name>.debug_info</name>
         <load_address>0xa36b</load_address>
         <run_address>0xa36b</run_address>
         <size>0x321</size>
         <input_file_ref idref="fl-d8"/>
      </object_component>
      <object_component id="oc-2cd">
         <name>.debug_info</name>
         <load_address>0xa68c</load_address>
         <run_address>0xa68c</run_address>
         <size>0x28b</size>
         <input_file_ref idref="fl-d8"/>
      </object_component>
      <object_component id="oc-38e">
         <name>.debug_info</name>
         <load_address>0xa917</load_address>
         <run_address>0xa917</run_address>
         <size>0x322</size>
         <input_file_ref idref="fl-d9"/>
      </object_component>
      <object_component id="oc-2d3">
         <name>.debug_info</name>
         <load_address>0xac39</load_address>
         <run_address>0xac39</run_address>
         <size>0x2cf</size>
         <input_file_ref idref="fl-d9"/>
      </object_component>
      <object_component id="oc-369">
         <name>.debug_info</name>
         <load_address>0xaf08</load_address>
         <run_address>0xaf08</run_address>
         <size>0x322</size>
         <input_file_ref idref="fl-da"/>
      </object_component>
      <object_component id="oc-2bf">
         <name>.debug_info</name>
         <load_address>0xb22a</load_address>
         <run_address>0xb22a</run_address>
         <size>0x231</size>
         <input_file_ref idref="fl-da"/>
      </object_component>
      <object_component id="oc-367">
         <name>.debug_info</name>
         <load_address>0xb45b</load_address>
         <run_address>0xb45b</run_address>
         <size>0x323</size>
         <input_file_ref idref="fl-db"/>
      </object_component>
      <object_component id="oc-2b8">
         <name>.debug_info</name>
         <load_address>0xb77e</load_address>
         <run_address>0xb77e</run_address>
         <size>0x254</size>
         <input_file_ref idref="fl-db"/>
      </object_component>
      <object_component id="oc-3d1">
         <name>.debug_info</name>
         <load_address>0xb9d2</load_address>
         <run_address>0xb9d2</run_address>
         <size>0x2fd</size>
         <input_file_ref idref="fl-dc"/>
      </object_component>
      <object_component id="oc-37f">
         <name>.debug_info</name>
         <load_address>0xbccf</load_address>
         <run_address>0xbccf</run_address>
         <size>0x225</size>
         <input_file_ref idref="fl-dc"/>
      </object_component>
      <object_component id="oc-3f0">
         <name>.debug_info</name>
         <load_address>0xbef4</load_address>
         <run_address>0xbef4</run_address>
         <size>0x39</size>
         <input_file_ref idref="fl-dc"/>
      </object_component>
      <object_component id="oc-3d2">
         <name>.debug_info</name>
         <load_address>0xbf2d</load_address>
         <run_address>0xbf2d</run_address>
         <size>0x2c</size>
         <input_file_ref idref="fl-dc"/>
      </object_component>
      <object_component id="oc-370">
         <name>.debug_info</name>
         <load_address>0xbf59</load_address>
         <run_address>0xbf59</run_address>
         <size>0x14f</size>
         <input_file_ref idref="fl-dd"/>
      </object_component>
      <object_component id="oc-375">
         <name>.debug_info</name>
         <load_address>0xc0a8</load_address>
         <run_address>0xc0a8</run_address>
         <size>0x12b</size>
         <input_file_ref idref="fl-de"/>
      </object_component>
      <object_component id="oc-37a">
         <name>.debug_info</name>
         <load_address>0xc1d3</load_address>
         <run_address>0xc1d3</run_address>
         <size>0x13d</size>
         <input_file_ref idref="fl-df"/>
      </object_component>
      <object_component id="oc-36c">
         <name>.debug_info</name>
         <load_address>0xc310</load_address>
         <run_address>0xc310</run_address>
         <size>0x13d</size>
         <input_file_ref idref="fl-e0"/>
      </object_component>
      <object_component id="oc-2c8">
         <name>.debug_info</name>
         <load_address>0xc44d</load_address>
         <run_address>0xc44d</run_address>
         <size>0x141</size>
         <input_file_ref idref="fl-e1"/>
      </object_component>
      <object_component id="oc-357">
         <name>.debug_info</name>
         <load_address>0xc58e</load_address>
         <run_address>0xc58e</run_address>
         <size>0x125</size>
         <input_file_ref idref="fl-e2"/>
      </object_component>
      <object_component id="oc-35c">
         <name>.debug_info</name>
         <load_address>0xc6b3</load_address>
         <run_address>0xc6b3</run_address>
         <size>0x137</size>
         <input_file_ref idref="fl-e3"/>
      </object_component>
      <object_component id="oc-3c1">
         <name>.debug_info</name>
         <load_address>0xc7ea</load_address>
         <run_address>0xc7ea</run_address>
         <size>0x289</size>
         <input_file_ref idref="fl-e4"/>
      </object_component>
      <object_component id="oc-3be">
         <name>.debug_info</name>
         <load_address>0xca73</load_address>
         <run_address>0xca73</run_address>
         <size>0x10e</size>
         <input_file_ref idref="fl-e4"/>
      </object_component>
      <object_component id="oc-363">
         <name>.debug_info</name>
         <load_address>0xcb81</load_address>
         <run_address>0xcb81</run_address>
         <size>0x14e</size>
         <input_file_ref idref="fl-e4"/>
      </object_component>
      <object_component id="oc-3cb">
         <name>.debug_info</name>
         <load_address>0xcccf</load_address>
         <run_address>0xcccf</run_address>
         <size>0x161</size>
         <input_file_ref idref="fl-e5"/>
      </object_component>
      <object_component id="oc-1a7">
         <name>.debug_info</name>
         <load_address>0xce30</load_address>
         <run_address>0xce30</run_address>
         <size>0x227</size>
         <input_file_ref idref="fl-e6"/>
      </object_component>
      <object_component id="oc-222">
         <name>.debug_info</name>
         <load_address>0xd057</load_address>
         <run_address>0xd057</run_address>
         <size>0x156</size>
         <input_file_ref idref="fl-e6"/>
      </object_component>
      <object_component id="oc-cc">
         <name>.debug_info</name>
         <load_address>0xd1ad</load_address>
         <run_address>0xd1ad</run_address>
         <size>0x286</size>
         <input_file_ref idref="fl-e6"/>
      </object_component>
      <object_component id="oc-1c9">
         <name>.debug_info</name>
         <load_address>0xd433</load_address>
         <run_address>0xd433</run_address>
         <size>0x2dd</size>
         <input_file_ref idref="fl-e6"/>
      </object_component>
      <object_component id="oc-f0">
         <name>.debug_info</name>
         <load_address>0xd710</load_address>
         <run_address>0xd710</run_address>
         <size>0x413</size>
         <input_file_ref idref="fl-e6"/>
      </object_component>
      <object_component id="oc-274">
         <name>.debug_info</name>
         <load_address>0xdb23</load_address>
         <run_address>0xdb23</run_address>
         <size>0x2de</size>
         <input_file_ref idref="fl-e6"/>
      </object_component>
      <object_component id="oc-155">
         <name>.debug_info</name>
         <load_address>0xde01</load_address>
         <run_address>0xde01</run_address>
         <size>0x3e8</size>
         <input_file_ref idref="fl-e6"/>
      </object_component>
      <object_component id="oc-226">
         <name>.debug_info</name>
         <load_address>0xe1e9</load_address>
         <run_address>0xe1e9</run_address>
         <size>0x265</size>
         <input_file_ref idref="fl-e6"/>
      </object_component>
      <object_component id="oc-c6">
         <name>.debug_info</name>
         <load_address>0xe44e</load_address>
         <run_address>0xe44e</run_address>
         <size>0x28c</size>
         <input_file_ref idref="fl-e6"/>
      </object_component>
      <object_component id="oc-12c">
         <name>.debug_info</name>
         <load_address>0xe6da</load_address>
         <run_address>0xe6da</run_address>
         <size>0x2c7</size>
         <input_file_ref idref="fl-e6"/>
      </object_component>
      <object_component id="oc-132">
         <name>.debug_info</name>
         <load_address>0xe9a1</load_address>
         <run_address>0xe9a1</run_address>
         <size>0x28a</size>
         <input_file_ref idref="fl-e6"/>
      </object_component>
      <object_component id="oc-d2">
         <name>.debug_info</name>
         <load_address>0xec2b</load_address>
         <run_address>0xec2b</run_address>
         <size>0x286</size>
         <input_file_ref idref="fl-e6"/>
      </object_component>
      <object_component id="oc-11a">
         <name>.debug_info</name>
         <load_address>0xeeb1</load_address>
         <run_address>0xeeb1</run_address>
         <size>0x26c</size>
         <input_file_ref idref="fl-e6"/>
      </object_component>
      <object_component id="oc-13e">
         <name>.debug_info</name>
         <load_address>0xf11d</load_address>
         <run_address>0xf11d</run_address>
         <size>0x242</size>
         <input_file_ref idref="fl-e6"/>
      </object_component>
      <object_component id="oc-126">
         <name>.debug_info</name>
         <load_address>0xf35f</load_address>
         <run_address>0xf35f</run_address>
         <size>0x360</size>
         <input_file_ref idref="fl-e6"/>
      </object_component>
      <object_component id="oc-1a2">
         <name>.debug_info</name>
         <load_address>0xf6bf</load_address>
         <run_address>0xf6bf</run_address>
         <size>0x1b3</size>
         <input_file_ref idref="fl-e6"/>
      </object_component>
      <object_component id="oc-19d">
         <name>.debug_info</name>
         <load_address>0xf872</load_address>
         <run_address>0xf872</run_address>
         <size>0x18b</size>
         <input_file_ref idref="fl-e6"/>
      </object_component>
      <object_component id="oc-20e">
         <name>.debug_info</name>
         <load_address>0xf9fd</load_address>
         <run_address>0xf9fd</run_address>
         <size>0x240</size>
         <input_file_ref idref="fl-e7"/>
      </object_component>
      <object_component id="oc-20b">
         <name>.debug_info</name>
         <load_address>0xfc3d</load_address>
         <run_address>0xfc3d</run_address>
         <size>0x15b</size>
         <input_file_ref idref="fl-e7"/>
      </object_component>
      <object_component id="oc-1bd">
         <name>.debug_info</name>
         <load_address>0xfd98</load_address>
         <run_address>0xfd98</run_address>
         <size>0x2a3</size>
         <input_file_ref idref="fl-e7"/>
      </object_component>
      <object_component id="oc-212">
         <name>.debug_info</name>
         <load_address>0x1003b</load_address>
         <run_address>0x1003b</run_address>
         <size>0x2b3</size>
         <input_file_ref idref="fl-e7"/>
      </object_component>
      <object_component id="oc-218">
         <name>.debug_info</name>
         <load_address>0x102ee</load_address>
         <run_address>0x102ee</run_address>
         <size>0x316</size>
         <input_file_ref idref="fl-e7"/>
      </object_component>
      <object_component id="oc-1d6">
         <name>.debug_info</name>
         <load_address>0x10604</load_address>
         <run_address>0x10604</run_address>
         <size>0x27b</size>
         <input_file_ref idref="fl-e7"/>
      </object_component>
      <object_component id="oc-1b5">
         <name>.debug_info</name>
         <load_address>0x1087f</load_address>
         <run_address>0x1087f</run_address>
         <size>0x2b7</size>
         <input_file_ref idref="fl-e7"/>
      </object_component>
      <object_component id="oc-114">
         <name>.debug_info</name>
         <load_address>0x10b36</load_address>
         <run_address>0x10b36</run_address>
         <size>0x279</size>
         <input_file_ref idref="fl-e7"/>
      </object_component>
      <object_component id="oc-10e">
         <name>.debug_info</name>
         <load_address>0x10daf</load_address>
         <run_address>0x10daf</run_address>
         <size>0x280</size>
         <input_file_ref idref="fl-e7"/>
      </object_component>
      <object_component id="oc-237">
         <name>.debug_info</name>
         <load_address>0x1102f</load_address>
         <run_address>0x1102f</run_address>
         <size>0x20e</size>
         <input_file_ref idref="fl-e8"/>
      </object_component>
      <object_component id="oc-234">
         <name>.debug_info</name>
         <load_address>0x1123d</load_address>
         <run_address>0x1123d</run_address>
         <size>0x210</size>
         <input_file_ref idref="fl-e8"/>
      </object_component>
      <object_component id="oc-30d">
         <name>.debug_info</name>
         <load_address>0x1144d</load_address>
         <run_address>0x1144d</run_address>
         <size>0x157</size>
         <input_file_ref idref="fl-e8"/>
      </object_component>
      <object_component id="oc-22c">
         <name>.debug_info</name>
         <load_address>0x115a4</load_address>
         <run_address>0x115a4</run_address>
         <size>0x2c1</size>
         <input_file_ref idref="fl-e8"/>
      </object_component>
      <object_component id="oc-ea">
         <name>.debug_info</name>
         <load_address>0x11865</load_address>
         <run_address>0x11865</run_address>
         <size>0x23e</size>
         <input_file_ref idref="fl-e8"/>
      </object_component>
      <object_component id="oc-de">
         <name>.debug_info</name>
         <load_address>0x11aa3</load_address>
         <run_address>0x11aa3</run_address>
         <size>0x240</size>
         <input_file_ref idref="fl-e8"/>
      </object_component>
      <object_component id="oc-138">
         <name>.debug_info</name>
         <load_address>0x11ce3</load_address>
         <run_address>0x11ce3</run_address>
         <size>0x268</size>
         <input_file_ref idref="fl-e8"/>
      </object_component>
      <object_component id="oc-1ac">
         <name>.debug_info</name>
         <load_address>0x11f4b</load_address>
         <run_address>0x11f4b</run_address>
         <size>0x298</size>
         <input_file_ref idref="fl-e9"/>
      </object_component>
      <object_component id="oc-21e">
         <name>.debug_info</name>
         <load_address>0x121e3</load_address>
         <run_address>0x121e3</run_address>
         <size>0x14d</size>
         <input_file_ref idref="fl-e9"/>
      </object_component>
      <object_component id="oc-108">
         <name>.debug_info</name>
         <load_address>0x12330</load_address>
         <run_address>0x12330</run_address>
         <size>0x27f</size>
         <input_file_ref idref="fl-e9"/>
      </object_component>
      <object_component id="oc-243">
         <name>.debug_info</name>
         <load_address>0x125af</load_address>
         <run_address>0x125af</run_address>
         <size>0x283</size>
         <input_file_ref idref="fl-e9"/>
      </object_component>
      <object_component id="oc-102">
         <name>.debug_info</name>
         <load_address>0x12832</load_address>
         <run_address>0x12832</run_address>
         <size>0x27d</size>
         <input_file_ref idref="fl-e9"/>
      </object_component>
      <object_component id="oc-d8">
         <name>.debug_info</name>
         <load_address>0x12aaf</load_address>
         <run_address>0x12aaf</run_address>
         <size>0x2db</size>
         <input_file_ref idref="fl-e9"/>
      </object_component>
      <object_component id="oc-120">
         <name>.debug_info</name>
         <load_address>0x12d8a</load_address>
         <run_address>0x12d8a</run_address>
         <size>0x2b5</size>
         <input_file_ref idref="fl-e9"/>
      </object_component>
      <object_component id="oc-29e">
         <name>.debug_info</name>
         <load_address>0x1303f</load_address>
         <run_address>0x1303f</run_address>
         <size>0x5f</size>
         <input_file_ref idref="fl-e9"/>
      </object_component>
      <object_component id="oc-2a9">
         <name>.debug_info</name>
         <load_address>0x1309e</load_address>
         <run_address>0x1309e</run_address>
         <size>0x227</size>
         <input_file_ref idref="fl-ea"/>
      </object_component>
      <object_component id="oc-24f">
         <name>.debug_info</name>
         <load_address>0x132c5</load_address>
         <run_address>0x132c5</run_address>
         <size>0x247</size>
         <input_file_ref idref="fl-ea"/>
      </object_component>
      <object_component id="oc-316">
         <name>.debug_info</name>
         <load_address>0x1350c</load_address>
         <run_address>0x1350c</run_address>
         <size>0x249</size>
         <input_file_ref idref="fl-ea"/>
      </object_component>
      <object_component id="oc-249">
         <name>.debug_info</name>
         <load_address>0x13755</load_address>
         <run_address>0x13755</run_address>
         <size>0x326</size>
         <input_file_ref idref="fl-ea"/>
      </object_component>
      <object_component id="oc-1d0">
         <name>.debug_info</name>
         <load_address>0x13a7b</load_address>
         <run_address>0x13a7b</run_address>
         <size>0x291</size>
         <input_file_ref idref="fl-ea"/>
      </object_component>
      <object_component id="oc-1dc">
         <name>.debug_info</name>
         <load_address>0x13d0c</load_address>
         <run_address>0x13d0c</run_address>
         <size>0x253</size>
         <input_file_ref idref="fl-ea"/>
      </object_component>
      <object_component id="oc-255">
         <name>.debug_info</name>
         <load_address>0x13f5f</load_address>
         <run_address>0x13f5f</run_address>
         <size>0x273</size>
         <input_file_ref idref="fl-ea"/>
      </object_component>
      <object_component id="oc-1e2">
         <name>.debug_info</name>
         <load_address>0x141d2</load_address>
         <run_address>0x141d2</run_address>
         <size>0x263</size>
         <input_file_ref idref="fl-ea"/>
      </object_component>
      <object_component id="oc-25b">
         <name>.debug_info</name>
         <load_address>0x14435</load_address>
         <run_address>0x14435</run_address>
         <size>0x24d</size>
         <input_file_ref idref="fl-ea"/>
      </object_component>
      <object_component id="oc-1c2">
         <name>.debug_info</name>
         <load_address>0x14682</load_address>
         <run_address>0x14682</run_address>
         <size>0x212</size>
         <input_file_ref idref="fl-eb"/>
      </object_component>
      <object_component id="oc-1ae">
         <name>.debug_info</name>
         <load_address>0x14894</load_address>
         <run_address>0x14894</run_address>
         <size>0x20f</size>
         <input_file_ref idref="fl-eb"/>
      </object_component>
      <object_component id="oc-422">
         <name>.debug_info</name>
         <load_address>0x14aa3</load_address>
         <run_address>0x14aa3</run_address>
         <size>0xcb</size>
      </object_component>
      <object_component id="oc-19b">
         <name>.debug_line</name>
         <load_address>0x0</load_address>
         <run_address>0x0</run_address>
         <size>0x9e</size>
         <input_file_ref idref="fl-2"/>
      </object_component>
      <object_component id="oc-e7">
         <name>.debug_line</name>
         <load_address>0x9e</load_address>
         <run_address>0x9e</run_address>
         <size>0xad</size>
         <input_file_ref idref="fl-2"/>
      </object_component>
      <object_component id="oc-240">
         <name>.debug_line</name>
         <load_address>0x14b</load_address>
         <run_address>0x14b</run_address>
         <size>0x55</size>
         <input_file_ref idref="fl-2"/>
      </object_component>
      <object_component id="oc-70">
         <name>.debug_line</name>
         <load_address>0x1a0</load_address>
         <run_address>0x1a0</run_address>
         <size>0x69</size>
         <input_file_ref idref="fl-2"/>
      </object_component>
      <object_component id="oc-b2">
         <name>.debug_line</name>
         <load_address>0x209</load_address>
         <run_address>0x209</run_address>
         <size>0x20</size>
         <input_file_ref idref="fl-2"/>
      </object_component>
      <object_component id="oc-ad">
         <name>.debug_line</name>
         <load_address>0x229</load_address>
         <run_address>0x229</run_address>
         <size>0x6d</size>
         <input_file_ref idref="fl-2"/>
      </object_component>
      <object_component id="oc-75">
         <name>.debug_line</name>
[...]
      </symbol>
      <symbol id="sm-9">
         <name>__STACK_END</name>
         <value>0x20006330</value>
      </symbol>
      <symbol id="sm-a">
         <name>__c_args__</name>
         <value>0xffffffff</value>
      </symbol>
      <symbol id="sm-b">
         <name>__TI_pprof_out_hndl</name>
         <value>0xffffffff</value>
      </symbol>
      <symbol id="sm-c">
         <name>__TI_prof_data_start</name>
         <value>0xffffffff</value>
      </symbol>
      <symbol id="sm-d">
         <name>__TI_prof_data_size</name>
         <value>0xffffffff</value>
      </symbol>
      <symbol id="sm-55">
         <name>TBC_initSPI</name>
         <value>0x3553</value>
         <object_component_ref idref="oc-e3"/>
      </symbol>
      <symbol id="sm-56">
         <name>TBC_initMainBoard</name>
         <value>0x3521</value>
         <object_component_ref idref="oc-e3"/>
      </symbol>
      <symbol id="sm-57">
         <name>TBC_initLimitSwitch</name>
         <value>0x3555</value>
         <object_component_ref idref="oc-e3"/>
      </symbol>
      <symbol id="sm-58">
         <name>TBC_LimitSwitchIntHandler</name>
         <value>0x3557</value>
         <object_component_ref idref="oc-e3"/>
      </symbol>
      <symbol id="sm-59">
         <name>TBC_initDebug</name>
         <value>0x352d</value>
         <object_component_ref idref="oc-e3"/>
      </symbol>
      <symbol id="sm-74">
         <name>TBC_ReadUART</name>
         <value>0x2e91</value>
         <object_component_ref idref="oc-f5"/>
      </symbol>
      <symbol id="sm-75">
         <name>TBC_initUART1</name>
         <value>0x2e59</value>
         <object_component_ref idref="oc-f5"/>
      </symbol>
      <symbol id="sm-104">
         <name>buffer</name>
         <value>0x2000602c</value>
      </symbol>
      <symbol id="sm-105">
         <name>pos_vel_data</name>
         <value>0x2000026c</value>
      </symbol>
      <symbol id="sm-106">
         <name>sCANMessage1</name>
         <value>0x200060f4</value>
      </symbol>
      <symbol id="sm-107">
         <name>ui32Msg1Data</name>
         <value>0x20006128</value>
      </symbol>
      <symbol id="sm-108">
         <name>pui8Msg1Data</name>
         <value>0x20006124</value>
      </symbol>
      <symbol id="sm-109">
         <name>sCANMessage2</name>
         <value>0x20006108</value>
      </symbol>
      <symbol id="sm-10a">
         <name>pui8Msg2Data</name>
         <value>0x2000611c</value>
      </symbol>
      <symbol id="sm-10b">
         <name>loadMoveData</name>
         <value>0xf9d</value>
         <object_component_ref idref="oc-98"/>
      </symbol>
      <symbol id="sm-10c">
         <name>initCAN</name>
         <value>0xf29</value>
         <object_component_ref idref="oc-98"/>
      </symbol>
      <symbol id="sm-10d">
         <name>sendAllMotorsCommand</name>
         <value>0x1337</value>
         <object_component_ref idref="oc-98"/>
      </symbol>
      <symbol id="sm-10e">
         <name>M_RXFlag</name>
         <value>0x20006335</value>
         <object_component_ref idref="oc-143"/>
      </symbol>
      <symbol id="sm-10f">
         <name>main</name>
         <value>0xdb9</value>
         <object_component_ref idref="oc-98"/>
      </symbol>
      <symbol id="sm-110">
         <name>CANIntHandler</name>
         <value>0xd5d</value>
         <object_component_ref idref="oc-98"/>
      </symbol>
      <symbol id="sm-111">
         <name>g_bErrFlag</name>
         <value>0x20006336</value>
         <object_component_ref idref="oc-143"/>
      </symbol>
      <symbol id="sm-112">
         <name>sendAllMotorsPos</name>
         <value>0x113d</value>
         <object_component_ref idref="oc-98"/>
      </symbol>
      <symbol id="sm-133">
         <name>ResetISR</name>
         <value>0x396b</value>
         <object_component_ref idref="oc-24"/>
      </symbol>
      <symbol id="sm-134">
         <name>g_pfnVectors</name>
         <value>0x0</value>
         <object_component_ref idref="oc-f"/>
      </symbol>
      <symbol id="sm-1a3">
         <name>UARTgetc</name>
         <value>0x16b3</value>
         <object_component_ref idref="oc-14e"/>
      </symbol>
      <symbol id="sm-1a4">
         <name>UARTgets</name>
         <value>0x15f9</value>
         <object_component_ref idref="oc-14e"/>
      </symbol>
      <symbol id="sm-1a5">
         <name>UARTStdioConfig</name>
         <value>0x156d</value>
         <object_component_ref idref="oc-14e"/>
      </symbol>
      <symbol id="sm-1a6">
         <name>UARTwrite</name>
         <value>0x15b3</value>
         <object_component_ref idref="oc-14e"/>
      </symbol>
      <symbol id="sm-1a7">
         <name>UARTprintf</name>
         <value>0x19d3</value>
         <object_component_ref idref="oc-14e"/>
      </symbol>
      <symbol id="sm-1a8">
         <name>UARTvprintf</name>
         <value>0x16d9</value>
         <object_component_ref idref="oc-14e"/>
      </symbol>
      <symbol id="sm-1b7">
         <name>__aeabi_uidivmod</name>
         <value>0x3561</value>
         <object_component_ref idref="oc-269"/>
      </symbol>
      <symbol id="sm-1b8">
         <name>__aeabi_uidiv</name>
         <value>0x3561</value>
         <object_component_ref idref="oc-269"/>
      </symbol>
      <symbol id="sm-1cf">
         <name>__TI_zero_init</name>
         <value>0x395f</value>
         <object_component_ref idref="oc-4a"/>
      </symbol>
      <symbol id="sm-1e6">
         <name>__TI_decompress_none</name>
         <value>0x3939</value>
         <object_component_ref idref="oc-18"/>
      </symbol>
      <symbol id="sm-209">
         <name>__TI_decompress_lzss</name>
         <value>0x32fd</value>
         <object_component_ref idref="oc-12"/>
      </symbol>
      <symbol id="sm-21c">
         <name>__stack</name>
         <value>0x20006130</value>
         <object_component_ref idref="oc-21"/>
      </symbol>
      <symbol id="sm-21d">
         <name>_c_int00_noargs</name>
         <value>0x364d</value>
         <object_component_ref idref="oc-56"/>
      </symbol>
      <symbol id="sm-228">
         <name>C$$EXIT</name>
         <value>0x39c3</value>
         <object_component_ref idref="oc-15c"/>
      </symbol>
      <symbol id="sm-229">
         <name>abort</name>
         <value>0x39c3</value>
         <object_component_ref idref="oc-15c"/>
      </symbol>
      <symbol id="sm-262">
         <name>sscanf</name>
         <value>0x3685</value>
         <object_component_ref idref="oc-fb"/>
      </symbol>
      <symbol id="sm-26c">
         <name>__aeabi_idiv0</name>
         <value>0x21fb</value>
         <object_component_ref idref="oc-325"/>
      </symbol>
      <symbol id="sm-26d">
         <name>__aeabi_ldiv0</name>
         <value>0x21fb</value>
         <object_component_ref idref="oc-325"/>
      </symbol>
      <symbol id="sm-288">
         <name>memcpy</name>
         <value>0x2f21</value>
         <object_component_ref idref="oc-38"/>
      </symbol>
      <symbol id="sm-289">
         <name>__aeabi_memcpy</name>
         <value>0x2f21</value>
         <object_component_ref idref="oc-38"/>
      </symbol>
      <symbol id="sm-28a">
         <name>__aeabi_memcpy8</name>
         <value>0x2f21</value>
         <object_component_ref idref="oc-38"/>
      </symbol>
      <symbol id="sm-28b">
         <name>__aeabi_memcpy4</name>
         <value>0x2f21</value>
         <object_component_ref idref="oc-38"/>
      </symbol>
      <symbol id="sm-29a">
         <name>__aeabi_memset</name>
         <value>0x30db</value>
         <object_component_ref idref="oc-8c"/>
      </symbol>
      <symbol id="sm-29b">
         <name>memset</name>
         <value>0x30e1</value>
         <object_component_ref idref="oc-8c"/>
      </symbol>
      <symbol id="sm-29c">
         <name>__aeabi_memset8</name>
         <value>0x30db</value>
         <object_component_ref idref="oc-8c"/>
      </symbol>
      <symbol id="sm-29d">
         <name>__aeabi_memset4</name>
         <value>0x30db</value>
         <object_component_ref idref="oc-8c"/>
      </symbol>
      <symbol id="sm-29e">
         <name>__aeabi_memclr8</name>
         <value>0x30d9</value>
         <object_component_ref idref="oc-8c"/>
      </symbol>
      <symbol id="sm-29f">
         <name>__aeabi_memclr4</name>
         <value>0x30d9</value>
         <object_component_ref idref="oc-8c"/>
      </symbol>
      <symbol id="sm-2a0">
         <name>__aeabi_memclr</name>
         <value>0x30d9</value>
         <object_component_ref idref="oc-8c"/>
      </symbol>
      <symbol id="sm-2c8">
         <name>__TI_auto_init_nobinit_nopinit</name>
         <value>0x349d</value>
         <object_component_ref idref="oc-168"/>
      </symbol>
      <symbol id="sm-2d2">
         <name>_system_pre_init</name>
         <value>0x39bf</value>
         <object_component_ref idref="oc-92"/>
      </symbol>
      <symbol id="sm-38e">
         <name>__TI_scanfi</name>
         <value>0x26d</value>
         <object_component_ref idref="oc-1e9"/>
      </symbol>
      <symbol id="sm-3a4">
         <name>atoi</name>
         <value>0x33c1</value>
         <object_component_ref idref="oc-2e1"/>
      </symbol>
      <symbol id="sm-3af">
         <name>_ctypes_</name>
         <value>0x39c8</value>
         <object_component_ref idref="oc-2d8"/>
      </symbol>
      <symbol id="sm-3bf">
         <name>strchr</name>
         <value>0x3861</value>
         <object_component_ref idref="oc-2ed"/>
      </symbol>
      <symbol id="sm-3cd">
         <name>strcpy</name>
         <value>0x389f</value>
         <object_component_ref idref="oc-2af"/>
      </symbol>
      <symbol id="sm-3db">
         <name>strlen</name>
         <value>0x38b3</value>
         <object_component_ref idref="oc-2db"/>
      </symbol>
      <symbol id="sm-3ea">
         <name>strrchr</name>
         <value>0x3849</value>
         <object_component_ref idref="oc-2e7"/>
      </symbol>
      <symbol id="sm-44a">
         <name>strtold</name>
         <value>0x1a09</value>
         <object_component_ref idref="oc-2c1"/>
      </symbol>
      <symbol id="sm-44b">
         <name>strtod</name>
         <value>0x1a09</value>
         <object_component_ref idref="oc-2c1"/>
      </symbol>
      <symbol id="sm-46f">
         <name>strtol</name>
         <value>0x26f9</value>
         <object_component_ref idref="oc-2cc"/>
      </symbol>
      <symbol id="sm-495">
         <name>strtoll</name>
         <value>0x1e69</value>
         <object_component_ref idref="oc-2d2"/>
      </symbol>
      <symbol id="sm-4b5">
         <name>strtoul</name>
         <value>0x2a49</value>
         <object_component_ref idref="oc-2bb"/>
      </symbol>
      <symbol id="sm-4d8">
         <name>strtoull</name>
         <value>0x21fd</value>
         <object_component_ref idref="oc-2b5"/>
      </symbol>
      <symbol id="sm-4ff">
         <name>scalbn</name>
         <value>0x2939</value>
         <object_component_ref idref="oc-37e"/>
      </symbol>
      <symbol id="sm-500">
         <name>scalbnl</name>
         <value>0x2939</value>
         <object_component_ref idref="oc-37e"/>
      </symbol>
      <symbol id="sm-501">
         <name>ldexpl</name>
         <value>0x2939</value>
         <object_component_ref idref="oc-37e"/>
      </symbol>
      <symbol id="sm-502">
         <name>ldexp</name>
         <value>0x2939</value>
         <object_component_ref idref="oc-37e"/>
      </symbol>
      <symbol id="sm-519">
         <name>__aeabi_dsub</name>
         <value>0x2045</value>
         <object_component_ref idref="oc-36f"/>
      </symbol>
      <symbol id="sm-51a">
         <name>__aeabi_dadd</name>
         <value>0x204f</value>
         <object_component_ref idref="oc-36f"/>
      </symbol>
      <symbol id="sm-52c">
         <name>__aeabi_cdcmpeq</name>
         <value>0x3053</value>
         <object_component_ref idref="oc-374"/>
      </symbol>
      <symbol id="sm-52d">
         <name>__aeabi_cdcmple</name>
         <value>0x3053</value>
         <object_component_ref idref="oc-374"/>
      </symbol>
      <symbol id="sm-541">
         <name>__aeabi_ddiv</name>
         <value>0x248f</value>
         <object_component_ref idref="oc-379"/>
      </symbol>
      <symbol id="sm-54c">
         <name>__aeabi_dmul</name>
         <value>0x2c67</value>
         <object_component_ref idref="oc-36a"/>
      </symbol>
      <symbol id="sm-558">
         <name>__aeabi_d2f</name>
         <value>0x3153</value>
         <object_component_ref idref="oc-2c7"/>
      </symbol>
      <symbol id="sm-561">
         <name>__aeabi_lmul</name>
         <value>0x3831</value>
         <object_component_ref idref="oc-356"/>
      </symbol>
      <symbol id="sm-56e">
         <name>__aeabi_uldivmod</name>
         <value>0x2fbd</value>
         <object_component_ref idref="oc-35b"/>
      </symbol>
      <symbol id="sm-584">
         <name>__aeabi_errno_addr</name>
         <value>0x399d</value>
         <object_component_ref idref="oc-360"/>
      </symbol>
      <symbol id="sm-585">
         <name>errno</name>
         <value>0x20006338</value>
         <object_component_ref idref="oc-3bd"/>
      </symbol>
      <symbol id="sm-58f">
         <name>copysign</name>
         <value>0x388b</value>
         <object_component_ref idref="oc-3ca"/>
      </symbol>
      <symbol id="sm-590">
         <name>copysignl</name>
         <value>0x388b</value>
         <object_component_ref idref="oc-3ca"/>
      </symbol>
      <symbol id="sm-653">
         <name>CANIntRegister</name>
         <value>0x3801</value>
         <object_component_ref idref="oc-12b"/>
      </symbol>
      <symbol id="sm-654">
         <name>CANMessageGet</name>
         <value>0x2b59</value>
         <object_component_ref idref="oc-154"/>
      </symbol>
      <symbol id="sm-655">
         <name>CANBitRateSet</name>
         <value>0x31c1</value>
         <object_component_ref idref="oc-125"/>
      </symbol>
      <symbol id="sm-656">
         <name>CANEnable</name>
         <value>0x3977</value>
         <object_component_ref idref="oc-13d"/>
      </symbol>
      <symbol id="sm-657">
         <name>CANStatusGet</name>
         <value>0x34e1</value>
         <object_component_ref idref="oc-cb"/>
      </symbol>
      <symbol id="sm-658">
         <name>CANMessageSet</name>
         <value>0x2359</value>
         <object_component_ref idref="oc-ef"/>
      </symbol>
      <symbol id="sm-659">
         <name>CANIntClear</name>
         <value>0x379d</value>
         <object_component_ref idref="oc-d1"/>
      </symbol>
      <symbol id="sm-65a">
         <name>CANIntStatus</name>
         <value>0x37bf</value>
         <object_component_ref idref="oc-c5"/>
      </symbol>
      <symbol id="sm-65b">
         <name>CANInit</name>
         <value>0x35a1</value>
         <object_component_ref idref="oc-119"/>
      </symbol>
      <symbol id="sm-65c">
         <name>CANIntEnable</name>
         <value>0x3995</value>
         <object_component_ref idref="oc-131"/>
      </symbol>
      <symbol id="sm-6a6">
         <name>GPIOPinConfigure</name>
         <value>0x340d</value>
         <object_component_ref idref="oc-10d"/>
      </symbol>
      <symbol id="sm-6a7">
         <name>GPIOPinTypeUART</name>
         <value>0x38d9</value>
         <object_component_ref idref="oc-1d5"/>
      </symbol>
      <symbol id="sm-6a8">
         <name>GPIOPinTypeGPIOOutput</name>
         <value>0x3819</value>
         <object_component_ref idref="oc-1b4"/>
      </symbol>
      <symbol id="sm-6a9">
         <name>GPIODirModeSet</name>
         <value>0x3725</value>
         <object_component_ref idref="oc-20f"/>
      </symbol>
      <symbol id="sm-6aa">
         <name>GPIOPinWrite</name>
         <value>0x39ad</value>
         <object_component_ref idref="oc-1ba"/>
      </symbol>
      <symbol id="sm-6ab">
         <name>GPIOPadConfigSet</name>
         <value>0x25c5</value>
         <object_component_ref idref="oc-215"/>
      </symbol>
      <symbol id="sm-6ac">
         <name>GPIOPinTypeCAN</name>
         <value>0x38c7</value>
         <object_component_ref idref="oc-113"/>
      </symbol>
      <symbol id="sm-6f7">
         <name>IntEnable</name>
         <value>0x322d</value>
         <object_component_ref idref="oc-137"/>
      </symbol>
      <symbol id="sm-6f8">
         <name>IntRegister</name>
         <value>0x36bd</value>
         <object_component_ref idref="oc-22b"/>
      </symbol>
      <symbol id="sm-6f9">
         <name>IntMasterDisable</name>
         <value>0x38fd</value>
         <object_component_ref idref="oc-dd"/>
      </symbol>
      <symbol id="sm-6fa">
         <name>g_pfnRAMVectors</name>
         <value>0x20000000</value>
         <object_component_ref idref="oc-30c"/>
      </symbol>
      <symbol id="sm-6fb">
         <name>IntMasterEnable</name>
         <value>0x390d</value>
         <object_component_ref idref="oc-e9"/>
      </symbol>
      <symbol id="sm-763">
         <name>SysCtlPeripheralPresent</name>
         <value>0x35dd</value>
         <object_component_ref idref="oc-242"/>
      </symbol>
      <symbol id="sm-764">
         <name>SysCtlClockSet</name>
         <value>0x2d65</value>
         <object_component_ref idref="oc-d7"/>
      </symbol>
      <symbol id="sm-765">
         <name>SysCtlDelay</name>
         <value>0x39b3</value>
         <object_component_ref idref="oc-1aa"/>
      </symbol>
      <symbol id="sm-766">
         <name>SysCtlPeripheralEnable</name>
         <value>0x36f1</value>
         <object_component_ref idref="oc-101"/>
      </symbol>
      <symbol id="sm-767">
         <name>SysCtlClockGet</name>
         <value>0x2829</value>
         <object_component_ref idref="oc-11f"/>
      </symbol>
      <symbol id="sm-768">
         <name>SysCtlPeripheralReady</name>
         <value>0x3615</value>
         <object_component_ref idref="oc-107"/>
      </symbol>
      <symbol id="sm-7b3">
         <name>UARTConfigSetExpClk</name>
         <value>0x3455</value>
         <object_component_ref idref="oc-248"/>
      </symbol>
      <symbol id="sm-7b4">
         <name>UARTDisable</name>
         <value>0x37e1</value>
         <object_component_ref idref="oc-315"/>
      </symbol>
      <symbol id="sm-7b5">
         <name>UARTCharsAvail</name>
         <value>0x392b</value>
         <object_component_ref idref="oc-1db"/>
      </symbol>
      <symbol id="sm-7b6">
         <name>UARTCharGetNonBlocking</name>
         <value>0x391d</value>
         <object_component_ref idref="oc-1e1"/>
      </symbol>
      <symbol id="sm-7b7">
         <name>UARTClockSourceSet</name>
         <value>0x39b9</value>
         <object_component_ref idref="oc-1cf"/>
      </symbol>
      <symbol id="sm-7b8">
         <name>UARTCharPut</name>
         <value>0x398b</value>
         <object_component_ref idref="oc-254"/>
      </symbol>
      <symbol id="sm-7b9">
         <name>UARTEnable</name>
         <value>0x3877</value>
         <object_component_ref idref="oc-24e"/>
      </symbol>
      <symbol id="sm-7ba">
         <name>UARTCharGet</name>
         <value>0x3981</value>
         <object_component_ref idref="oc-25a"/>
      </symbol>
      <symbol id="sm-7cc">
         <name>CPUcpsie</name>
         <value>0x3953</value>
         <object_component_ref idref="oc-1c1"/>
      </symbol>
      <symbol id="sm-7cd">
         <name>CPUcpsid</name>
         <value>0x3947</value>
         <object_component_ref idref="oc-1ad"/>
      </symbol>
      <symbol id="sm-7ce">
         <name>__TI_static_base__</name>
         <value>0x0</value>
      </symbol>
      <symbol id="sm-7d1">
         <name>__mpu_init</name>
         <value>0x0</value>
      </symbol>
      <symbol id="sm-7d2">
         <name>_system_post_cinit</name>
         <value>0x0</value>
      </symbol>
   </symbol_table>
   <title>Link successful</title>
</link_info>
