******************************************************************************
                  TI ARM Linker PC v18.1.4                     
******************************************************************************
>> Linked Sun Jun  2 19:16:28 2019

OUTPUT FILE NAME:   <mainControllerTest.out>
ENTRY POINT SYMBOL: "_c_int00_noargs"  address: 0000490d


MEMORY CONFIGURATION

         name            origin    length      used     unused   attr    fill
----------------------  --------  ---------  --------  --------  ----  --------
  FLASH                 00000000   00040000  000050e2  0003af1e  R  X
  SRAM                  20000000   00008000  000004a0  00007b60  RW X


SEGMENT ALLOCATION MAP

run origin  load origin   length   init length attrs members
----------  ----------- ---------- ----------- ----- -------
00000000    00000000    000050e8   000050e8    r-x
  00000000    00000000    0000026c   0000026c    r-- .intvecs
  0000026c    0000026c    00004a9e   00004a9e    r-x .text
  00004d10    00004d10    00000398   00000398    r-- .const
  000050a8    000050a8    00000040   00000040    r-- .cinit
20000000    20000000    000004a4   00000000    rw-
  20000000    20000000    0000026c   00000000    rw- .vtable
  20000270    20000270    00000200   00000000    rw- .stack
  20000470    20000470    0000001c   00000000    rw- .bss
  2000048c    2000048c    00000018   00000000    rw- .data


SECTION ALLOCATION MAP

 output                                  attributes/
section   page    origin      length       input sections
--------  ----  ----------  ----------   ----------------
.intvecs   0    00000000    0000026c     
                  00000000    0000026c     tm4c1231h6pm_startup_ccs.obj (.intvecs)

.text      0    0000026c    00004a9e     
                  0000026c    00000af0     rtsv7M4_T_le_v4SPD16_eabi.lib : _scanfi.c.obj (.text:__TI_scanfi)
                  00000d5c    00000a5e                                   : _printfi.c.obj (.text:__TI_printfi)
                  000017ba    00000002                                   : div0.asm.obj (.text)
                  000017bc    00000644     main.obj (.text)
                  00001e00    0000049c     uartstdio.obj (.text)
                  0000229c    00000460     rtsv7M4_T_le_v4SPD16_eabi.lib : strtod.c.obj (.text:strtod)
                  000026fc    00000270                                   : _printfi.c.obj (.text:_pconv_a)
                  0000296c    000001dc                                   : strtoll.c.obj (.text:strtoll)
                  00002b48    000001d0                                   : _printfi.c.obj (.text:_pconv_g)
                  00002d18    000001b6                                   : fd_add_t2.asm.obj (.text)
                  00002ece    00000002     --HOLE-- [fill = 0]
                  00002ed0    0000015c                                   : strtoull.c.obj (.text:strtoull)
                  0000302c    0000013c                                   : _printfi.c.obj (.text:_pconv_e)
                  00003168    00000136     driverlib.lib : can.obj (.text:CANMessageSet)
                  0000329e    00000136     rtsv7M4_T_le_v4SPD16_eabi.lib : fd_div_t2.asm.obj (.text)
                  000033d4    00000132     driverlib.lib : gpio.obj (.text:GPIOPadConfigSet)
                  00003506    00000002     --HOLE-- [fill = 0]
                  00003508    00000130     rtsv7M4_T_le_v4SPD16_eabi.lib : strtol.c.obj (.text:strtol)
                  00003638    00000124                                   : _printfi.c.obj (.text:fcvt)
                  0000375c    00000110     driverlib.lib : sysctl.obj (.text:SysCtlClockGet)
                  0000386c    00000110     rtsv7M4_T_le_v4SPD16_eabi.lib : s_scalbn.c.obj (.text:scalbn)
                  0000397c    00000110                                   : strtoul.c.obj (.text:strtoul)
                  00003a8c    0000010e     driverlib.lib : can.obj (.text:CANMessageGet)
                  00003b9a    000000fc     rtsv7M4_T_le_v4SPD16_eabi.lib : fd_mul_t2.asm.obj (.text)
                  00003c96    00000002     --HOLE-- [fill = 0]
                  00003c98    000000f4     driverlib.lib : sysctl.obj (.text:SysCtlClockSet)
                  00003d8c    000000c8     TBCUART.obj (.text)
                  00003e54    000000b1     rtsv7M4_T_le_v4SPD16_eabi.lib : _printfi.c.obj (.text:_ltostr)
                  00003f05    00000001     --HOLE-- [fill = 0]
                  00003f06    0000009c                                   : memcpy_t2.asm.obj (.text)
                  00003fa2    00000096                                   : ull_div_t2.asm.obj (.text)
                  00004038    00000086                                   : fd_cmp_t2.asm.obj (.text:__aeabi_cdcmple)
                  000040be    00000086                                   : fd_cmp_t2.asm.obj (.text:__aeabi_cdrcmple)
                  00004144    0000007a                                   : memset_t2.asm.obj (.text)
                  000041be    0000006e                                   : _printfi.c.obj (.text:_mcpy)
                  0000422c    0000006e                                   : fd_tos_t2.asm.obj (.text)
                  0000429a    00000002     --HOLE-- [fill = 0]
                  0000429c    0000006c     driverlib.lib : can.obj (.text:CANBitRateSet)
                  00004308    00000068                   : interrupt.obj (.text:IntEnable)
                  00004370    00000068     rtsv7M4_T_le_v4SPD16_eabi.lib : sscanf.c.obj (.text:_chkmbc)
                  000043d8    00000068                                   : copy_decompress_lzss.c.obj (.text:decompress:lzss:__TI_decompress_lzss)
                  00004440    00000064                                   : s_frexp.c.obj (.text:frexp)
                  000044a4    0000005c     driverlib.lib : can.obj (.text:_CANIntNumberGet)
                  00004500    00000056     rtsv7M4_T_le_v4SPD16_eabi.lib : _printfi.c.obj (.text:_pconv_f)
                  00004556    00000054                                   : ltoa.c.obj (.text:ltoa)
                  000045aa    00000052                                   : _printfi.c.obj (.text:_ecpy)
                  000045fc    0000004c                                   : atoi.c.obj (.text:atoi)
                  00004648    00000048     driverlib.lib : gpio.obj (.text:GPIOPinConfigure)
                  00004690    00000048     rtsv7M4_T_le_v4SPD16_eabi.lib : fd_toi_t2.asm.obj (.text)
                  000046d8    00000046     driverlib.lib : uart.obj (.text:UARTConfigSetExpClk)
                  0000471e    00000002     --HOLE-- [fill = 0]
                  00004720    00000044     rtsv7M4_T_le_v4SPD16_eabi.lib : autoinit.c.obj (.text:__TI_auto_init_nobinit_nopinit:__TI_auto_init_nobinit_nopinit)
                  00004764    00000040     driverlib.lib : can.obj (.text:CANStatusGet)
                  000047a4    00000040     rtsv7M4_T_le_v4SPD16_eabi.lib : u_divt2.asm.obj (.text)
                  000047e4    00000040                                   : sprintf.c.obj (.text:sprintf)
                  00004824    0000003e                                   : _printfi.c.obj (.text:_fcpy)
                  00004862    0000003a     driverlib.lib : can.obj (.text:CANInit)
                  0000489c    00000038                   : sysctl.obj (.text:SysCtlPeripheralPresent)
                  000048d4    00000038                   : sysctl.obj (.text:SysCtlPeripheralReady)
                  0000490c    00000038     rtsv7M4_T_le_v4SPD16_eabi.lib : boot_cortex_m.c.obj (.text:_c_int00_noargs:_c_int00_noargs)
                  00004944    00000038                                   : sscanf.c.obj (.text:sscanf)
                  0000497c    00000034     driverlib.lib : interrupt.obj (.text:IntRegister)
                  000049b0    00000034                   : sysctl.obj (.text:SysCtlPeripheralEnable)
                  000049e4    0000002e     rtsv7M4_T_le_v4SPD16_eabi.lib : i_tofd_t2.asm.obj (.text)
                  00004a12    0000002a     driverlib.lib : gpio.obj (.text:GPIODirModeSet)
                  00004a3c    0000002a                   : can.obj (.text:_CANDataRegRead)
                  00004a66    00000024                   : can.obj (.text:_CANDataRegWrite)
                  00004a8a    00000022                   : can.obj (.text:CANIntClear)
                  00004aac    00000020                   : can.obj (.text:CANIntStatus)
                  00004acc    00000020                   : uart.obj (.text:UARTDisable)
                  00004aec    0000001c     rtsv7M4_T_le_v4SPD16_eabi.lib : memccpy.c.obj (.text:memccpy)
                  00004b08    00000018     driverlib.lib : can.obj (.text:CANIntRegister)
                  00004b20    00000018                   : gpio.obj (.text:GPIOPinTypeGPIOOutput)
                  00004b38    00000018     rtsv7M4_T_le_v4SPD16_eabi.lib : sprintf.c.obj (.text:_outs)
                  00004b50    00000018                                   : ll_mul_t2.asm.obj (.text)
                  00004b68    00000018                                   : strrchr.c.obj (.text:strrchr)
                  00004b80    00000016                                   : strchr.c.obj (.text:strchr)
                  00004b96    00000014     driverlib.lib : uart.obj (.text:UARTEnable)
                  00004baa    00000014     rtsv7M4_T_le_v4SPD16_eabi.lib : s_copysign.c.obj (.text:copysign)
                  00004bbe    00000014                                   : strcpy.c.obj (.text:strcpy)
                  00004bd2    00000014                                   : strlen.c.obj (.text:strlen)
                  00004be6    00000012     driverlib.lib : gpio.obj (.text:GPIOPinTypeCAN)
                  00004bf8    00000012                   : gpio.obj (.text:GPIOPinTypeUART)
                  00004c0a    00000012     rtsv7M4_T_le_v4SPD16_eabi.lib : sscanf.c.obj (.text:_inpchar)
                  00004c1c    00000012                                   : copy_zero_init.c.obj (.text:decompress:ZI:__TI_zero_init_nomemset:__TI_zero_init_nomemset)
                  00004c2e    00000012                                   : wcslen.c.obj (.text:wcslen)
                  00004c40    00000010     driverlib.lib : interrupt.obj (.text:IntMasterDisable)
                  00004c50    00000010                   : interrupt.obj (.text:IntMasterEnable)
                  00004c60    0000000e                   : uart.obj (.text:UARTCharGetNonBlocking)
                  00004c6e    0000000e                   : uart.obj (.text:UARTCharsAvail)
                  00004c7c    0000000e     rtsv7M4_T_le_v4SPD16_eabi.lib : copy_decompress_none.c.obj (.text:decompress:none:__TI_decompress_none)
                  00004c8a    0000000c     driverlib.lib : cpu.obj (.text:CPUcpsid)
                  00004c96    0000000c                   : cpu.obj (.text:CPUcpsie)
                  00004ca2    0000000c     tm4c1231h6pm_startup_ccs.obj (.text)
                  00004cae    0000000a     driverlib.lib : can.obj (.text:CANEnable)
                  00004cb8    0000000a                   : uart.obj (.text:UARTCharGet)
                  00004cc2    0000000a                   : uart.obj (.text:UARTCharPut)
                  00004ccc    0000000a     rtsv7M4_T_le_v4SPD16_eabi.lib : sprintf.c.obj (.text:_outc)
                  00004cd6    00000008     driverlib.lib : can.obj (.text:CANIntEnable)
                  00004cde    00000002     --HOLE-- [fill = 0]
                  00004ce0    00000008     rtsv7M4_T_le_v4SPD16_eabi.lib : errno.c.obj (.text:__aeabi_errno_addr)
                  00004ce8    00000008                                   : sscanf.c.obj (.text:_uninpchar)
                  00004cf0    00000006     driverlib.lib : gpio.obj (.text:GPIOPinWrite)
                  00004cf6    00000006                   : sysctl.obj (.text:SysCtlDelay)
                  00004cfc    00000006                   : uart.obj (.text:UARTClockSourceSet)
                  00004d02    00000004     rtsv7M4_T_le_v4SPD16_eabi.lib : pre_init.c.obj (.text:_system_pre_init)
                  00004d06    00000004                                   : exit.c.obj (.text:abort:abort)

.const     0    00004d10    00000398     
                  00004d10    00000101     rtsv7M4_T_le_v4SPD16_eabi.lib : ctype.c.obj (.const:.string:_ctypes_)
                  00004e11    00000003     --HOLE-- [fill = 0]
                  00004e14    00000004     uartstdio.obj (.const)
                  00004e18    000000c8     rtsv7M4_T_le_v4SPD16_eabi.lib : strtod.c.obj (.const:$O1$$)
                  00004ee0    00000090     driverlib.lib : gpio.obj (.const:g_pui32GPIOBaseAddrs)
                  00004f70    00000070                   : interrupt.obj (.const)
                  00004fe0    0000006c                   : sysctl.obj (.const:g_pui32Xtals)
                  0000504c    00000020                   : can.obj (.const)
                  0000506c    00000012     uartstdio.obj (.const:.string)
                  0000507e    00000002     --HOLE-- [fill = 0]
                  00005080    00000010     rtsv7M4_T_le_v4SPD16_eabi.lib : _scanfi.c.obj (.const:$O1$$)
                  00005090    0000000c     uartstdio.obj (.const:g_ui32UARTBase)
                  0000509c    0000000c     uartstdio.obj (.const:g_ui32UARTPeriph)

.cinit     0    000050a8    00000040     
                  000050a8    0000000c     (.cinit..data.load) [load image, compression = lzss]
                  000050b4    0000000c     (__TI_handler_table)
                  000050c0    00000008     (.cinit..bss.load) [load image, compression = zero_init]
                  000050c8    00000008     (.cinit..vtable.load) [load image, compression = zero_init]
                  000050d0    00000018     (__TI_cinit_table)

.init_array 
*          0    00000000    00000000     UNINITIALIZED

.vtable    0    20000000    0000026c     UNINITIALIZED
                  20000000    0000026c     driverlib.lib : interrupt.obj (.vtable)

.bss       0    20000470    0000001c     UNINITIALIZED
                  20000470    00000014     (.common:motorMessage)
                  20000484    00000008     (.common:pMotorMsg)

.data      0    2000048c    00000018     UNINITIALIZED
                  2000048c    0000000c     main.obj (.data)
                  20000498    00000005     uartstdio.obj (.data)
                  2000049d    00000003     --HOLE--
                  200004a0    00000004     rtsv7M4_T_le_v4SPD16_eabi.lib : errno.c.obj (.data)

.stack     0    20000270    00000200     UNINITIALIZED
                  20000270    00000004     rtsv7M4_T_le_v4SPD16_eabi.lib : boot_cortex_m.c.obj (.stack)
                  20000274    000001fc     --HOLE--

MODULE SUMMARY

       Module                         code    ro data   rw data
       ------                         ----    -------   -------
    .\
       main.obj                       1604    0         40     
       uartstdio.obj                  1180    46        5      
       tm4c1231h6pm_startup_ccs.obj   12      620       0      
       TBCUART.obj                    200     0         0      
    +--+------------------------------+-------+---------+---------+
       Total:                         2996    666       45     
                                                               
    C:/ti/tivaware_c_series_2_1_4_178/driverlib/ccs/Debug/driverlib.lib
       can.obj                        1088    32        0      
       interrupt.obj                  188     112       620    
       sysctl.obj                     686     108       0      
       gpio.obj                       486     144       0      
       uart.obj                       176     0         0      
       cpu.obj                        24      0         0      
    +--+------------------------------+-------+---------+---------+
       Total:                         2648    396       620    
                                                               
    C:\ti\ccsv8\tools\compiler\ti-cgt-arm_18.1.4.LTS\lib\rtsv7M4_T_le_v4SPD16_eabi.lib
       _printfi.c.obj                 4867    0         0      
       _scanfi.c.obj                  2800    16        0      
       strtod.c.obj                   1120    200       0      
       strtoll.c.obj                  476     0         0      
       fd_add_t2.asm.obj              438     0         0      
       strtoull.c.obj                 348     0         0      
       fd_div_t2.asm.obj              310     0         0      
       strtol.c.obj                   304     0         0      
       s_scalbn.c.obj                 272     0         0      
       strtoul.c.obj                  272     0         0      
       fd_cmp_t2.asm.obj              268     0         0      
       ctype.c.obj                    0       257       0      
       fd_mul_t2.asm.obj              252     0         0      
       sscanf.c.obj                   186     0         0      
       memcpy_t2.asm.obj              156     0         0      
       ull_div_t2.asm.obj             150     0         0      
       memset_t2.asm.obj              122     0         0      
       fd_tos_t2.asm.obj              110     0         0      
       copy_decompress_lzss.c.obj     104     0         0      
       s_frexp.c.obj                  100     0         0      
       sprintf.c.obj                  98      0         0      
       ltoa.c.obj                     84      0         0      
       atoi.c.obj                     76      0         0      
       fd_toi_t2.asm.obj              72      0         0      
       autoinit.c.obj                 68      0         0      
       u_divt2.asm.obj                64      0         0      
       boot_cortex_m.c.obj            56      0         0      
       i_tofd_t2.asm.obj              46      0         0      
       memccpy.c.obj                  28      0         0      
       ll_mul_t2.asm.obj              24      0         0      
       strrchr.c.obj                  24      0         0      
       strchr.c.obj                   22      0         0      
       s_copysign.c.obj               20      0         0      
       strcpy.c.obj                   20      0         0      
       strlen.c.obj                   20      0         0      
       copy_zero_init.c.obj           18      0         0      
       wcslen.c.obj                   18      0         0      
       copy_decompress_none.c.obj     14      0         0      
       errno.c.obj                    8       0         4      
       exit.c.obj                     4       0         0      
       pre_init.c.obj                 4       0         0      
       div0.asm.obj                   2       0         0      
    +--+------------------------------+-------+---------+---------+
       Total:                         13445   473       4      
                                                               
       Stack:                         0       0         512    
       Linker Generated:              0       64        0      
    +--+------------------------------+-------+---------+---------+
       Grand Total:                   19089   1599      1181   


LINKER GENERATED COPY TABLES

__TI_cinit_table @ 000050d0 records: 3, size/record: 8, table size: 24
	.data: load addr=000050a8, load size=0000000c bytes, run addr=2000048c, run size=00000018 bytes, compression=lzss
	.bss: load addr=000050c0, load size=00000008 bytes, run addr=20000470, run size=0000001c bytes, compression=zero_init
	.vtable: load addr=000050c8, load size=00000008 bytes, run addr=20000000, run size=0000026c bytes, compression=zero_init


LINKER GENERATED HANDLER TABLE

__TI_handler_table @ 000050b4 records: 3, size/record: 4, table size: 12
	index: 0, handler: __TI_zero_init
	index: 1, handler: __TI_decompress_lzss
	index: 2, handler: __TI_decompress_none


GLOBAL SYMBOLS: SORTED ALPHABETICALLY BY Name 

address   name                          
-------   ----                          
00004d07  C$$EXIT                       
0000429d  CANBitRateSet                 
00004caf  CANEnable                     
00004863  CANInit                       
00004a8b  CANIntClear                   
00004cd7  CANIntEnable                  
000017bd  CANIntHandler                 
00004b09  CANIntRegister                
00004aad  CANIntStatus                  
00003a8d  CANMessageGet                 
00003169  CANMessageSet                 
00004765  CANStatusGet                  
00001c6b  CAN_Response                  
00004c8b  CPUcpsid                      
00004c97  CPUcpsie                      
00004a13  GPIODirModeSet                
000033d5  GPIOPadConfigSet              
00004649  GPIOPinConfigure              
00004be7  GPIOPinTypeCAN                
00004b21  GPIOPinTypeGPIOOutput         
00004bf9  GPIOPinTypeUART               
00004cf1  GPIOPinWrite                  
00004309  IntEnable                     
00004c41  IntMasterDisable              
00004c51  IntMasterEnable               
0000497d  IntRegister                   
2000048c  M0_RXFlag                     
2000048d  M1_RXFlag                     
2000048e  M2_RXFlag                     
2000048f  M3_RXFlag                     
20000490  M4_RXFlag                     
20000491  M5_RXFlag                     
00004ca3  ResetISR                      
0000375d  SysCtlClockGet                
00003c99  SysCtlClockSet                
00004cf7  SysCtlDelay                   
000049b1  SysCtlPeripheralEnable        
0000489d  SysCtlPeripheralPresent       
000048d5  SysCtlPeripheralReady         
00003dc5  TBC_ReadUART                  
00003d8d  TBC_initUART1                 
00004cb9  UARTCharGet                   
00004c61  UARTCharGetNonBlocking        
00004cc3  UARTCharPut                   
00004c6f  UARTCharsAvail                
00004cfd  UARTClockSourceSet            
000046d9  UARTConfigSetExpClk           
00004acd  UARTDisable                   
00004b97  UARTEnable                    
00001e01  UARTStdioConfig               
00001f47  UARTgetc                      
00001e8d  UARTgets                      
00002267  UARTprintf                    
00001f6d  UARTvprintf                   
00001e47  UARTwrite                     
20000470  __STACK_END                   
00000200  __STACK_SIZE                  
20000470  __STACK_TOP                   
000050d0  __TI_CINIT_Base               
000050e8  __TI_CINIT_Limit              
000050b4  __TI_Handler_Table_Base       
000050c0  __TI_Handler_Table_Limit      
00004721  __TI_auto_init_nobinit_nopinit
000043d9  __TI_decompress_lzss          
00004c7d  __TI_decompress_none          
ffffffff  __TI_pprof_out_hndl           
00000d5d  __TI_printfi                  
ffffffff  __TI_prof_data_size           
ffffffff  __TI_prof_data_start          
0000026d  __TI_scanfi                   
00000000  __TI_static_base__            
00004c1d  __TI_zero_init_nomemset       
00004039  __aeabi_cdcmpeq               
00004039  __aeabi_cdcmple               
000040bf  __aeabi_cdrcmple              
0000422d  __aeabi_d2f                   
00004691  __aeabi_d2iz                  
00002d23  __aeabi_dadd                  
0000329f  __aeabi_ddiv                  
00003b9b  __aeabi_dmul                  
00002d19  __aeabi_dsub                  
00004ce1  __aeabi_errno_addr            
000049e5  __aeabi_i2d                   
000017bb  __aeabi_idiv0                 
000017bb  __aeabi_ldiv0                 
00004b51  __aeabi_lmul                  
00004145  __aeabi_memclr                
00004145  __aeabi_memclr4               
00004145  __aeabi_memclr8               
00003f07  __aeabi_memcpy                
00003f07  __aeabi_memcpy4               
00003f07  __aeabi_memcpy8               
00004147  __aeabi_memset                
00004147  __aeabi_memset4               
00004147  __aeabi_memset8               
000047a5  __aeabi_uidiv                 
000047a5  __aeabi_uidivmod              
00003fa3  __aeabi_uldivmod              
ffffffff  __binit__                     
ffffffff  __c_args__                    
UNDEFED   __mpu_init                    
20000270  __stack                       
0000490d  _c_int00_noargs               
00004d10  _ctypes_                      
UNDEFED   _system_post_cinit            
00004d03  _system_pre_init              
00004d07  abort                         
000045fd  atoi                          
ffffffff  binit                         
00004bab  copysign                      
00004bab  copysignl                     
200004a0  errno                         
00004441  frexp                         
00004441  frexpl                        
20000492  g_bErrFlag                    
20000000  g_pfnRAMVectors               
00000000  g_pfnVectors                  
00001baf  initCAN                       
0000386d  ldexp                         
0000386d  ldexpl                        
00004557  ltoa                          
000018a5  main                          
00004aed  memccpy                       
00003f07  memcpy                        
0000414d  memset                        
20000470  motorMessage                  
20000484  pMotorMsg                     
0000386d  scalbn                        
0000386d  scalbnl                       
000047e5  sprintf                       
00004945  sscanf                        
20000494  state                         
00004b81  strchr                        
00004bbf  strcpy                        
00004bd3  strlen                        
00004b69  strrchr                       
0000229d  strtod                        
00003509  strtol                        
0000229d  strtold                       
0000296d  strtoll                       
0000397d  strtoul                       
00002ed1  strtoull                      
00004c2f  wcslen                        


GLOBAL SYMBOLS: SORTED BY Symbol Address 

address   name                          
-------   ----                          
00000000  __TI_static_base__            
00000000  g_pfnVectors                  
00000200  __STACK_SIZE                  
0000026d  __TI_scanfi                   
00000d5d  __TI_printfi                  
000017bb  __aeabi_idiv0                 
000017bb  __aeabi_ldiv0                 
000017bd  CANIntHandler                 
000018a5  main                          
00001baf  initCAN                       
00001c6b  CAN_Response                  
00001e01  UARTStdioConfig               
00001e47  UARTwrite                     
00001e8d  UARTgets                      
00001f47  UARTgetc                      
00001f6d  UARTvprintf                   
00002267  UARTprintf                    
0000229d  strtod                        
0000229d  strtold                       
0000296d  strtoll                       
00002d19  __aeabi_dsub                  
00002d23  __aeabi_dadd                  
00002ed1  strtoull                      
00003169  CANMessageSet                 
0000329f  __aeabi_ddiv                  
000033d5  GPIOPadConfigSet              
00003509  strtol                        
0000375d  SysCtlClockGet                
0000386d  ldexp                         
0000386d  ldexpl                        
0000386d  scalbn                        
0000386d  scalbnl                       
0000397d  strtoul                       
00003a8d  CANMessageGet                 
00003b9b  __aeabi_dmul                  
00003c99  SysCtlClockSet                
00003d8d  TBC_initUART1                 
00003dc5  TBC_ReadUART                  
00003f07  __aeabi_memcpy                
00003f07  __aeabi_memcpy4               
00003f07  __aeabi_memcpy8               
00003f07  memcpy                        
00003fa3  __aeabi_uldivmod              
00004039  __aeabi_cdcmpeq               
00004039  __aeabi_cdcmple               
000040bf  __aeabi_cdrcmple              
00004145  __aeabi_memclr                
00004145  __aeabi_memclr4               
00004145  __aeabi_memclr8               
00004147  __aeabi_memset                
00004147  __aeabi_memset4               
00004147  __aeabi_memset8               
0000414d  memset                        
0000422d  __aeabi_d2f                   
0000429d  CANBitRateSet                 
00004309  IntEnable                     
000043d9  __TI_decompress_lzss          
00004441  frexp                         
00004441  frexpl                        
00004557  ltoa                          
000045fd  atoi                          
00004649  GPIOPinConfigure              
00004691  __aeabi_d2iz                  
000046d9  UARTConfigSetExpClk           
00004721  __TI_auto_init_nobinit_nopinit
00004765  CANStatusGet                  
000047a5  __aeabi_uidiv                 
000047a5  __aeabi_uidivmod              
000047e5  sprintf                       
00004863  CANInit                       
0000489d  SysCtlPeripheralPresent       
000048d5  SysCtlPeripheralReady         
0000490d  _c_int00_noargs               
00004945  sscanf                        
0000497d  IntRegister                   
000049b1  SysCtlPeripheralEnable        
000049e5  __aeabi_i2d                   
00004a13  GPIODirModeSet                
00004a8b  CANIntClear                   
00004aad  CANIntStatus                  
00004acd  UARTDisable                   
00004aed  memccpy                       
00004b09  CANIntRegister                
00004b21  GPIOPinTypeGPIOOutput         
00004b51  __aeabi_lmul                  
00004b69  strrchr                       
00004b81  strchr                        
00004b97  UARTEnable                    
00004bab  copysign                      
00004bab  copysignl                     
00004bbf  strcpy                        
00004bd3  strlen                        
00004be7  GPIOPinTypeCAN                
00004bf9  GPIOPinTypeUART               
00004c1d  __TI_zero_init_nomemset       
00004c2f  wcslen                        
00004c41  IntMasterDisable              
00004c51  IntMasterEnable               
00004c61  UARTCharGetNonBlocking        
00004c6f  UARTCharsAvail                
00004c7d  __TI_decompress_none          
00004c8b  CPUcpsid                      
00004c97  CPUcpsie                      
00004ca3  ResetISR                      
00004caf  CANEnable                     
00004cb9  UARTCharGet                   
00004cc3  UARTCharPut                   
00004cd7  CANIntEnable                  
00004ce1  __aeabi_errno_addr            
00004cf1  GPIOPinWrite                  
00004cf7  SysCtlDelay                   
00004cfd  UARTClockSourceSet            
00004d03  _system_pre_init              
00004d07  C$$EXIT                       
00004d07  abort                         
00004d10  _ctypes_                      
000050b4  __TI_Handler_Table_Base       
000050c0  __TI_Handler_Table_Limit      
000050d0  __TI_CINIT_Base               
000050e8  __TI_CINIT_Limit              
20000000  g_pfnRAMVectors               
20000270  __stack                       
20000470  __STACK_END                   
20000470  __STACK_TOP                   
20000470  motorMessage                  
20000484  pMotorMsg                     
2000048c  M0_RXFlag                     
2000048d  M1_RXFlag                     
2000048e  M2_RXFlag                     
2000048f  M3_RXFlag                     
20000490  M4_RXFlag                     
20000491  M5_RXFlag                     
20000492  g_bErrFlag                    
20000494  state                         
200004a0  errno                         
ffffffff  __TI_pprof_out_hndl           
ffffffff  __TI_prof_data_size           
ffffffff  __TI_prof_data_start          
ffffffff  __binit__                     
ffffffff  __c_args__                    
ffffffff  binit                         
UNDEFED   __mpu_init                    
UNDEFED   _system_post_cinit            

[143 symbols]
