******************************************************************************
                  TI ARM Linker PC v18.1.4                     
******************************************************************************
>> Linked Tue Jun  4 21:54:10 2019

OUTPUT FILE NAME:   <mainControllerTest2.out>
ENTRY POINT SYMBOL: "_c_int00_noargs"  address: 0000364d


MEMORY CONFIGURATION

         name            origin    length      used     unused   attr    fill
----------------------  --------  ---------  --------  --------  ----  --------
  FLASH                 00000000   00040000  00003d9e  0003c262  R  X
  SRAM                  20000000   00008000  00006338  00001cc8  RW X


SEGMENT ALLOCATION MAP

run origin  load origin   length   init length attrs members
----------  ----------- ---------- ----------- ----- -------
00000000    00000000    00003da0   00003da0    r-x
  00000000    00000000    0000026c   0000026c    r-- .intvecs
  0000026c    0000026c    0000375a   0000375a    r-x .text
  000039c8    000039c8    00000398   00000398    r-- .const
  00003d60    00003d60    00000040   00000040    r-- .cinit
20000000    20000000    0000633c   00000000    rw-
  20000000    20000000    0000026c   00000000    rw- .vtable
  2000026c    2000026c    00005ec0   00000000    rw- .bss
  20006130    20006130    00000200   00000000    rw- .stack
  20006330    20006330    0000000c   00000000    rw- .data


SECTION ALLOCATION MAP

 output                                  attributes/
section   page    origin      length       input sections
--------  ----  ----------  ----------   ----------------
.intvecs   0    00000000    0000026c     
                  00000000    0000026c     tm4c1231h6pm_startup_ccs.obj (.intvecs)

.text      0    0000026c    0000375a     
                  0000026c    00000af0     rtsv7M4_T_le_v4SPD16_eabi.lib : _scanfi.c.obj (.text:__TI_scanfi)
                  00000d5c    00000810     main.obj (.text)
                  0000156c    0000049c     uartstdio.obj (.text)
                  00001a08    00000460     rtsv7M4_T_le_v4SPD16_eabi.lib : strtod.c.obj (.text:strtod)
                  00001e68    000001dc                                   : strtoll.c.obj (.text:strtoll)
                  00002044    000001b6                                   : fd_add_t2.asm.obj (.text)
                  000021fa    00000002                                   : div0.asm.obj (.text)
                  000021fc    0000015c                                   : strtoull.c.obj (.text:strtoull)
                  00002358    00000136     driverlib.lib : can.obj (.text:CANMessageSet)
                  0000248e    00000136     rtsv7M4_T_le_v4SPD16_eabi.lib : fd_div_t2.asm.obj (.text)
                  000025c4    00000132     driverlib.lib : gpio.obj (.text:GPIOPadConfigSet)
                  000026f6    00000002     --HOLE-- [fill = 0]
                  000026f8    00000130     rtsv7M4_T_le_v4SPD16_eabi.lib : strtol.c.obj (.text:strtol)
                  00002828    00000110     driverlib.lib : sysctl.obj (.text:SysCtlClockGet)
                  00002938    00000110     rtsv7M4_T_le_v4SPD16_eabi.lib : s_scalbn.c.obj (.text:scalbn)
                  00002a48    00000110                                   : strtoul.c.obj (.text:strtoul)
                  00002b58    0000010e     driverlib.lib : can.obj (.text:CANMessageGet)
                  00002c66    000000fc     rtsv7M4_T_le_v4SPD16_eabi.lib : fd_mul_t2.asm.obj (.text)
                  00002d62    00000002     --HOLE-- [fill = 0]
                  00002d64    000000f4     driverlib.lib : sysctl.obj (.text:SysCtlClockSet)
                  00002e58    000000c8     TBCUART.obj (.text)
                  00002f20    0000009c     rtsv7M4_T_le_v4SPD16_eabi.lib : memcpy_t2.asm.obj (.text)
                  00002fbc    00000096                                   : ull_div_t2.asm.obj (.text)
                  00003052    00000086                                   : fd_cmp_t2.asm.obj (.text:__aeabi_cdcmple)
                  000030d8    0000007a                                   : memset_t2.asm.obj (.text)
                  00003152    0000006e                                   : fd_tos_t2.asm.obj (.text)
                  000031c0    0000006c     driverlib.lib : can.obj (.text:CANBitRateSet)
                  0000322c    00000068                   : interrupt.obj (.text:IntEnable)
                  00003294    00000068     rtsv7M4_T_le_v4SPD16_eabi.lib : sscanf.c.obj (.text:_chkmbc)
                  000032fc    00000068                                   : copy_decompress_lzss.c.obj (.text:decompress:lzss:__TI_decompress_lzss)
                  00003364    0000005c     driverlib.lib : can.obj (.text:_CANIntNumberGet)
                  000033c0    0000004c     rtsv7M4_T_le_v4SPD16_eabi.lib : atoi.c.obj (.text:atoi)
                  0000340c    00000048     driverlib.lib : gpio.obj (.text:GPIOPinConfigure)
                  00003454    00000046                   : uart.obj (.text:UARTConfigSetExpClk)
                  0000349a    00000002     --HOLE-- [fill = 0]
                  0000349c    00000044     rtsv7M4_T_le_v4SPD16_eabi.lib : autoinit.c.obj (.text:__TI_auto_init_nobinit_nopinit:__TI_auto_init_nobinit_nopinit)
                  000034e0    00000040     driverlib.lib : can.obj (.text:CANStatusGet)
                  00003520    00000040     TBCMainController.obj (.text)
                  00003560    00000040     rtsv7M4_T_le_v4SPD16_eabi.lib : u_divt2.asm.obj (.text)
                  000035a0    0000003a     driverlib.lib : can.obj (.text:CANInit)
                  000035da    00000002     --HOLE-- [fill = 0]
                  000035dc    00000038                   : sysctl.obj (.text:SysCtlPeripheralPresent)
                  00003614    00000038                   : sysctl.obj (.text:SysCtlPeripheralReady)
                  0000364c    00000038     rtsv7M4_T_le_v4SPD16_eabi.lib : boot_cortex_m.c.obj (.text:_c_int00_noargs:_c_int00_noargs)
                  00003684    00000038                                   : sscanf.c.obj (.text:sscanf)
                  000036bc    00000034     driverlib.lib : interrupt.obj (.text:IntRegister)
                  000036f0    00000034                   : sysctl.obj (.text:SysCtlPeripheralEnable)
                  00003724    0000002a                   : gpio.obj (.text:GPIODirModeSet)
                  0000374e    0000002a                   : can.obj (.text:_CANDataRegRead)
                  00003778    00000024                   : can.obj (.text:_CANDataRegWrite)
                  0000379c    00000022                   : can.obj (.text:CANIntClear)
                  000037be    00000020                   : can.obj (.text:CANIntStatus)
                  000037de    00000002     --HOLE-- [fill = 0]
                  000037e0    00000020                   : uart.obj (.text:UARTDisable)
                  00003800    00000018                   : can.obj (.text:CANIntRegister)
                  00003818    00000018                   : gpio.obj (.text:GPIOPinTypeGPIOOutput)
                  00003830    00000018     rtsv7M4_T_le_v4SPD16_eabi.lib : ll_mul_t2.asm.obj (.text)
                  00003848    00000018                                   : strrchr.c.obj (.text:strrchr)
                  00003860    00000016                                   : strchr.c.obj (.text:strchr)
                  00003876    00000014     driverlib.lib : uart.obj (.text:UARTEnable)
                  0000388a    00000014     rtsv7M4_T_le_v4SPD16_eabi.lib : s_copysign.c.obj (.text:copysign)
                  0000389e    00000014                                   : strcpy.c.obj (.text:strcpy)
                  000038b2    00000014                                   : strlen.c.obj (.text:strlen)
                  000038c6    00000012     driverlib.lib : gpio.obj (.text:GPIOPinTypeCAN)
                  000038d8    00000012                   : gpio.obj (.text:GPIOPinTypeUART)
                  000038ea    00000012     rtsv7M4_T_le_v4SPD16_eabi.lib : sscanf.c.obj (.text:_inpchar)
                  000038fc    00000010     driverlib.lib : interrupt.obj (.text:IntMasterDisable)
                  0000390c    00000010                   : interrupt.obj (.text:IntMasterEnable)
                  0000391c    0000000e                   : uart.obj (.text:UARTCharGetNonBlocking)
                  0000392a    0000000e                   : uart.obj (.text:UARTCharsAvail)
                  00003938    0000000e     rtsv7M4_T_le_v4SPD16_eabi.lib : copy_decompress_none.c.obj (.text:decompress:none:__TI_decompress_none)
                  00003946    0000000c     driverlib.lib : cpu.obj (.text:CPUcpsid)
                  00003952    0000000c                   : cpu.obj (.text:CPUcpsie)
                  0000395e    0000000c     rtsv7M4_T_le_v4SPD16_eabi.lib : copy_zero_init.c.obj (.text:decompress:ZI:__TI_zero_init)
                  0000396a    0000000c     tm4c1231h6pm_startup_ccs.obj (.text)
                  00003976    0000000a     driverlib.lib : can.obj (.text:CANEnable)
                  00003980    0000000a                   : uart.obj (.text:UARTCharGet)
                  0000398a    0000000a                   : uart.obj (.text:UARTCharPut)
                  00003994    00000008                   : can.obj (.text:CANIntEnable)
                  0000399c    00000008     rtsv7M4_T_le_v4SPD16_eabi.lib : errno.c.obj (.text:__aeabi_errno_addr)
                  000039a4    00000008                                   : sscanf.c.obj (.text:_uninpchar)
                  000039ac    00000006     driverlib.lib : gpio.obj (.text:GPIOPinWrite)
                  000039b2    00000006                   : sysctl.obj (.text:SysCtlDelay)
                  000039b8    00000006                   : uart.obj (.text:UARTClockSourceSet)
                  000039be    00000004     rtsv7M4_T_le_v4SPD16_eabi.lib : pre_init.c.obj (.text:_system_pre_init)
                  000039c2    00000004                                   : exit.c.obj (.text:abort:abort)

.const     0    000039c8    00000398     
                  000039c8    00000101     rtsv7M4_T_le_v4SPD16_eabi.lib : ctype.c.obj (.const:.string:_ctypes_)
                  00003ac9    00000003     --HOLE-- [fill = 0]
                  00003acc    00000004     uartstdio.obj (.const)
                  00003ad0    000000c8     rtsv7M4_T_le_v4SPD16_eabi.lib : strtod.c.obj (.const:$O1$$)
                  00003b98    00000090     driverlib.lib : gpio.obj (.const:g_pui32GPIOBaseAddrs)
                  00003c28    00000070                   : interrupt.obj (.const)
                  00003c98    0000006c                   : sysctl.obj (.const:g_pui32Xtals)
                  00003d04    00000020                   : can.obj (.const)
                  00003d24    00000012     uartstdio.obj (.const:.string)
                  00003d36    00000002     --HOLE-- [fill = 0]
                  00003d38    00000010     rtsv7M4_T_le_v4SPD16_eabi.lib : _scanfi.c.obj (.const:$O1$$)
                  00003d48    0000000c     uartstdio.obj (.const:g_ui32UARTBase)
                  00003d54    0000000c     uartstdio.obj (.const:g_ui32UARTPeriph)

.cinit     0    00003d60    00000040     
                  00003d60    0000000c     (__TI_handler_table)
                  00003d6c    00000004     --HOLE-- [fill = 0]
                  00003d70    00000008     (.cinit..bss.load) [load image, compression = zero_init]
                  00003d78    00000008     (.cinit..vtable.load) [load image, compression = zero_init]
                  00003d80    00000007     (.cinit..data.load) [load image, compression = lzss]
                  00003d87    00000001     --HOLE-- [fill = 0]
                  00003d88    00000018     (__TI_cinit_table)

.init_array 
*          0    00000000    00000000     UNINITIALIZED

.vtable    0    20000000    0000026c     UNINITIALIZED
                  20000000    0000026c     driverlib.lib : interrupt.obj (.vtable)

.bss       0    2000026c    00005ec0     UNINITIALIZED
                  2000026c    00005dc0     (.common:pos_vel_data)
                  2000602c    000000c8     (.common:buffer)
                  200060f4    00000014     (.common:sCANMessage1)
                  20006108    00000014     (.common:sCANMessage2)
                  2000611c    00000008     (.common:pui8Msg2Data)
                  20006124    00000004     (.common:pui8Msg1Data)
                  20006128    00000004     (.common:ui32Msg1Data)

.data      0    20006330    0000000c     UNINITIALIZED
                  20006330    00000005     uartstdio.obj (.data)
                  20006335    00000002     main.obj (.data)
                  20006337    00000001     --HOLE--
                  20006338    00000004     rtsv7M4_T_le_v4SPD16_eabi.lib : errno.c.obj (.data)

.stack     0    20006130    00000200     UNINITIALIZED
                  20006130    00000004     rtsv7M4_T_le_v4SPD16_eabi.lib : boot_cortex_m.c.obj (.stack)
                  20006134    000001fc     --HOLE--

MODULE SUMMARY

       Module                         code    ro data   rw data
       ------                         ----    -------   -------
    .\
       main.obj                       2064    0         24258  
       uartstdio.obj                  1180    46        5      
       tm4c1231h6pm_startup_ccs.obj   12      620       0      
       TBCUART.obj                    200     0         0      
       TBCMainController.obj          64      0         0      
    +--+------------------------------+-------+---------+---------+
       Total:                         3520    666       24263  
                                                               
    C:/ti/tivaware_c_series_2_1_4_178/driverlib/ccs/Debug/driverlib.lib
       can.obj                        1088    32        0      
       interrupt.obj                  188     112       620    
       sysctl.obj                     686     108       0      
       gpio.obj                       486     144       0      
       uart.obj                       176     0         0      
       cpu.obj                        24      0         0      
    +--+------------------------------+-------+---------+---------+
       Total:                         2648    396       620    
                                                               
    C:\ti\ccsv8\tools\compiler\ti-cgt-arm_18.1.4.LTS\lib\rtsv7M4_T_le_v4SPD16_eabi.lib
       _scanfi.c.obj                  2800    16        0      
       strtod.c.obj                   1120    200       0      
       strtoll.c.obj                  476     0         0      
       fd_add_t2.asm.obj              438     0         0      
       strtoull.c.obj                 348     0         0      
       fd_div_t2.asm.obj              310     0         0      
       strtol.c.obj                   304     0         0      
       s_scalbn.c.obj                 272     0         0      
       strtoul.c.obj                  272     0         0      
       ctype.c.obj                    0       257       0      
       fd_mul_t2.asm.obj              252     0         0      
       sscanf.c.obj                   186     0         0      
       memcpy_t2.asm.obj              156     0         0      
       ull_div_t2.asm.obj             150     0         0      
       fd_cmp_t2.asm.obj              134     0         0      
       memset_t2.asm.obj              122     0         0      
       fd_tos_t2.asm.obj              110     0         0      
       copy_decompress_lzss.c.obj     104     0         0      
       atoi.c.obj                     76      0         0      
       autoinit.c.obj                 68      0         0      
       u_divt2.asm.obj                64      0         0      
       boot_cortex_m.c.obj            56      0         0      
       ll_mul_t2.asm.obj              24      0         0      
       strrchr.c.obj                  24      0         0      
       strchr.c.obj                   22      0         0      
       s_copysign.c.obj               20      0         0      
       strcpy.c.obj                   20      0         0      
       strlen.c.obj                   20      0         0      
       copy_decompress_none.c.obj     14      0         0      
       copy_zero_init.c.obj           12      0         0      
       errno.c.obj                    8       0         4      
       exit.c.obj                     4       0         0      
       pre_init.c.obj                 4       0         0      
       div0.asm.obj                   2       0         0      
    +--+------------------------------+-------+---------+---------+
       Total:                         7992    473       4      
                                                               
       Stack:                         0       0         512    
       Linker Generated:              0       59        0      
    +--+------------------------------+-------+---------+---------+
       Grand Total:                   14160   1594      25399  


LINKER GENERATED COPY TABLES

__TI_cinit_table @ 00003d88 records: 3, size/record: 8, table size: 24
	.bss: load addr=00003d70, load size=00000008 bytes, run addr=2000026c, run size=00005ec0 bytes, compression=zero_init
	.vtable: load addr=00003d78, load size=00000008 bytes, run addr=20000000, run size=0000026c bytes, compression=zero_init
	.data: load addr=00003d80, load size=00000007 bytes, run addr=20006330, run size=0000000c bytes, compression=lzss


LINKER GENERATED HANDLER TABLE

__TI_handler_table @ 00003d60 records: 3, size/record: 4, table size: 12
	index: 0, handler: __TI_zero_init
	index: 1, handler: __TI_decompress_lzss
	index: 2, handler: __TI_decompress_none


GLOBAL SYMBOLS: SORTED ALPHABETICALLY BY Name 

address   name                          
-------   ----                          
000039c3  C$$EXIT                       
000031c1  CANBitRateSet                 
00003977  CANEnable                     
000035a1  CANInit                       
0000379d  CANIntClear                   
00003995  CANIntEnable                  
00000d5d  CANIntHandler                 
00003801  CANIntRegister                
000037bf  CANIntStatus                  
00002b59  CANMessageGet                 
00002359  CANMessageSet                 
000034e1  CANStatusGet                  
00003947  CPUcpsid                      
00003953  CPUcpsie                      
00003725  GPIODirModeSet                
000025c5  GPIOPadConfigSet              
0000340d  GPIOPinConfigure              
000038c7  GPIOPinTypeCAN                
00003819  GPIOPinTypeGPIOOutput         
000038d9  GPIOPinTypeUART               
000039ad  GPIOPinWrite                  
0000322d  IntEnable                     
000038fd  IntMasterDisable              
0000390d  IntMasterEnable               
000036bd  IntRegister                   
20006335  M_RXFlag                      
0000396b  ResetISR                      
00002829  SysCtlClockGet                
00002d65  SysCtlClockSet                
000039b3  SysCtlDelay                   
000036f1  SysCtlPeripheralEnable        
000035dd  SysCtlPeripheralPresent       
00003615  SysCtlPeripheralReady         
00003557  TBC_LimitSwitchIntHandler     
00002e91  TBC_ReadUART                  
0000352d  TBC_initDebug                 
00003555  TBC_initLimitSwitch           
00003521  TBC_initMainBoard             
00003553  TBC_initSPI                   
00002e59  TBC_initUART1                 
00003981  UARTCharGet                   
0000391d  UARTCharGetNonBlocking        
0000398b  UARTCharPut                   
0000392b  UARTCharsAvail                
000039b9  UARTClockSourceSet            
00003455  UARTConfigSetExpClk           
000037e1  UARTDisable                   
00003877  UARTEnable                    
0000156d  UARTStdioConfig               
000016b3  UARTgetc                      
000015f9  UARTgets                      
000019d3  UARTprintf                    
000016d9  UARTvprintf                   
000015b3  UARTwrite                     
20006330  __STACK_END                   
00000200  __STACK_SIZE                  
20006330  __STACK_TOP                   
00003d88  __TI_CINIT_Base               
00003da0  __TI_CINIT_Limit              
00003d60  __TI_Handler_Table_Base       
00003d6c  __TI_Handler_Table_Limit      
0000349d  __TI_auto_init_nobinit_nopinit
000032fd  __TI_decompress_lzss          
00003939  __TI_decompress_none          
ffffffff  __TI_pprof_out_hndl           
ffffffff  __TI_prof_data_size           
ffffffff  __TI_prof_data_start          
0000026d  __TI_scanfi                   
00000000  __TI_static_base__            
0000395f  __TI_zero_init                
00003053  __aeabi_cdcmpeq               
00003053  __aeabi_cdcmple               
00003153  __aeabi_d2f                   
0000204f  __aeabi_dadd                  
0000248f  __aeabi_ddiv                  
00002c67  __aeabi_dmul                  
00002045  __aeabi_dsub                  
0000399d  __aeabi_errno_addr            
000021fb  __aeabi_idiv0                 
000021fb  __aeabi_ldiv0                 
00003831  __aeabi_lmul                  
000030d9  __aeabi_memclr                
000030d9  __aeabi_memclr4               
000030d9  __aeabi_memclr8               
00002f21  __aeabi_memcpy                
00002f21  __aeabi_memcpy4               
00002f21  __aeabi_memcpy8               
000030db  __aeabi_memset                
000030db  __aeabi_memset4               
000030db  __aeabi_memset8               
00003561  __aeabi_uidiv                 
00003561  __aeabi_uidivmod              
00002fbd  __aeabi_uldivmod              
ffffffff  __binit__                     
ffffffff  __c_args__                    
UNDEFED   __mpu_init                    
20006130  __stack                       
0000364d  _c_int00_noargs               
000039c8  _ctypes_                      
UNDEFED   _system_post_cinit            
000039bf  _system_pre_init              
000039c3  abort                         
000033c1  atoi                          
ffffffff  binit                         
2000602c  buffer                        
0000388b  copysign                      
0000388b  copysignl                     
20006338  errno                         
20006336  g_bErrFlag                    
20000000  g_pfnRAMVectors               
00000000  g_pfnVectors                  
00000f29  initCAN                       
00002939  ldexp                         
00002939  ldexpl                        
00000f9d  loadMoveData                  
00000db9  main                          
00002f21  memcpy                        
000030e1  memset                        
2000026c  pos_vel_data                  
20006124  pui8Msg1Data                  
2000611c  pui8Msg2Data                  
200060f4  sCANMessage1                  
20006108  sCANMessage2                  
00002939  scalbn                        
00002939  scalbnl                       
00001337  sendAllMotorsCommand          
0000113d  sendAllMotorsPos              
00003685  sscanf                        
00003861  strchr                        
0000389f  strcpy                        
000038b3  strlen                        
00003849  strrchr                       
00001a09  strtod                        
000026f9  strtol                        
00001a09  strtold                       
00001e69  strtoll                       
00002a49  strtoul                       
000021fd  strtoull                      
20006128  ui32Msg1Data                  


GLOBAL SYMBOLS: SORTED BY Symbol Address 

address   name                          
-------   ----                          
00000000  __TI_static_base__            
00000000  g_pfnVectors                  
00000200  __STACK_SIZE                  
0000026d  __TI_scanfi                   
00000d5d  CANIntHandler                 
00000db9  main                          
00000f29  initCAN                       
00000f9d  loadMoveData                  
0000113d  sendAllMotorsPos              
00001337  sendAllMotorsCommand          
0000156d  UARTStdioConfig               
000015b3  UARTwrite                     
000015f9  UARTgets                      
000016b3  UARTgetc                      
000016d9  UARTvprintf                   
000019d3  UARTprintf                    
00001a09  strtod                        
00001a09  strtold                       
00001e69  strtoll                       
00002045  __aeabi_dsub                  
0000204f  __aeabi_dadd                  
000021fb  __aeabi_idiv0                 
000021fb  __aeabi_ldiv0                 
000021fd  strtoull                      
00002359  CANMessageSet                 
0000248f  __aeabi_ddiv                  
000025c5  GPIOPadConfigSet              
000026f9  strtol                        
00002829  SysCtlClockGet                
00002939  ldexp                         
00002939  ldexpl                        
00002939  scalbn                        
00002939  scalbnl                       
00002a49  strtoul                       
00002b59  CANMessageGet                 
00002c67  __aeabi_dmul                  
00002d65  SysCtlClockSet                
00002e59  TBC_initUART1                 
00002e91  TBC_ReadUART                  
00002f21  __aeabi_memcpy                
00002f21  __aeabi_memcpy4               
00002f21  __aeabi_memcpy8               
00002f21  memcpy                        
00002fbd  __aeabi_uldivmod              
00003053  __aeabi_cdcmpeq               
00003053  __aeabi_cdcmple               
000030d9  __aeabi_memclr                
000030d9  __aeabi_memclr4               
000030d9  __aeabi_memclr8               
000030db  __aeabi_memset                
000030db  __aeabi_memset4               
000030db  __aeabi_memset8               
000030e1  memset                        
00003153  __aeabi_d2f                   
000031c1  CANBitRateSet                 
0000322d  IntEnable                     
000032fd  __TI_decompress_lzss          
000033c1  atoi                          
0000340d  GPIOPinConfigure              
00003455  UARTConfigSetExpClk           
0000349d  __TI_auto_init_nobinit_nopinit
000034e1  CANStatusGet                  
00003521  TBC_initMainBoard             
0000352d  TBC_initDebug                 
00003553  TBC_initSPI                   
00003555  TBC_initLimitSwitch           
00003557  TBC_LimitSwitchIntHandler     
00003561  __aeabi_uidiv                 
00003561  __aeabi_uidivmod              
000035a1  CANInit                       
000035dd  SysCtlPeripheralPresent       
00003615  SysCtlPeripheralReady         
0000364d  _c_int00_noargs               
00003685  sscanf                        
000036bd  IntRegister                   
000036f1  SysCtlPeripheralEnable        
00003725  GPIODirModeSet                
0000379d  CANIntClear                   
000037bf  CANIntStatus                  
000037e1  UARTDisable                   
00003801  CANIntRegister                
00003819  GPIOPinTypeGPIOOutput         
00003831  __aeabi_lmul                  
00003849  strrchr                       
00003861  strchr                        
00003877  UARTEnable                    
0000388b  copysign                      
0000388b  copysignl                     
0000389f  strcpy                        
000038b3  strlen                        
000038c7  GPIOPinTypeCAN                
000038d9  GPIOPinTypeUART               
000038fd  IntMasterDisable              
0000390d  IntMasterEnable               
0000391d  UARTCharGetNonBlocking        
0000392b  UARTCharsAvail                
00003939  __TI_decompress_none          
00003947  CPUcpsid                      
00003953  CPUcpsie                      
0000395f  __TI_zero_init                
0000396b  ResetISR                      
00003977  CANEnable                     
00003981  UARTCharGet                   
0000398b  UARTCharPut                   
00003995  CANIntEnable                  
0000399d  __aeabi_errno_addr            
000039ad  GPIOPinWrite                  
000039b3  SysCtlDelay                   
000039b9  UARTClockSourceSet            
000039bf  _system_pre_init              
000039c3  C$$EXIT                       
000039c3  abort                         
000039c8  _ctypes_                      
00003d60  __TI_Handler_Table_Base       
00003d6c  __TI_Handler_Table_Limit      
00003d88  __TI_CINIT_Base               
00003da0  __TI_CINIT_Limit              
20000000  g_pfnRAMVectors               
2000026c  pos_vel_data                  
2000602c  buffer                        
200060f4  sCANMessage1                  
20006108  sCANMessage2                  
2000611c  pui8Msg2Data                  
20006124  pui8Msg1Data                  
20006128  ui32Msg1Data                  
20006130  __stack                       
20006330  __STACK_END                   
20006330  __STACK_TOP                   
20006335  M_RXFlag                      
20006336  g_bErrFlag                    
20006338  errno                         
ffffffff  __TI_pprof_out_hndl           
ffffffff  __TI_prof_data_size           
ffffffff  __TI_prof_data_start          
ffffffff  __binit__                     
ffffffff  __c_args__                    
ffffffff  binit                         
UNDEFED   __mpu_init                    
UNDEFED   _system_post_cinit            

[139 symbols]
