******************************************************************************
                  TI ARM Linker PC v18.1.4                     
******************************************************************************
>> Linked Tue Jun 11 19:30:53 2019

OUTPUT FILE NAME:   <motorController0.out>
ENTRY POINT SYMBOL: "_c_int00_noargs"  address: 00001e25


MEMORY CONFIGURATION

         name            origin    length      used     unused   attr    fill
----------------------  --------  ---------  --------  --------  ----  --------
  FLASH                 00000000   00040000  0000262e  0003d9d2  R  X
  SRAM                  20000000   00008000  000004a8  00007b58  RW X


SEGMENT ALLOCATION MAP

run origin  load origin   length   init length attrs members
----------  ----------- ---------- ----------- ----- -------
00000000    00000000    00002630   00002630    r-x
  00000000    00000000    0000026c   0000026c    r-- .intvecs
  0000026c    0000026c    00001fbe   00001fbe    r-x .text
  0000222c    0000222c    000003c4   000003c4    r-- .const
  000025f0    000025f0    00000040   00000040    r-- .cinit
20000000    20000000    000004ac   00000000    rw-
  20000000    20000000    0000026c   00000000    rw- .vtable
  20000270    20000270    00000200   00000000    rw- .stack
  20000470    20000470    0000002c   00000000    rw- .data
  2000049c    2000049c    00000010   00000000    rw- .bss


SECTION ALLOCATION MAP

 output                                  attributes/
section   page    origin      length       input sections
--------  ----  ----------  ----------   ----------------
.intvecs   0    00000000    0000026c     
                  00000000    0000026c     tm4c123gh6pm_startup_ccs.obj (.intvecs)

.text      0    0000026c    00001fbe     
                  0000026c    0000077c     TBCMotorController.obj (.text)
                  000009e8    0000039c     main.obj (.text)
                  00000d84    000001b6     rtsv7M4_T_le_v4SPD16_eabi.lib : fd_add_t2.asm.obj (.text)
                  00000f3a    00000136     driverlib.lib : can.obj (.text:CANMessageSet)
                  00001070    00000136     rtsv7M4_T_le_v4SPD16_eabi.lib : fd_div_t2.asm.obj (.text)
                  000011a6    00000132     driverlib.lib : gpio.obj (.text:GPIOPadConfigSet)
                  000012d8    00000110                   : sysctl.obj (.text:SysCtlClockGet)
                  000013e8    0000010e                   : can.obj (.text:CANMessageGet)
                  000014f6    000000fc     rtsv7M4_T_le_v4SPD16_eabi.lib : fd_mul_t2.asm.obj (.text)
                  000015f2    00000002     --HOLE-- [fill = 0]
                  000015f4    000000f4     driverlib.lib : sysctl.obj (.text:SysCtlClockSet)
                  000016e8    000000c4                   : eeprom.obj (.text:EEPROMProgram)
                  000017ac    0000009c     rtsv7M4_T_le_v4SPD16_eabi.lib : memcpy_t2.asm.obj (.text)
                  00001848    0000006e                                   : fd_tos_t2.asm.obj (.text)
                  000018b6    00000002     --HOLE-- [fill = 0]
                  000018b8    0000006c     driverlib.lib : can.obj (.text:CANBitRateSet)
                  00001924    00000068                   : interrupt.obj (.text:IntEnable)
                  0000198c    00000068     rtsv7M4_T_le_v4SPD16_eabi.lib : copy_decompress_lzss.c.obj (.text:decompress:lzss:__TI_decompress_lzss)
                  000019f4    00000060     driverlib.lib : timer.obj (.text:TimerConfigure)
                  00001a54    0000005c                   : can.obj (.text:_CANIntNumberGet)
                  00001ab0    00000056                   : gpio.obj (.text:GPIOIntTypeSet)
                  00001b06    00000002     --HOLE-- [fill = 0]
                  00001b08    00000050                   : sysctl.obj (.text:SysCtlPeripheralReset)
                  00001b58    0000004c                   : timer.obj (.text:_TimerIntNumberGet)
                  00001ba4    00000048                   : gpio.obj (.text:GPIOPinConfigure)
                  00001bec    00000048     rtsv7M4_T_le_v4SPD16_eabi.lib : fd_toi_t2.asm.obj (.text)
                  00001c34    00000044     driverlib.lib : gpio.obj (.text:_GPIOIntNumberGet)
                  00001c78    00000044     rtsv7M4_T_le_v4SPD16_eabi.lib : autoinit.c.obj (.text:__TI_auto_init_nobinit_nopinit:__TI_auto_init_nobinit_nopinit)
                  00001cbc    00000040     driverlib.lib : can.obj (.text:CANStatusGet)
                  00001cfc    00000040                   : eeprom.obj (.text:EEPROMInit)
                  00001d3c    0000003c                   : eeprom.obj (.text:_EEPROMSectorMaskSet)
                  00001d78    0000003a                   : can.obj (.text:CANInit)
                  00001db2    00000002     --HOLE-- [fill = 0]
                  00001db4    00000038                   : eeprom.obj (.text:EEPROMRead)
                  00001dec    00000038                   : sysctl.obj (.text:SysCtlPeripheralReady)
                  00001e24    00000038     rtsv7M4_T_le_v4SPD16_eabi.lib : boot_cortex_m.c.obj (.text:_c_int00_noargs:_c_int00_noargs)
                  00001e5c    00000038                                   : fs_tod_t2.asm.obj (.text)
                  00001e94    00000034     driverlib.lib : interrupt.obj (.text:IntRegister)
                  00001ec8    00000034                   : sysctl.obj (.text:SysCtlPeripheralEnable)
                  00001efc    00000034                   : eeprom.obj (.text:_EEPROMSectorMaskClear)
                  00001f30    0000002a                   : gpio.obj (.text:GPIODirModeSet)
                  00001f5a    0000002a                   : can.obj (.text:_CANDataRegRead)
                  00001f84    00000024                   : can.obj (.text:_CANDataRegWrite)
                  00001fa8    00000022                   : can.obj (.text:CANIntClear)
                  00001fca    00000022                   : pwm.obj (.text:PWMGenConfigure)
                  00001fec    00000020                   : can.obj (.text:CANIntStatus)
                  0000200c    0000001e                   : pwm.obj (.text:PWMPulseWidthSet)
                  0000202a    00000018                   : can.obj (.text:CANIntRegister)
                  00002042    00000018                   : gpio.obj (.text:GPIOIntRegister)
                  0000205a    00000018                   : gpio.obj (.text:GPIOPinTypeGPIOOutput)
                  00002072    00000018                   : timer.obj (.text:TimerIntRegister)
                  0000208a    00000002     --HOLE-- [fill = 0]
                  0000208c    00000014                   : sysctl.obj (.text:SysCtlPWMClockSet)
                  000020a0    00000012                   : gpio.obj (.text:GPIOPinTypeCAN)
                  000020b2    00000012                   : gpio.obj (.text:GPIOPinTypeGPIOInput)
                  000020c4    00000012                   : gpio.obj (.text:GPIOPinTypePWM)
                  000020d6    00000012                   : gpio.obj (.text:GPIOPinTypeQEI)
                  000020e8    00000012                   : pwm.obj (.text:PWMOutputState)
                  000020fa    00000012                   : timer.obj (.text:TimerLoadSet)
                  0000210c    00000012     rtsv7M4_T_le_v4SPD16_eabi.lib : copy_zero_init.c.obj (.text:decompress:ZI:__TI_zero_init_nomemset:__TI_zero_init_nomemset)
                  0000211e    00000010     driverlib.lib : interrupt.obj (.text:IntMasterDisable)
                  0000212e    00000010                   : interrupt.obj (.text:IntMasterEnable)
                  0000213e    00000010                   : pwm.obj (.text:PWMGenPeriodSet)
                  0000214e    00000002     --HOLE-- [fill = 0]
                  00002150    00000010                   : eeprom.obj (.text:_EEPROMWaitForDone)
                  00002160    0000000e                   : qei.obj (.text:QEIConfigure)
                  0000216e    0000000e                   : timer.obj (.text:TimerEnable)
                  0000217c    0000000e     rtsv7M4_T_le_v4SPD16_eabi.lib : copy_decompress_none.c.obj (.text:decompress:none:__TI_decompress_none)
                  0000218a    0000000c     driverlib.lib : cpu.obj (.text:CPUcpsid)
                  00002196    0000000c                   : cpu.obj (.text:CPUcpsie)
                  000021a2    0000000c                   : gpio.obj (.text:GPIOIntEnable)
                  000021ae    0000000c                   : pwm.obj (.text:PWMGenEnable)
                  000021ba    0000000c     tm4c123gh6pm_startup_ccs.obj (.text)
                  000021c6    0000000a     driverlib.lib : can.obj (.text:CANEnable)
                  000021d0    0000000a                   : qei.obj (.text:QEIDisable)
                  000021da    0000000a                   : qei.obj (.text:QEIEnable)
                  000021e4    0000000a                   : qei.obj (.text:QEIIntDisable)
                  000021ee    00000008                   : can.obj (.text:CANIntEnable)
                  000021f6    00000008                   : timer.obj (.text:TimerIntEnable)
                  000021fe    00000006                   : gpio.obj (.text:GPIOIntClear)
                  00002204    00000006                   : gpio.obj (.text:GPIOPinRead)
                  0000220a    00000006                   : gpio.obj (.text:GPIOPinWrite)
                  00002210    00000006                   : sysctl.obj (.text:SysCtlDelay)
                  00002216    00000004                   : qei.obj (.text:QEIPositionGet)
                  0000221a    00000004                   : qei.obj (.text:QEIPositionSet)
                  0000221e    00000004                   : timer.obj (.text:TimerIntClear)
                  00002222    00000004     rtsv7M4_T_le_v4SPD16_eabi.lib : pre_init.c.obj (.text:_system_pre_init)
                  00002226    00000004                                   : exit.c.obj (.text:abort:abort)

.const     0    0000222c    000003c4     
                  0000222c    000000d8     driverlib.lib : gpio.obj (.const:g_ppui32GPIOIntMapSnowflake)
                  00002304    000000c0                   : gpio.obj (.const:g_ppui32GPIOIntMapBlizzard)
                  000023c4    00000090                   : gpio.obj (.const:g_pui32GPIOBaseAddrs)
                  00002454    00000070                   : interrupt.obj (.const)
                  000024c4    0000006c                   : sysctl.obj (.const:g_pui32Xtals)
                  00002530    00000060                   : timer.obj (.const:g_ppui32TimerIntMap)
                  00002590    00000040                   : timer.obj (.const:g_ppui32TimerIntMapSnowflake)
                  000025d0    00000020                   : can.obj (.const)

.cinit     0    000025f0    00000040     
                  000025f0    0000000c     (__TI_handler_table)
                  000025fc    00000004     --HOLE-- [fill = 0]
                  00002600    00000008     (.cinit..bss.load) [load image, compression = zero_init]
                  00002608    00000008     (.cinit..data.load) [load image, compression = lzss]
                  00002610    00000008     (.cinit..vtable.load) [load image, compression = zero_init]
                  00002618    00000018     (__TI_cinit_table)

.init_array 
*          0    00000000    00000000     UNINITIALIZED

.vtable    0    20000000    0000026c     UNINITIALIZED
                  20000000    0000026c     driverlib.lib : interrupt.obj (.vtable)

.data      0    20000470    0000002c     UNINITIALIZED
                  20000470    00000024     TBCMotorController.obj (.data)
                  20000494    00000008     main.obj (.data)

.bss       0    2000049c    00000010     UNINITIALIZED
                  2000049c    00000008     (.common:e2prom_read_val)
                  200004a4    00000008     (.common:e2prom_write_val)

.stack     0    20000270    00000200     UNINITIALIZED
                  20000270    00000004     rtsv7M4_T_le_v4SPD16_eabi.lib : boot_cortex_m.c.obj (.stack)
                  20000274    000001fc     --HOLE--

MODULE SUMMARY

       Module                         code   ro data   rw data
       ------                         ----   -------   -------
    .\
       TBCMotorController.obj         1916   0         52     
       main.obj                       924    0         8      
       tm4c123gh6pm_startup_ccs.obj   12     620       0      
    +--+------------------------------+------+---------+---------+
       Total:                         2852   620       60     
                                                              
    C:/ti/tivaware_c_series_2_1_4_178/driverlib/ccs/Debug/driverlib.lib
       gpio.obj                       724    552       0      
       can.obj                        1088   32        0      
       interrupt.obj                  188    112       620    
       sysctl.obj                     730    108       0      
       eeprom.obj                     444    0         0      
       timer.obj                      240    160       0      
       pwm.obj                        110    0         0      
       qei.obj                        52     0         0      
       cpu.obj                        24     0         0      
    +--+------------------------------+------+---------+---------+
       Total:                         3600   964       620    
                                                              
    C:\ti\ccsv8\tools\compiler\ti-cgt-arm_18.1.4.LTS\lib\rtsv7M4_T_le_v4SPD16_eabi.lib
       fd_add_t2.asm.obj              438    0         0      
       fd_div_t2.asm.obj              310    0         0      
       fd_mul_t2.asm.obj              252    0         0      
       memcpy_t2.asm.obj              156    0         0      
       fd_tos_t2.asm.obj              110    0         0      
       copy_decompress_lzss.c.obj     104    0         0      
       fd_toi_t2.asm.obj              72     0         0      
       autoinit.c.obj                 68     0         0      
       boot_cortex_m.c.obj            56     0         0      
       fs_tod_t2.asm.obj              56     0         0      
       copy_zero_init.c.obj           18     0         0      
       copy_decompress_none.c.obj     14     0         0      
       exit.c.obj                     4      0         0      
       pre_init.c.obj                 4      0         0      
    +--+------------------------------+------+---------+---------+
       Total:                         1662   0         0      
                                                              
       Stack:                         0      0         512    
       Linker Generated:              0      60        0      
    +--+------------------------------+------+---------+---------+
       Grand Total:                   8114   1644      1192   


LINKER GENERATED COPY TABLES

__TI_cinit_table @ 00002618 records: 3, size/record: 8, table size: 24
	.bss: load addr=00002600, load size=00000008 bytes, run addr=2000049c, run size=00000010 bytes, compression=zero_init
	.data: load addr=00002608, load size=00000008 bytes, run addr=20000470, run size=0000002c bytes, compression=lzss
	.vtable: load addr=00002610, load size=00000008 bytes, run addr=20000000, run size=0000026c bytes, compression=zero_init


LINKER GENERATED HANDLER TABLE

__TI_handler_table @ 000025f0 records: 3, size/record: 4, table size: 12
	index: 0, handler: __TI_zero_init
	index: 1, handler: __TI_decompress_lzss
	index: 2, handler: __TI_decompress_none


GLOBAL SYMBOLS: SORTED ALPHABETICALLY BY Name 

address   name                          
-------   ----                          
00002227  C$$EXIT                       
000018b9  CANBitRateSet                 
000021c7  CANEnable                     
00001d79  CANInit                       
00001fa9  CANIntClear                   
000021ef  CANIntEnable                  
000009e9  CANIntHandler                 
0000202b  CANIntRegister                
00001fed  CANIntStatus                  
000013e9  CANMessageGet                 
00000f3b  CANMessageSet                 
00001cbd  CANStatusGet                  
0000218b  CPUcpsid                      
00002197  CPUcpsie                      
00001cfd  EEPROMInit                    
000016e9  EEPROMProgram                 
00001db5  EEPROMRead                    
20000499  ErrFlag                       
00001f31  GPIODirModeSet                
000021ff  GPIOIntClear                  
000021a3  GPIOIntEnable                 
00002043  GPIOIntRegister               
00001ab1  GPIOIntTypeSet                
000011a7  GPIOPadConfigSet              
00001ba5  GPIOPinConfigure              
00002205  GPIOPinRead                   
000020a1  GPIOPinTypeCAN                
000020b3  GPIOPinTypeGPIOInput          
0000205b  GPIOPinTypeGPIOOutput         
000020c5  GPIOPinTypePWM                
000020d7  GPIOPinTypeQEI                
0000220b  GPIOPinWrite                  
00001925  IntEnable                     
0000211f  IntMasterDisable              
0000212f  IntMasterEnable               
00001e95  IntRegister                   
2000048c  KI                            
20000488  KP                            
00000789  LimitSwitchHandler            
0000058d  MotorUpdateHandler            
00001fcb  PWMGenConfigure               
000021af  PWMGenEnable                  
0000213f  PWMGenPeriodSet               
000020e9  PWMOutputState                
0000200d  PWMPulseWidthSet              
00002161  QEIConfigure                  
000021d1  QEIDisable                    
000021db  QEIEnable                     
000021e5  QEIIntDisable                 
00002217  QEIPositionGet                
0000221b  QEIPositionSet                
00000511  QEIPositionTimerHandler       
20000498  RXFlag                        
000021bb  ResetISR                      
000012d9  SysCtlClockGet                
000015f5  SysCtlClockSet                
00002211  SysCtlDelay                   
0000208d  SysCtlPWMClockSet             
00001ec9  SysCtlPeripheralEnable        
00001ded  SysCtlPeripheralReady         
00001b09  SysCtlPeripheralReset         
000004f3  TBC_initEEPROM                
000002e1  TBC_initLimitSwitch           
0000026d  TBC_initMotorBoard            
00000391  TBC_initQEI                   
0000043b  TBC_initStepper               
00000317  TBC_initTimers                
000019f5  TimerConfigure                
0000216f  TimerEnable                   
0000221f  TimerIntClear                 
000021f7  TimerIntEnable                
00002073  TimerIntRegister              
000020fb  TimerLoadSet                  
20000470  __STACK_END                   
00000200  __STACK_SIZE                  
20000470  __STACK_TOP                   
00002618  __TI_CINIT_Base               
00002630  __TI_CINIT_Limit              
000025f0  __TI_Handler_Table_Base       
000025fc  __TI_Handler_Table_Limit      
00001c79  __TI_auto_init_nobinit_nopinit
0000198d  __TI_decompress_lzss          
0000217d  __TI_decompress_none          
ffffffff  __TI_pprof_out_hndl           
ffffffff  __TI_prof_data_size           
ffffffff  __TI_prof_data_start          
00000000  __TI_static_base__            
0000210d  __TI_zero_init_nomemset       
00001849  __aeabi_d2f                   
00001bed  __aeabi_d2iz                  
00000d8f  __aeabi_dadd                  
00001071  __aeabi_ddiv                  
000014f7  __aeabi_dmul                  
00000d85  __aeabi_dsub                  
00001e5d  __aeabi_f2d                   
000017ad  __aeabi_memcpy                
000017ad  __aeabi_memcpy4               
000017ad  __aeabi_memcpy8               
ffffffff  __binit__                     
ffffffff  __c_args__                    
UNDEFED   __mpu_init                    
20000270  __stack                       
00001e25  _c_int00_noargs               
UNDEFED   _system_post_cinit            
00002223  _system_pre_init              
00002227  abort                         
ffffffff  binit                         
20000478  desired_pos                   
2000047c  desired_vel                   
2000049c  e2prom_read_val               
200004a4  e2prom_write_val              
20000000  g_pfnRAMVectors               
00000000  g_pfnVectors                  
00000921  getPosition                   
000007c9  home                          
2000049a  homed                         
00000ce5  initCAN                       
20000470  limit                         
00000a45  main                          
000017ad  memcpy                        
20000474  position                      
00000989  readEEPROMPI                  
000008cd  setDesiredPosition            
00000909  setDesiredVelocity            
20000494  state                         
20000484  stepCount                     
2000049b  stopped                       
20000480  ticks                         
00000959  writePI2EEPROM                


GLOBAL SYMBOLS: SORTED BY Symbol Address 

address   name                          
-------   ----                          
00000000  __TI_static_base__            
00000000  g_pfnVectors                  
00000200  __STACK_SIZE                  
0000026d  TBC_initMotorBoard            
000002e1  TBC_initLimitSwitch           
00000317  TBC_initTimers                
00000391  TBC_initQEI                   
0000043b  TBC_initStepper               
000004f3  TBC_initEEPROM                
00000511  QEIPositionTimerHandler       
0000058d  MotorUpdateHandler            
00000789  LimitSwitchHandler            
000007c9  home                          
000008cd  setDesiredPosition            
00000909  setDesiredVelocity            
00000921  getPosition                   
00000959  writePI2EEPROM                
00000989  readEEPROMPI                  
000009e9  CANIntHandler                 
00000a45  main                          
00000ce5  initCAN                       
00000d85  __aeabi_dsub                  
00000d8f  __aeabi_dadd                  
00000f3b  CANMessageSet                 
00001071  __aeabi_ddiv                  
000011a7  GPIOPadConfigSet              
000012d9  SysCtlClockGet                
000013e9  CANMessageGet                 
000014f7  __aeabi_dmul                  
000015f5  SysCtlClockSet                
000016e9  EEPROMProgram                 
000017ad  __aeabi_memcpy                
000017ad  __aeabi_memcpy4               
000017ad  __aeabi_memcpy8               
000017ad  memcpy                        
00001849  __aeabi_d2f                   
000018b9  CANBitRateSet                 
00001925  IntEnable                     
0000198d  __TI_decompress_lzss          
000019f5  TimerConfigure                
00001ab1  GPIOIntTypeSet                
00001b09  SysCtlPeripheralReset         
00001ba5  GPIOPinConfigure              
00001bed  __aeabi_d2iz                  
00001c79  __TI_auto_init_nobinit_nopinit
00001cbd  CANStatusGet                  
00001cfd  EEPROMInit                    
00001d79  CANInit                       
00001db5  EEPROMRead                    
00001ded  SysCtlPeripheralReady         
00001e25  _c_int00_noargs               
00001e5d  __aeabi_f2d                   
00001e95  IntRegister                   
00001ec9  SysCtlPeripheralEnable        
00001f31  GPIODirModeSet                
00001fa9  CANIntClear                   
00001fcb  PWMGenConfigure               
00001fed  CANIntStatus                  
0000200d  PWMPulseWidthSet              
0000202b  CANIntRegister                
00002043  GPIOIntRegister               
0000205b  GPIOPinTypeGPIOOutput         
00002073  TimerIntRegister              
0000208d  SysCtlPWMClockSet             
000020a1  GPIOPinTypeCAN                
000020b3  GPIOPinTypeGPIOInput          
000020c5  GPIOPinTypePWM                
000020d7  GPIOPinTypeQEI                
000020e9  PWMOutputState                
000020fb  TimerLoadSet                  
0000210d  __TI_zero_init_nomemset       
0000211f  IntMasterDisable              
0000212f  IntMasterEnable               
0000213f  PWMGenPeriodSet               
00002161  QEIConfigure                  
0000216f  TimerEnable                   
0000217d  __TI_decompress_none          
0000218b  CPUcpsid                      
00002197  CPUcpsie                      
000021a3  GPIOIntEnable                 
000021af  PWMGenEnable                  
000021bb  ResetISR                      
000021c7  CANEnable                     
000021d1  QEIDisable                    
000021db  QEIEnable                     
000021e5  QEIIntDisable                 
000021ef  CANIntEnable                  
000021f7  TimerIntEnable                
000021ff  GPIOIntClear                  
00002205  GPIOPinRead                   
0000220b  GPIOPinWrite                  
00002211  SysCtlDelay                   
00002217  QEIPositionGet                
0000221b  QEIPositionSet                
0000221f  TimerIntClear                 
00002223  _system_pre_init              
00002227  C$$EXIT                       
00002227  abort                         
000025f0  __TI_Handler_Table_Base       
000025fc  __TI_Handler_Table_Limit      
00002618  __TI_CINIT_Base               
00002630  __TI_CINIT_Limit              
20000000  g_pfnRAMVectors               
20000270  __stack                       
20000470  __STACK_END                   
20000470  __STACK_TOP                   
20000470  limit                         
20000474  position                      
20000478  desired_pos                   
2000047c  desired_vel                   
20000480  ticks                         
20000484  stepCount                     
20000488  KP                            
2000048c  KI                            
20000494  state                         
20000498  RXFlag                        
20000499  ErrFlag                       
2000049a  homed                         
2000049b  stopped                       
2000049c  e2prom_read_val               
200004a4  e2prom_write_val              
ffffffff  __TI_pprof_out_hndl           
ffffffff  __TI_prof_data_size           
ffffffff  __TI_prof_data_start          
ffffffff  __binit__                     
ffffffff  __c_args__                    
ffffffff  binit                         
UNDEFED   __mpu_init                    
UNDEFED   _system_post_cinit            

[129 symbols]
